Archive member included to satisfy reference by file (symbol)

c:/program files (x86)/atollic/truestudio for stm32 9.3.0/armtools/bin/../lib/gcc/arm-atollic-eabi/6.3.1/../../../../arm-atollic-eabi/lib/armv6-m\libc_nano.a(lib_a-errno.o)
                              Src\syscalls.o (__errno)
c:/program files (x86)/atollic/truestudio for stm32 9.3.0/armtools/bin/../lib/gcc/arm-atollic-eabi/6.3.1/../../../../arm-atollic-eabi/lib/armv6-m\libc_nano.a(lib_a-impure.o)
                              c:/program files (x86)/atollic/truestudio for stm32 9.3.0/armtools/bin/../lib/gcc/arm-atollic-eabi/6.3.1/../../../../arm-atollic-eabi/lib/armv6-m\libc_nano.a(lib_a-errno.o) (_impure_ptr)
c:/program files (x86)/atollic/truestudio for stm32 9.3.0/armtools/bin/../lib/gcc/arm-atollic-eabi/6.3.1/../../../../arm-atollic-eabi/lib/armv6-m\libc_nano.a(lib_a-init.o)
                              startup\startup_stm32l073xx.o (__libc_init_array)
c:/program files (x86)/atollic/truestudio for stm32 9.3.0/armtools/bin/../lib/gcc/arm-atollic-eabi/6.3.1/../../../../arm-atollic-eabi/lib/armv6-m\libc_nano.a(lib_a-lcltime.o)
                              myDrivers\Src\rtc.o (localtime)
c:/program files (x86)/atollic/truestudio for stm32 9.3.0/armtools/bin/../lib/gcc/arm-atollic-eabi/6.3.1/../../../../arm-atollic-eabi/lib/armv6-m\libc_nano.a(lib_a-lcltime_r.o)
                              c:/program files (x86)/atollic/truestudio for stm32 9.3.0/armtools/bin/../lib/gcc/arm-atollic-eabi/6.3.1/../../../../arm-atollic-eabi/lib/armv6-m\libc_nano.a(lib_a-lcltime.o) (localtime_r)
c:/program files (x86)/atollic/truestudio for stm32 9.3.0/armtools/bin/../lib/gcc/arm-atollic-eabi/6.3.1/../../../../arm-atollic-eabi/lib/armv6-m\libc_nano.a(lib_a-malloc.o)
                              c:/program files (x86)/atollic/truestudio for stm32 9.3.0/armtools/bin/../lib/gcc/arm-atollic-eabi/6.3.1/../../../../arm-atollic-eabi/lib/armv6-m\libc_nano.a(lib_a-lcltime.o) (malloc)
c:/program files (x86)/atollic/truestudio for stm32 9.3.0/armtools/bin/../lib/gcc/arm-atollic-eabi/6.3.1/../../../../arm-atollic-eabi/lib/armv6-m\libc_nano.a(lib_a-memcpy-stub.o)
                              Src\main.o (memcpy)
c:/program files (x86)/atollic/truestudio for stm32 9.3.0/armtools/bin/../lib/gcc/arm-atollic-eabi/6.3.1/../../../../arm-atollic-eabi/lib/armv6-m\libc_nano.a(lib_a-memset.o)
                              Drivers\STM32L0xx_HAL_Driver\Src\stm32l0xx_hal_rcc.o (memset)
c:/program files (x86)/atollic/truestudio for stm32 9.3.0/armtools/bin/../lib/gcc/arm-atollic-eabi/6.3.1/../../../../arm-atollic-eabi/lib/armv6-m\libc_nano.a(lib_a-mktime.o)
                              myDrivers\Src\rtc.o (mktime)
c:/program files (x86)/atollic/truestudio for stm32 9.3.0/armtools/bin/../lib/gcc/arm-atollic-eabi/6.3.1/../../../../arm-atollic-eabi/lib/armv6-m\libc_nano.a(lib_a-month_lengths.o)
                              c:/program files (x86)/atollic/truestudio for stm32 9.3.0/armtools/bin/../lib/gcc/arm-atollic-eabi/6.3.1/../../../../arm-atollic-eabi/lib/armv6-m\libc_nano.a(lib_a-lcltime_r.o) (__month_lengths)
c:/program files (x86)/atollic/truestudio for stm32 9.3.0/armtools/bin/../lib/gcc/arm-atollic-eabi/6.3.1/../../../../arm-atollic-eabi/lib/armv6-m\libc_nano.a(lib_a-nano-freer.o)
                              c:/program files (x86)/atollic/truestudio for stm32 9.3.0/armtools/bin/../lib/gcc/arm-atollic-eabi/6.3.1/../../../../arm-atollic-eabi/lib/armv6-m\libc_nano.a(lib_a-malloc.o) (_free_r)
c:/program files (x86)/atollic/truestudio for stm32 9.3.0/armtools/bin/../lib/gcc/arm-atollic-eabi/6.3.1/../../../../arm-atollic-eabi/lib/armv6-m\libc_nano.a(lib_a-nano-mallocr.o)
                              c:/program files (x86)/atollic/truestudio for stm32 9.3.0/armtools/bin/../lib/gcc/arm-atollic-eabi/6.3.1/../../../../arm-atollic-eabi/lib/armv6-m\libc_nano.a(lib_a-malloc.o) (_malloc_r)
c:/program files (x86)/atollic/truestudio for stm32 9.3.0/armtools/bin/../lib/gcc/arm-atollic-eabi/6.3.1/../../../../arm-atollic-eabi/lib/armv6-m\libc_nano.a(lib_a-sbrkr.o)
                              c:/program files (x86)/atollic/truestudio for stm32 9.3.0/armtools/bin/../lib/gcc/arm-atollic-eabi/6.3.1/../../../../arm-atollic-eabi/lib/armv6-m\libc_nano.a(lib_a-nano-mallocr.o) (_sbrk_r)
c:/program files (x86)/atollic/truestudio for stm32 9.3.0/armtools/bin/../lib/gcc/arm-atollic-eabi/6.3.1/../../../../arm-atollic-eabi/lib/armv6-m\libc_nano.a(lib_a-sprintf.o)
                              Src\main.o (sprintf)
c:/program files (x86)/atollic/truestudio for stm32 9.3.0/armtools/bin/../lib/gcc/arm-atollic-eabi/6.3.1/../../../../arm-atollic-eabi/lib/armv6-m\libc_nano.a(lib_a-strlen.o)
                              myDrivers\Src\glassLCD.o (strlen)
c:/program files (x86)/atollic/truestudio for stm32 9.3.0/armtools/bin/../lib/gcc/arm-atollic-eabi/6.3.1/../../../../arm-atollic-eabi/lib/armv6-m\libc_nano.a(lib_a-tzcalc_limits.o)
[...]
Memory Configuration

Name             Origin             Length             Attributes
RAM              0x20000000         0x00005000         xrw
FLASH            0x08000000         0x00030000         xr
*default*        0x00000000         0xffffffff

Linker script and memory map

LOAD c:/program files (x86)/atollic/truestudio for stm32 9.3.0/armtools/bin/../lib/gcc/arm-atollic-eabi/6.3.1/armv6-m/crti.o
LOAD c:/program files (x86)/atollic/truestudio for stm32 9.3.0/armtools/bin/../lib/gcc/arm-atollic-eabi/6.3.1/armv6-m/crtbegin.o
LOAD Drivers\STM32L0xx_HAL_Driver\Src\stm32l0xx_hal.o
LOAD Drivers\STM32L0xx_HAL_Driver\Src\stm32l0xx_hal_adc.o
LOAD Drivers\STM32L0xx_HAL_Driver\Src\stm32l0xx_hal_adc_ex.o
LOAD Drivers\STM32L0xx_HAL_Driver\Src\stm32l0xx_hal_cortex.o
LOAD Drivers\STM32L0xx_HAL_Driver\Src\stm32l0xx_hal_dma.o
LOAD Drivers\STM32L0xx_HAL_Driver\Src\stm32l0xx_hal_flash.o
LOAD Drivers\STM32L0xx_HAL_Driver\Src\stm32l0xx_hal_flash_ex.o
LOAD Drivers\STM32L0xx_HAL_Driver\Src\stm32l0xx_hal_flash_ramfunc.o
LOAD Drivers\STM32L0xx_HAL_Driver\Src\stm32l0xx_hal_gpio.o
LOAD Drivers\STM32L0xx_HAL_Driver\Src\stm32l0xx_hal_i2c.o
LOAD Drivers\STM32L0xx_HAL_Driver\Src\stm32l0xx_hal_i2c_ex.o
LOAD Drivers\STM32L0xx_HAL_Driver\Src\stm32l0xx_hal_pwr.o
LOAD Drivers\STM32L0xx_HAL_Driver\Src\stm32l0xx_hal_pwr_ex.o
LOAD Drivers\STM32L0xx_HAL_Driver\Src\stm32l0xx_hal_rcc.o
LOAD Drivers\STM32L0xx_HAL_Driver\Src\stm32l0xx_hal_rcc_ex.o
LOAD Drivers\STM32L0xx_HAL_Driver\Src\stm32l0xx_hal_rtc.o
LOAD Drivers\STM32L0xx_HAL_Driver\Src\stm32l0xx_hal_rtc_ex.o
LOAD Drivers\STM32L0xx_HAL_Driver\Src\stm32l0xx_hal_spi.o
LOAD Drivers\STM32L0xx_HAL_Driver\Src\stm32l0xx_hal_tim.o
LOAD Drivers\STM32L0xx_HAL_Driver\Src\stm32l0xx_hal_tim_ex.o
LOAD Drivers\STM32L0xx_HAL_Driver\Src\stm32l0xx_hal_uart.o
LOAD Drivers\STM32L0xx_HAL_Driver\Src\stm32l0xx_hal_uart_ex.o
LOAD Src\main.o
LOAD Src\stm32l0xx_hal_msp.o
LOAD Src\stm32l0xx_it.o
LOAD Src\syscalls.o
LOAD Src\system_stm32l0xx.o
LOAD myDrivers\Src\BMP180.o
LOAD myDrivers\Src\RF24.o
LOAD myDrivers\Src\SHT21.o
LOAD myDrivers\Src\Si1147.o
LOAD myDrivers\Src\communication.o
LOAD myDrivers\Src\glassLCD.o
LOAD myDrivers\Src\rtc.o
LOAD myDrivers\Src\sleep.o
LOAD startup\startup_stm32l073xx.o
                0x00000080                malloc_getpagesize_P = 0x80
START GROUP
LOAD c:/program files (x86)/atollic/truestudio for stm32 9.3.0/armtools/bin/../lib/gcc/arm-atollic-eabi/6.3.1/../../../../arm-atollic-eabi/lib/armv6-m\libc_nano.a
LOAD c:/program files (x86)/atollic/truestudio for stm32 9.3.0/armtools/bin/../lib/gcc/arm-atollic-eabi/6.3.1/../../../../arm-atollic-eabi/lib/armv6-m\libm.a
END GROUP
START GROUP
LOAD c:/program files (x86)/atollic/truestudio for stm32 9.3.0/armtools/bin/../lib/gcc/arm-atollic-eabi/6.3.1/armv6-m\libgcc.a
LOAD c:/program files (x86)/atollic/truestudio for stm32 9.3.0/armtools/bin/../lib/gcc/arm-atollic-eabi/6.3.1/../../../../arm-atollic-eabi/lib/armv6-m\libc_nano.a
END GROUP
START GROUP
LOAD c:/program files (x86)/atollic/truestudio for stm32 9.3.0/armtools/bin/../lib/gcc/arm-atollic-eabi/6.3.1/armv6-m\libgcc.a
LOAD c:/program files (x86)/atollic/truestudio for stm32 9.3.0/armtools/bin/../lib/gcc/arm-atollic-eabi/6.3.1/../../../../arm-atollic-eabi/lib/armv6-m\libc_nano.a
LOAD c:/program files (x86)/atollic/truestudio for stm32 9.3.0/armtools/bin/../lib/gcc/arm-atollic-eabi/6.3.1/../../../../arm-atollic-eabi/lib/armv6-m\libnosys.a
END GROUP
START GROUP
LOAD c:/program files (x86)/atollic/truestudio for stm32 9.3.0/armtools/bin/../lib/gcc/arm-atollic-eabi/6.3.1/armv6-m\libgcc.a
LOAD c:/program files (x86)/atollic/truestudio for stm32 9.3.0/armtools/bin/../lib/gcc/arm-atollic-eabi/6.3.1/../../../../arm-atollic-eabi/lib/armv6-m\libc_nano.a
LOAD c:/program files (x86)/atollic/truestudio for stm32 9.3.0/armtools/bin/../lib/gcc/arm-atollic-eabi/6.3.1/../../../../arm-atollic-eabi/lib/armv6-m\libnosys.a
END GROUP
LOAD c:/program files (x86)/atollic/truestudio for stm32 9.3.0/armtools/bin/../lib/gcc/arm-atollic-eabi/6.3.1/armv6-m/crtend.o
LOAD c:/program files (x86)/atollic/truestudio for stm32 9.3.0/armtools/bin/../lib/gcc/arm-atollic-eabi/6.3.1/armv6-m/crtn.o
                0x20005000                _estack = 0x20005000
                0x00000200                _Min_Heap_Size = 0x200
                0x00000400                _Min_Stack_Size = 0x400

.isr_vector     0x08000000       0xc0
                0x08000000                . = ALIGN (0x4)
 *(.isr_vector)
 .isr_vector    0x08000000       0xc0 startup\startup_stm32l073xx.o
                0x08000000                g_pfnVectors
                0x080000c0                . = ALIGN (0x4)

.text           0x080000c0     0xa1ec
                0x080000c0                . = ALIGN (0x4)
 *(.text)
 .text          0x080000c0       0x48 c:/program files (x86)/atollic/truestudio for stm32 9.3.0/armtools/bin/../lib/gcc/arm-atollic-eabi/6.3.1/armv6-m/crtbegin.o
 .text          0x08000108        0xe c:/program files (x86)/atollic/truestudio for stm32 9.3.0/armtools/bin/../lib/gcc/arm-atollic-eabi/6.3.1/../../../../arm-atollic-eabi/lib/armv6-m\libc_nano.a(lib_a-strlen.o)
                0x08000108                strlen
 .text          0x08000116       0x14 c:/program files (x86)/atollic/truestudio for stm32 9.3.0/armtools/bin/../lib/gcc/arm-atollic-eabi/6.3.1/../../../../arm-atollic-eabi/lib/armv6-m\libc_nano.a(lib_a-strcmp.o)
                0x08000116                strcmp
 *fill*         0x0800012a        0x2 
 .text          0x0800012c       0x14 c:/program files (x86)/atollic/truestudio for stm32 9.3.0/armtools/bin/../lib/gcc/arm-atollic-eabi/6.3.1/armv6-m\libgcc.a(_thumb1_case_uqi.o)
                0x0800012c                __gnu_thumb1_case_uqi
 .text          0x08000140       0x14 c:/program files (x86)/atollic/truestudio for stm32 9.3.0/armtools/bin/../lib/gcc/arm-atollic-eabi/6.3.1/armv6-m\libgcc.a(_thumb1_case_shi.o)
                0x08000140                __gnu_thumb1_case_shi
 .text          0x08000154      0x114 c:/program files (x86)/atollic/truestudio for stm32 9.3.0/armtools/bin/../lib/gcc/arm-atollic-eabi/6.3.1/armv6-m\libgcc.a(_udivsi3.o)
                0x08000154                __aeabi_uidiv
                0x08000154                __udivsi3
                0x08000260                __aeabi_uidivmod
 .text          0x08000268      0x1d4 c:/program files (x86)/atollic/truestudio for stm32 9.3.0/armtools/bin/../lib/gcc/arm-atollic-eabi/6.3.1/armv6-m\libgcc.a(_divsi3.o)
                0x08000268                __divsi3
                0x08000268                __aeabi_idiv
                0x08000434                __aeabi_idivmod
 .text          0x0800043c        0x4 c:/program files (x86)/atollic/truestudio for stm32 9.3.0/armtools/bin/../lib/gcc/arm-atollic-eabi/6.3.1/armv6-m\libgcc.a(_dvmd_tls.o)
                0x0800043c                __aeabi_idiv0
                0x0800043c                __aeabi_ldiv0
 .text          0x08000440       0x7c c:/program files (x86)/atollic/truestudio for stm32 9.3.0/armtools/bin/../lib/gcc/arm-atollic-eabi/6.3.1/armv6-m\libgcc.a(_arm_cmpdf2.o)
                0x08000440                __aeabi_cdrcmple
                0x08000450                __aeabi_cdcmple
                0x08000450                __aeabi_cdcmpeq
                0x08000460                __aeabi_dcmpeq
                0x0800046c                __aeabi_dcmplt
                0x08000480                __aeabi_dcmple
                0x08000494                __aeabi_dcmpgt
                0x080004a8                __aeabi_dcmpge
 .text          0x080004bc       0x40 c:/program files (x86)/atollic/truestudio for stm32 9.3.0/armtools/bin/../lib/gcc/arm-atollic-eabi/6.3.1/armv6-m\libgcc.a(_aeabi_uldivmod.o)
                0x080004bc                __aeabi_uldivmod
 .text          0x080004fc       0x30 c:/program files (x86)/atollic/truestudio for stm32 9.3.0/armtools/bin/../lib/gcc/arm-atollic-eabi/6.3.1/armv6-m\libgcc.a(_fixunssfsi.o)
                0x080004fc                __fixunssfsi
                0x080004fc                __aeabi_f2uiz
 .text          0x0800052c       0x3c c:/program files (x86)/atollic/truestudio for stm32 9.3.0/armtools/bin/../lib/gcc/arm-atollic-eabi/6.3.1/armv6-m\libgcc.a(_fixunsdfsi.o)
                0x0800052c                __aeabi_d2uiz
                0x0800052c                __fixunsdfsi
 .text          0x08000568      0x180 c:/program files (x86)/atollic/truestudio for stm32 9.3.0/armtools/bin/../lib/gcc/arm-atollic-eabi/6.3.1/armv6-m\libgcc.a(_udivmoddi4.o)
                0x08000568                __udivmoddi4
 .text          0x080006e8      0x324 c:/program files (x86)/atollic/truestudio for stm32 9.3.0/armtools/bin/../lib/gcc/arm-atollic-eabi/6.3.1/armv6-m\libgcc.a(addsf3.o)
                0x080006e8                __aeabi_fadd
 .text          0x08000a0c      0x240 c:/program files (x86)/atollic/truestudio for stm32 9.3.0/armtools/bin/../lib/gcc/arm-atollic-eabi/6.3.1/armv6-m\libgcc.a(mulsf3.o)
                0x08000a0c                __aeabi_fmul
 .text          0x08000c4c      0x338 c:/program files (x86)/atollic/truestudio for stm32 9.3.0/armtools/bin/../lib/gcc/arm-atollic-eabi/6.3.1/armv6-m\libgcc.a(subsf3.o)
                0x08000c4c                __aeabi_fsub
 .text          0x08000f84       0x40 c:/program files (x86)/atollic/truestudio for stm32 9.3.0/armtools/bin/../lib/gcc/arm-atollic-eabi/6.3.1/armv6-m\libgcc.a(fixsfsi.o)
                0x08000f84                __aeabi_f2iz
 .text          0x08000fc4       0x8c c:/program files (x86)/atollic/truestudio for stm32 9.3.0/armtools/bin/../lib/gcc/arm-atollic-eabi/6.3.1/armv6-m\libgcc.a(floatunsisf.o)
                0x08000fc4                __aeabi_ui2f
 .text          0x08001050      0x620 c:/program files (x86)/atollic/truestudio for stm32 9.3.0/armtools/bin/../lib/gcc/arm-atollic-eabi/6.3.1/armv6-m\libgcc.a(adddf3.o)
                0x08001050                __aeabi_dadd
 .text          0x08001670      0x668 c:/program files (x86)/atollic/truestudio for stm32 9.3.0/armtools/bin/../lib/gcc/arm-atollic-eabi/6.3.1/armv6-m\libgcc.a(divdf3.o)
                0x08001670                __aeabi_ddiv
 .text          0x08001cd8       0x74 c:/program files (x86)/atollic/truestudio for stm32 9.3.0/armtools/bin/../lib/gcc/arm-atollic-eabi/6.3.1/armv6-m\libgcc.a(eqdf2.o)
                0x08001cd8                __nedf2
                0x08001cd8                __eqdf2
 .text          0x08001d4c       0xc8 c:/program files (x86)/atollic/truestudio for stm32 9.3.0/armtools/bin/../lib/gcc/arm-atollic-eabi/6.3.1/armv6-m\libgcc.a(gedf2.o)
                0x08001d4c                __gedf2
                0x08001d4c                __gtdf2
 .text          0x08001e14       0xc4 c:/program files (x86)/atollic/truestudio for stm32 9.3.0/armtools/bin/../lib/gcc/arm-atollic-eabi/6.3.1/armv6-m\libgcc.a(ledf2.o)
                0x08001e14                __ledf2
                0x08001e14                __ltdf2
 .text          0x08001ed8      0x500 c:/program files (x86)/atollic/truestudio for stm32 9.3.0/armtools/bin/../lib/gcc/arm-atollic-eabi/6.3.1/armv6-m\libgcc.a(muldf3.o)
                0x08001ed8                __aeabi_dmul
 .text          0x080023d8      0x62c c:/program files (x86)/atollic/truestudio for stm32 9.3.0/armtools/bin/../lib/gcc/arm-atollic-eabi/6.3.1/armv6-m\libgcc.a(subdf3.o)
                0x080023d8                __aeabi_dsub
 .text          0x08002a04       0x68 c:/program files (x86)/atollic/truestudio for stm32 9.3.0/armtools/bin/../lib/gcc/arm-atollic-eabi/6.3.1/armv6-m\libgcc.a(fixdfsi.o)
                0x08002a04                __aeabi_d2iz
 .text          0x08002a6c       0x84 c:/program files (x86)/atollic/truestudio for stm32 9.3.0/armtools/bin/../lib/gcc/arm-atollic-eabi/6.3.1/armv6-m\libgcc.a(floatsidf.o)
                0x08002a6c                __aeabi_i2d
 .text          0x08002af0       0x70 c:/program files (x86)/atollic/truestudio for stm32 9.3.0/armtools/bin/../lib/gcc/arm-atollic-eabi/6.3.1/armv6-m\libgcc.a(floatunsidf.o)
                0x08002af0                __aeabi_ui2d
 .text          0x08002b60       0xa4 c:/program files (x86)/atollic/truestudio for stm32 9.3.0/armtools/bin/../lib/gcc/arm-atollic-eabi/6.3.1/armv6-m\libgcc.a(extendsfdf2.o)
                0x08002b60                __aeabi_f2d
 .text          0x08002c04      0x114 c:/program files (x86)/atollic/truestudio for stm32 9.3.0/armtools/bin/../lib/gcc/arm-atollic-eabi/6.3.1/armv6-m\libgcc.a(truncdfsf2.o)
                0x08002c04                __aeabi_d2f
 .text          0x08002d18       0x74 c:/program files (x86)/atollic/truestudio for stm32 9.3.0/armtools/bin/../lib/gcc/arm-atollic-eabi/6.3.1/armv6-m\libgcc.a(_arm_cmpsf2.o)
                0x08002d18                __aeabi_cfrcmple
                0x08002d20                __aeabi_cfcmpeq
                0x08002d20                __aeabi_cfcmple
                0x08002d30                __aeabi_fcmpeq
                0x08002d3c                __aeabi_fcmplt
                0x08002d50                __aeabi_fcmple
                0x08002d64                __aeabi_fcmpgt
                0x08002d78                __aeabi_fcmpge
 .text          0x08002d8c       0x3c c:/program files (x86)/atollic/truestudio for stm32 9.3.0/armtools/bin/../lib/gcc/arm-atollic-eabi/6.3.1/armv6-m\libgcc.a(_clzsi2.o)
                0x08002d8c                __clzsi2
 .text          0x08002dc8       0x18 c:/program files (x86)/atollic/truestudio for stm32 9.3.0/armtools/bin/../lib/gcc/arm-atollic-eabi/6.3.1/armv6-m\libgcc.a(_clzdi2.o)
                0x08002dc8                __clzdi2
 .text          0x08002de0       0x4c c:/program files (x86)/atollic/truestudio for stm32 9.3.0/armtools/bin/../lib/gcc/arm-atollic-eabi/6.3.1/armv6-m\libgcc.a(eqsf2.o)
                0x08002de0                __eqsf2
                0x08002de0                __nesf2
 .text          0x08002e2c       0x80 c:/program files (x86)/atollic/truestudio for stm32 9.3.0/armtools/bin/../lib/gcc/arm-atollic-eabi/6.3.1/armv6-m\libgcc.a(gesf2.o)
                0x08002e2c                __gesf2
                0x08002e2c                __gtsf2
 .text          0x08002eac       0x84 c:/program files (x86)/atollic/truestudio for stm32 9.3.0/armtools/bin/../lib/gcc/arm-atollic-eabi/6.3.1/armv6-m\libgcc.a(lesf2.o)
                0x08002eac                __ltsf2
                0x08002eac                __lesf2
 *(.text*)
 .text.HAL_InitTick
                0x08002f30       0x48 Drivers\STM32L0xx_HAL_Driver\Src\stm32l0xx_hal.o
                0x08002f30                HAL_InitTick
 .text.HAL_Init
                0x08002f78       0x28 Drivers\STM32L0xx_HAL_Driver\Src\stm32l0xx_hal.o
                0x08002f78                HAL_Init
 .text.HAL_IncTick
                0x08002fa0       0x18 Drivers\STM32L0xx_HAL_Driver\Src\stm32l0xx_hal.o
                0x08002fa0                HAL_IncTick
 .text.HAL_GetTick
                0x08002fb8        0xc Drivers\STM32L0xx_HAL_Driver\Src\stm32l0xx_hal.o
                0x08002fb8                HAL_GetTick
 .text.HAL_Delay
                0x08002fc4       0x24 Drivers\STM32L0xx_HAL_Driver\Src\stm32l0xx_hal.o
                0x08002fc4                HAL_Delay
 .text.HAL_SuspendTick
                0x08002fe8       0x10 Drivers\STM32L0xx_HAL_Driver\Src\stm32l0xx_hal.o
                0x08002fe8                HAL_SuspendTick
 .text.HAL_ResumeTick
                0x08002ff8       0x10 Drivers\STM32L0xx_HAL_Driver\Src\stm32l0xx_hal.o
                0x08002ff8                HAL_ResumeTick
 .text.ADC_DelayMicroSecond
                0x08003008       0x2c Drivers\STM32L0xx_HAL_Driver\Src\stm32l0xx_hal_adc.o
 .text.ADC_Disable
                0x08003034       0x68 Drivers\STM32L0xx_HAL_Driver\Src\stm32l0xx_hal_adc.o
 .text.ADC_Enable
                0x0800309c       0x70 Drivers\STM32L0xx_HAL_Driver\Src\stm32l0xx_hal_adc.o
 .text.ADC_ConversionStop
                0x0800310c       0x52 Drivers\STM32L0xx_HAL_Driver\Src\stm32l0xx_hal_adc.o
 *fill*         0x0800315e        0x2 
 .text.HAL_ADC_Init
                0x08003160      0x1b0 Drivers\STM32L0xx_HAL_Driver\Src\stm32l0xx_hal_adc.o
                0x08003160                HAL_ADC_Init
 .text.HAL_ADC_DeInit
                0x08003310       0xa8 Drivers\STM32L0xx_HAL_Driver\Src\stm32l0xx_hal_adc.o
                0x08003310                HAL_ADC_DeInit
 .text.HAL_ADC_Start
                0x080033b8       0x58 Drivers\STM32L0xx_HAL_Driver\Src\stm32l0xx_hal_adc.o
                0x080033b8                HAL_ADC_Start
 .text.HAL_ADC_Stop
                0x08003410       0x3c Drivers\STM32L0xx_HAL_Driver\Src\stm32l0xx_hal_adc.o
                0x08003410                HAL_ADC_Stop
 .text.HAL_ADC_PollForConversion
                0x0800344c       0xbc Drivers\STM32L0xx_HAL_Driver\Src\stm32l0xx_hal_adc.o
                0x0800344c                HAL_ADC_PollForConversion
 .text.HAL_ADC_GetValue
                0x08003508        0x6 Drivers\STM32L0xx_HAL_Driver\Src\stm32l0xx_hal_adc.o
                0x08003508                HAL_ADC_GetValue
 *fill*         0x0800350e        0x2 
 .text.HAL_ADC_ConfigChannel
                0x08003510       0xcc Drivers\STM32L0xx_HAL_Driver\Src\stm32l0xx_hal_adc.o
                0x08003510                HAL_ADC_ConfigChannel
 .text.HAL_ADCEx_Calibration_Start
                0x080035dc       0xa0 Drivers\STM32L0xx_HAL_Driver\Src\stm32l0xx_hal_adc_ex.o
                0x080035dc                HAL_ADCEx_Calibration_Start
 .text.HAL_NVIC_SetPriority
                0x0800367c       0x60 Drivers\STM32L0xx_HAL_Driver\Src\stm32l0xx_hal_cortex.o
                0x0800367c                HAL_NVIC_SetPriority
 .text.HAL_NVIC_EnableIRQ
                0x080036dc       0x14 Drivers\STM32L0xx_HAL_Driver\Src\stm32l0xx_hal_cortex.o
                0x080036dc                HAL_NVIC_EnableIRQ
 .text.HAL_SYSTICK_Config
                0x080036f0       0x34 Drivers\STM32L0xx_HAL_Driver\Src\stm32l0xx_hal_cortex.o
                0x080036f0                HAL_SYSTICK_Config
 .text.HAL_GPIO_Init
                0x08003724      0x184 Drivers\STM32L0xx_HAL_Driver\Src\stm32l0xx_hal_gpio.o
                0x08003724                HAL_GPIO_Init
 .text.HAL_GPIO_DeInit
                0x080038a8      0x100 Drivers\STM32L0xx_HAL_Driver\Src\stm32l0xx_hal_gpio.o
                0x080038a8                HAL_GPIO_DeInit
 .text.HAL_GPIO_ReadPin
                0x080039a8        0xc Drivers\STM32L0xx_HAL_Driver\Src\stm32l0xx_hal_gpio.o
                0x080039a8                HAL_GPIO_ReadPin
 .text.HAL_GPIO_WritePin
                0x080039b4        0xc Drivers\STM32L0xx_HAL_Driver\Src\stm32l0xx_hal_gpio.o
                0x080039b4                HAL_GPIO_WritePin
 .text.HAL_GPIO_EXTI_IRQHandler
                0x080039c0       0x18 Drivers\STM32L0xx_HAL_Driver\Src\stm32l0xx_hal_gpio.o
                0x080039c0                HAL_GPIO_EXTI_IRQHandler
 .text.I2C_Flush_TXDR
                0x080039d8       0x1c Drivers\STM32L0xx_HAL_Driver\Src\stm32l0xx_hal_i2c.o
 .text.I2C_TransferConfig
                0x080039f4       0x2c Drivers\STM32L0xx_HAL_Driver\Src\stm32l0xx_hal_i2c.o
 .text.I2C_WaitOnFlagUntilTimeout
                0x08003a20       0x50 Drivers\STM32L0xx_HAL_Driver\Src\stm32l0xx_hal_i2c.o
 .text.I2C_IsAcknowledgeFailed
                0x08003a70       0x7c Drivers\STM32L0xx_HAL_Driver\Src\stm32l0xx_hal_i2c.o
 .text.I2C_WaitOnTXISFlagUntilTimeout
                0x08003aec       0x54 Drivers\STM32L0xx_HAL_Driver\Src\stm32l0xx_hal_i2c.o
 .text.I2C_WaitOnSTOPFlagUntilTimeout
                0x08003b40       0x50 Drivers\STM32L0xx_HAL_Driver\Src\stm32l0xx_hal_i2c.o
 .text.I2C_WaitOnRXNEFlagUntilTimeout
                0x08003b90       0x80 Drivers\STM32L0xx_HAL_Driver\Src\stm32l0xx_hal_i2c.o
 .text.HAL_I2C_Init
                0x08003c10       0xac Drivers\STM32L0xx_HAL_Driver\Src\stm32l0xx_hal_i2c.o
                0x08003c10                HAL_I2C_Init
 .text.HAL_I2C_DeInit
                0x08003cbc       0x34 Drivers\STM32L0xx_HAL_Driver\Src\stm32l0xx_hal_i2c.o
                0x08003cbc                HAL_I2C_DeInit
 .text.HAL_I2C_Master_Transmit
                0x08003cf0      0x12c Drivers\STM32L0xx_HAL_Driver\Src\stm32l0xx_hal_i2c.o
                0x08003cf0                HAL_I2C_Master_Transmit
 .text.HAL_I2C_Master_Receive
                0x08003e1c      0x130 Drivers\STM32L0xx_HAL_Driver\Src\stm32l0xx_hal_i2c.o
                0x08003e1c                HAL_I2C_Master_Receive
 .text.HAL_I2CEx_ConfigAnalogFilter
                0x08003f4c       0x4c Drivers\STM32L0xx_HAL_Driver\Src\stm32l0xx_hal_i2c_ex.o
                0x08003f4c                HAL_I2CEx_ConfigAnalogFilter
 .text.HAL_I2CEx_ConfigDigitalFilter
                0x08003f98       0x48 Drivers\STM32L0xx_HAL_Driver\Src\stm32l0xx_hal_i2c_ex.o
                0x08003f98                HAL_I2CEx_ConfigDigitalFilter
 .text.HAL_PWR_EnableBkUpAccess
                0x08003fe0       0x14 Drivers\STM32L0xx_HAL_Driver\Src\stm32l0xx_hal_pwr.o
                0x08003fe0                HAL_PWR_EnableBkUpAccess
 .text.HAL_PWR_DisablePVD
                0x08003ff4       0x10 Drivers\STM32L0xx_HAL_Driver\Src\stm32l0xx_hal_pwr.o
                0x08003ff4                HAL_PWR_DisablePVD
 .text.HAL_PWR_EnterSTOPMode
                0x08004004       0x38 Drivers\STM32L0xx_HAL_Driver\Src\stm32l0xx_hal_pwr.o
                0x08004004                HAL_PWR_EnterSTOPMode
 .text.HAL_PWR_EnterSTANDBYMode
                0x0800403c       0x20 Drivers\STM32L0xx_HAL_Driver\Src\stm32l0xx_hal_pwr.o
                0x0800403c                HAL_PWR_EnterSTANDBYMode
 .text.HAL_PWREx_EnableUltraLowPower
                0x0800405c       0x14 Drivers\STM32L0xx_HAL_Driver\Src\stm32l0xx_hal_pwr_ex.o
                0x0800405c                HAL_PWREx_EnableUltraLowPower
 .text.HAL_RCC_GetSysClockFreq
                0x08004070       0x6c Drivers\STM32L0xx_HAL_Driver\Src\stm32l0xx_hal_rcc.o
                0x08004070                HAL_RCC_GetSysClockFreq
 .text.HAL_RCC_OscConfig
                0x080040dc      0x518 Drivers\STM32L0xx_HAL_Driver\Src\stm32l0xx_hal_rcc.o
                0x080040dc                HAL_RCC_OscConfig
 .text.HAL_RCC_ClockConfig
                0x080045f4      0x170 Drivers\STM32L0xx_HAL_Driver\Src\stm32l0xx_hal_rcc.o
                0x080045f4                HAL_RCC_ClockConfig
 .text.HAL_RCC_GetPCLK1Freq
                0x08004764       0x20 Drivers\STM32L0xx_HAL_Driver\Src\stm32l0xx_hal_rcc.o
                0x08004764                HAL_RCC_GetPCLK1Freq
 .text.HAL_RCC_GetPCLK2Freq
                0x08004784       0x20 Drivers\STM32L0xx_HAL_Driver\Src\stm32l0xx_hal_rcc.o
                0x08004784                HAL_RCC_GetPCLK2Freq
 .text.HAL_RCCEx_PeriphCLKConfig
                0x080047a4      0x1d4 Drivers\STM32L0xx_HAL_Driver\Src\stm32l0xx_hal_rcc_ex.o
                0x080047a4                HAL_RCCEx_PeriphCLKConfig
 .text.HAL_RTC_DeactivateAlarm
                0x08004978       0xc0 Drivers\STM32L0xx_HAL_Driver\Src\stm32l0xx_hal_rtc.o
                0x08004978                HAL_RTC_DeactivateAlarm
 .text.HAL_RTC_AlarmIRQHandler
                0x08004a38       0x60 Drivers\STM32L0xx_HAL_Driver\Src\stm32l0xx_hal_rtc.o
                0x08004a38                HAL_RTC_AlarmIRQHandler
 .text.HAL_RTC_WaitForSynchro
                0x08004a98       0x34 Drivers\STM32L0xx_HAL_Driver\Src\stm32l0xx_hal_rtc.o
                0x08004a98                HAL_RTC_WaitForSynchro
 .text.RTC_EnterInitMode
                0x08004acc       0x38 Drivers\STM32L0xx_HAL_Driver\Src\stm32l0xx_hal_rtc.o
                0x08004acc                RTC_EnterInitMode
 .text.HAL_RTC_Init
                0x08004b04       0xb8 Drivers\STM32L0xx_HAL_Driver\Src\stm32l0xx_hal_rtc.o
                0x08004b04                HAL_RTC_Init
 .text.RTC_ByteToBcd2
                0x08004bbc       0x16 Drivers\STM32L0xx_HAL_Driver\Src\stm32l0xx_hal_rtc.o
                0x08004bbc                RTC_ByteToBcd2
 *fill*         0x08004bd2        0x2 
 .text.HAL_RTC_SetTime
                0x08004bd4       0xfc Drivers\STM32L0xx_HAL_Driver\Src\stm32l0xx_hal_rtc.o
                0x08004bd4                HAL_RTC_SetTime
 .text.HAL_RTC_SetDate
                0x08004cd0       0xd8 Drivers\STM32L0xx_HAL_Driver\Src\stm32l0xx_hal_rtc.o
                0x08004cd0                HAL_RTC_SetDate
 .text.HAL_RTC_SetAlarm_IT
                0x08004da8      0x194 Drivers\STM32L0xx_HAL_Driver\Src\stm32l0xx_hal_rtc.o
                0x08004da8                HAL_RTC_SetAlarm_IT
 .text.RTC_Bcd2ToByte
                0x08004f3c       0x10 Drivers\STM32L0xx_HAL_Driver\Src\stm32l0xx_hal_rtc.o
                0x08004f3c                RTC_Bcd2ToByte
 .text.HAL_RTC_GetTime
                0x08004f4c       0x54 Drivers\STM32L0xx_HAL_Driver\Src\stm32l0xx_hal_rtc.o
                0x08004f4c                HAL_RTC_GetTime
 .text.HAL_RTC_GetDate
                0x08004fa0       0x44 Drivers\STM32L0xx_HAL_Driver\Src\stm32l0xx_hal_rtc.o
                0x08004fa0                HAL_RTC_GetDate
 .text.HAL_RTCEx_AlarmBEventCallback
                0x08004fe4        0x2 Drivers\STM32L0xx_HAL_Driver\Src\stm32l0xx_hal_rtc_ex.o
                0x08004fe4                HAL_RTCEx_AlarmBEventCallback
 *fill*         0x08004fe6        0x2 
 .text.SPI_WaitFlagStateUntilTimeout.constprop.8
                0x08004fe8       0x84 Drivers\STM32L0xx_HAL_Driver\Src\stm32l0xx_hal_spi.o
 .text.SPI_EndRxTransaction
                0x0800506c       0x54 Drivers\STM32L0xx_HAL_Driver\Src\stm32l0xx_hal_spi.o
 .text.SPI_EndRxTxTransaction
                0x080050c0       0x3e Drivers\STM32L0xx_HAL_Driver\Src\stm32l0xx_hal_spi.o
 *fill*         0x080050fe        0x2 
 .text.HAL_SPI_Init
                0x08005100       0x80 Drivers\STM32L0xx_HAL_Driver\Src\stm32l0xx_hal_spi.o
                0x08005100                HAL_SPI_Init
 .text.HAL_SPI_DeInit
                0x08005180       0x2e Drivers\STM32L0xx_HAL_Driver\Src\stm32l0xx_hal_spi.o
                0x08005180                HAL_SPI_DeInit
 .text.HAL_SPI_Transmit
                0x080051ae      0x16e Drivers\STM32L0xx_HAL_Driver\Src\stm32l0xx_hal_spi.o
                0x080051ae                HAL_SPI_Transmit
 .text.HAL_SPI_TransmitReceive
                0x0800531c      0x1ec Drivers\STM32L0xx_HAL_Driver\Src\stm32l0xx_hal_spi.o
                0x0800531c                HAL_SPI_TransmitReceive
 .text.HAL_SPI_Receive
                0x08005508      0x14c Drivers\STM32L0xx_HAL_Driver\Src\stm32l0xx_hal_spi.o
                0x08005508                HAL_SPI_Receive
 .text.TIM_Base_SetConfig
                0x08005654       0x70 Drivers\STM32L0xx_HAL_Driver\Src\stm32l0xx_hal_tim.o
 .text.HAL_TIM_Base_Init
                0x080056c4       0x36 Drivers\STM32L0xx_HAL_Driver\Src\stm32l0xx_hal_tim.o
                0x080056c4                HAL_TIM_Base_Init
 .text.HAL_TIM_Base_Start
                0x080056fa       0x24 Drivers\STM32L0xx_HAL_Driver\Src\stm32l0xx_hal_tim.o
                0x080056fa                HAL_TIM_Base_Start
 *fill*         0x0800571e        0x2 
 .text.HAL_TIM_Base_Stop
                0x08005720       0x28 Drivers\STM32L0xx_HAL_Driver\Src\stm32l0xx_hal_tim.o
                0x08005720                HAL_TIM_Base_Stop
 .text.HAL_TIMEx_MasterConfigSynchronization
                0x08005748       0x3a Drivers\STM32L0xx_HAL_Driver\Src\stm32l0xx_hal_tim_ex.o
                0x08005748                HAL_TIMEx_MasterConfigSynchronization
 .text.HAL_UART_DeInit
                0x08005782       0x32 Drivers\STM32L0xx_HAL_Driver\Src\stm32l0xx_hal_uart.o
                0x08005782                HAL_UART_DeInit
 .text.UART_SetConfig
                0x080057b4      0x264 Drivers\STM32L0xx_HAL_Driver\Src\stm32l0xx_hal_uart.o
                0x080057b4                UART_SetConfig
 .text.UART_AdvFeatureConfig
                0x08005a18       0xd0 Drivers\STM32L0xx_HAL_Driver\Src\stm32l0xx_hal_uart.o
                0x08005a18                UART_AdvFeatureConfig
 .text.UART_WaitOnFlagUntilTimeout
                0x08005ae8       0x5c Drivers\STM32L0xx_HAL_Driver\Src\stm32l0xx_hal_uart.o
                0x08005ae8                UART_WaitOnFlagUntilTimeout
 .text.UART_CheckIdleState
                0x08005b44       0x60 Drivers\STM32L0xx_HAL_Driver\Src\stm32l0xx_hal_uart.o
                0x08005b44                UART_CheckIdleState
 .text.HAL_UART_Init
                0x08005ba4       0x64 Drivers\STM32L0xx_HAL_Driver\Src\stm32l0xx_hal_uart.o
                0x08005ba4                HAL_UART_Init
 .text.SystemClock_Config
                0x08005c08       0x98 Src\main.o
                0x08005c08                SystemClock_Config
 .text.writeError
                0x08005ca0       0x2c Src\main.o
                0x08005ca0                writeError
 .text.getADC   0x08005ccc       0x60 Src\main.o
                0x08005ccc                getADC
 .text.getSolarData
                0x08005d2c       0xcc Src\main.o
                0x08005d2c                getSolarData
 .text.getWindSpeed
                0x08005df8      0x124 Src\main.o
                0x08005df8                getWindSpeed
 .text.getWindDir
                0x08005f1c       0x84 Src\main.o
                0x08005f1c                getWindDir
 .text.getBatteryVoltage
                0x08005fa0       0x60 Src\main.o
                0x08005fa0                getBatteryVoltage
 .text.readWeatherData
                0x08006000       0xc4 Src\main.o
                0x08006000                readWeatherData
 .text.startup.main
                0x080060c4      0x9a4 Src\main.o
                0x080060c4                main
 .text.HAL_GPIO_EXTI_Callback
                0x08006a68       0x10 Src\main.o
                0x08006a68                HAL_GPIO_EXTI_Callback
 .text.HAL_RTC_AlarmAEventCallback
                0x08006a78        0xc Src\main.o
                0x08006a78                HAL_RTC_AlarmAEventCallback
 .text.HAL_MspInit
                0x08006a84       0x1c Src\stm32l0xx_hal_msp.o
                0x08006a84                HAL_MspInit
 .text.HAL_ADC_MspInit
                0x08006aa0       0x54 Src\stm32l0xx_hal_msp.o
                0x08006aa0                HAL_ADC_MspInit
 .text.HAL_ADC_MspDeInit
                0x08006af4       0x2c Src\stm32l0xx_hal_msp.o
                0x08006af4                HAL_ADC_MspDeInit
 .text.HAL_I2C_MspInit
                0x08006b20       0x64 Src\stm32l0xx_hal_msp.o
                0x08006b20                HAL_I2C_MspInit
 .text.HAL_I2C_MspDeInit
                0x08006b84       0x30 Src\stm32l0xx_hal_msp.o
                0x08006b84                HAL_I2C_MspDeInit
 .text.HAL_RTC_MspInit
                0x08006bb4       0x30 Src\stm32l0xx_hal_msp.o
                0x08006bb4                HAL_RTC_MspInit
 .text.HAL_SPI_MspInit
                0x08006be4       0x58 Src\stm32l0xx_hal_msp.o
                0x08006be4                HAL_SPI_MspInit
 .text.HAL_SPI_MspDeInit
                0x08006c3c       0x2c Src\stm32l0xx_hal_msp.o
                0x08006c3c                HAL_SPI_MspDeInit
 .text.HAL_TIM_Base_MspInit
                0x08006c68       0x1c Src\stm32l0xx_hal_msp.o
                0x08006c68                HAL_TIM_Base_MspInit
 .text.HAL_UART_MspInit
                0x08006c84       0x5c Src\stm32l0xx_hal_msp.o
                0x08006c84                HAL_UART_MspInit
 .text.HAL_UART_MspDeInit
                0x08006ce0       0x2c Src\stm32l0xx_hal_msp.o
                0x08006ce0                HAL_UART_MspDeInit
 .text.NMI_Handler
                0x08006d0c        0x2 Src\stm32l0xx_it.o
                0x08006d0c                NMI_Handler
 .text.HardFault_Handler
                0x08006d0e        0x2 Src\stm32l0xx_it.o
                0x08006d0e                HardFault_Handler
 .text.SVC_Handler
                0x08006d10        0x2 Src\stm32l0xx_it.o
                0x08006d10                SVC_Handler
 .text.PendSV_Handler
                0x08006d12        0x2 Src\stm32l0xx_it.o
                0x08006d12                PendSV_Handler
 .text.SysTick_Handler
                0x08006d14        0x8 Src\stm32l0xx_it.o
                0x08006d14                SysTick_Handler
 .text.RTC_IRQHandler
                0x08006d1c       0x10 Src\stm32l0xx_it.o
                0x08006d1c                RTC_IRQHandler
 .text.EXTI0_1_IRQHandler
                0x08006d2c        0xa Src\stm32l0xx_it.o
                0x08006d2c                EXTI0_1_IRQHandler
 .text.EXTI4_15_IRQHandler
                0x08006d36        0xc Src\stm32l0xx_it.o
                0x08006d36                EXTI4_15_IRQHandler
 *fill*         0x08006d42        0x2 
 .text._sbrk    0x08006d44       0x34 Src\syscalls.o
                0x08006d44                _sbrk
 .text.SystemInit
                0x08006d78       0x5c Src\system_stm32l0xx.o
                0x08006d78                SystemInit
 .text.BMP180_Init
                0x08006dd4      0x220 myDrivers\Src\BMP180.o
                0x08006dd4                BMP180_Init
 .text.BMP180_ReadTemperatue
                0x08006ff4       0xc4 myDrivers\Src\BMP180.o
                0x08006ff4                BMP180_ReadTemperatue
 .text.BMP180_ReadPressure
                0x080070b8      0x1b4 myDrivers\Src\BMP180.o
                0x080070b8                BMP180_ReadPressure
 .text.RF24_csn
                0x0800726c       0x20 myDrivers\Src\RF24.o
                0x0800726c                RF24_csn
 .text.RF24_ce  0x0800728c       0x20 myDrivers\Src\RF24.o
                0x0800728c                RF24_ce
 .text.RF24_beginTransaction
                0x080072ac        0xa myDrivers\Src\RF24.o
                0x080072ac                RF24_beginTransaction
 .text.RF24_endTransaction
                0x080072b6        0xa myDrivers\Src\RF24.o
                0x080072b6                RF24_endTransaction
 .text.RF24_read_register
                0x080072c0       0x50 myDrivers\Src\RF24.o
                0x080072c0                RF24_read_register
 .text.RF24_write_registers
                0x08007310       0x4c myDrivers\Src\RF24.o
                0x08007310                RF24_write_registers
 .text.RF24_write_register
                0x0800735c       0x60 myDrivers\Src\RF24.o
                0x0800735c                RF24_write_register
 .text.RF24_write_payload
                0x080073bc       0x94 myDrivers\Src\RF24.o
                0x080073bc                RF24_write_payload
 .text.RF24_read_payload
                0x08007450       0x80 myDrivers\Src\RF24.o
                0x08007450                RF24_read_payload
 .text.RF24_flush_rx
                0x080074d0       0x18 myDrivers\Src\RF24.o
                0x080074d0                RF24_flush_rx
 .text.RF24_flush_tx
                0x080074e8       0x18 myDrivers\Src\RF24.o
                0x080074e8                RF24_flush_tx
 .text.RF24_get_status
                0x08007500       0x18 myDrivers\Src\RF24.o
                0x08007500                RF24_get_status
 .text.RF24_init
                0x08007518       0x5c myDrivers\Src\RF24.o
                0x08007518                RF24_init
 .text.RF24_setChannel
                0x08007574       0x16 myDrivers\Src\RF24.o
                0x08007574                RF24_setChannel
 *fill*         0x0800758a        0x2 
 .text.RF24_setPayloadSize
                0x0800758c       0x30 myDrivers\Src\RF24.o
                0x0800758c                RF24_setPayloadSize
 .text.RF24_stopListening
                0x080075bc       0x48 myDrivers\Src\RF24.o
                0x080075bc                RF24_stopListening
 .text.RF24_powerDown
                0x08007604       0x20 myDrivers\Src\RF24.o
                0x08007604                RF24_powerDown
 .text.RF24_powerUp
                0x08007624       0x24 myDrivers\Src\RF24.o
                0x08007624                RF24_powerUp
 .text.RF24_startFastWrite
                0x08007648       0x1e myDrivers\Src\RF24.o
                0x08007648                RF24_startFastWrite
 *fill*         0x08007666        0x2 
 .text.RF24_write
                0x08007668       0x50 myDrivers\Src\RF24.o
                0x08007668                RF24_write
 .text.RF24_available
                0x080076b8       0x1c myDrivers\Src\RF24.o
                0x080076b8                RF24_available
 .text.RF24_read
                0x080076d4       0x12 myDrivers\Src\RF24.o
                0x080076d4                RF24_read
 *fill*         0x080076e6        0x2 
 .text.RF24_openWritingPipe
                0x080076e8       0x24 myDrivers\Src\RF24.o
                0x080076e8                RF24_openWritingPipe
 .text.RF24_openReadingPipe
                0x0800770c       0x64 myDrivers\Src\RF24.o
                0x0800770c                RF24_openReadingPipe
 .text.RF24_setAddressWidth
                0x08007770       0x30 myDrivers\Src\RF24.o
                0x08007770                RF24_setAddressWidth
 .text.RF24_toggle_features
                0x080077a0       0x40 myDrivers\Src\RF24.o
                0x080077a0                RF24_toggle_features
 .text.RF24_enableAckPayload
                0x080077e0       0x44 myDrivers\Src\RF24.o
                0x080077e0                RF24_enableAckPayload
 .text.RF24_disableAckPayload
                0x08007824       0x2c myDrivers\Src\RF24.o
                0x08007824                RF24_disableAckPayload
 .text.RF24_isAckPayloadAvailable
                0x08007850        0xa myDrivers\Src\RF24.o
                0x08007850                RF24_isAckPayloadAvailable
 *fill*         0x0800785a        0x2 
 .text.RF24_setAutoAck
                0x0800785c       0x2c myDrivers\Src\RF24.o
                0x0800785c                RF24_setAutoAck
 .text.RF24_setPALevel
                0x08007888       0x2c myDrivers\Src\RF24.o
                0x08007888                RF24_setPALevel
 .text.RF24_setDataRate
                0x080078b4       0x50 myDrivers\Src\RF24.o
                0x080078b4                RF24_setDataRate
 .text.RF24_setRetries
                0x08007904       0x16 myDrivers\Src\RF24.o
                0x08007904                RF24_setRetries
 *fill*         0x0800791a        0x2 
 .text.RF24_begin
                0x0800791c       0xd4 myDrivers\Src\RF24.o
                0x0800791c                RF24_begin
 .text.SHT21_Init
                0x080079f0       0x28 myDrivers\Src\SHT21.o
                0x080079f0                SHT21_Init
 .text.SHT21_ReadRegister
                0x08007a18       0x40 myDrivers\Src\SHT21.o
                0x08007a18                SHT21_ReadRegister
 .text.SHT21_ReadHumidity
                0x08007a58       0x34 myDrivers\Src\SHT21.o
                0x08007a58                SHT21_ReadHumidity
 .text.SHT21_ReadTemperature
                0x08007a8c       0x3c myDrivers\Src\SHT21.o
                0x08007a8c                SHT21_ReadTemperature
 .text.Si1147_ReadReg
                0x08007ac8       0x38 myDrivers\Src\Si1147.o
                0x08007ac8                Si1147_ReadReg
 .text.Si1147_WriteReg
                0x08007b00       0x20 myDrivers\Src\Si1147.o
                0x08007b00                Si1147_WriteReg
 .text.Si1147_WriteRegs
                0x08007b20       0x1c myDrivers\Src\Si1147.o
                0x08007b20                Si1147_WriteRegs
 .text.Si1147_ReadRegs
                0x08007b3c       0x38 myDrivers\Src\Si1147.o
                0x08007b3c                Si1147_ReadRegs
 .text.Si1147_GetResponse
                0x08007b74       0x38 myDrivers\Src\Si1147.o
                0x08007b74                Si1147_GetResponse
 .text.Si1147_Init
                0x08007bac       0x84 myDrivers\Src\Si1147.o
                0x08007bac                Si1147_Init
 .text.Si1147_SetUV
                0x08007c30       0x72 myDrivers\Src\Si1147.o
                0x08007c30                Si1147_SetUV
 *fill*         0x08007ca2        0x2 
 .text.Si1147_ForceUV
                0x08007ca4       0x38 myDrivers\Src\Si1147.o
                0x08007ca4                Si1147_ForceUV
 .text.Si1147_GetUV
                0x08007cdc       0x28 myDrivers\Src\Si1147.o
                0x08007cdc                Si1147_GetUV
 .text.Si1147_GetVis
                0x08007d04       0x1e myDrivers\Src\Si1147.o
                0x08007d04                Si1147_GetVis
 *fill*         0x08007d22        0x2 
 .text.communication_Setup
                0x08007d24       0x40 myDrivers\Src\communication.o
                0x08007d24                communication_Setup
 .text.communication_Transmit
                0x08007d64       0x2a myDrivers\Src\communication.o
                0x08007d64                communication_Transmit
 *fill*         0x08007d8e        0x2 
 .text.glassLCD_Update
                0x08007d90       0x84 myDrivers\Src\glassLCD.o
                0x08007d90                glassLCD_Update
 .text.glassLCD_Clear
                0x08007e14       0x1c myDrivers\Src\glassLCD.o
                0x08007e14                glassLCD_Clear
 .text.glassLCD_WriteData
                0x08007e30       0x38 myDrivers\Src\glassLCD.o
                0x08007e30                glassLCD_WriteData
 .text.glassLCD_SetDot
                0x08007e68        0xc myDrivers\Src\glassLCD.o
                0x08007e68                glassLCD_SetDot
 .text.glassLCD_WriteArrow
                0x08007e74       0x30 myDrivers\Src\glassLCD.o
                0x08007e74                glassLCD_WriteArrow
 .text.glassLCD_WriteCmd
                0x08007ea4       0x28 myDrivers\Src\glassLCD.o
                0x08007ea4                glassLCD_WriteCmd
 .text.glassLCD_Begin
                0x08007ecc       0x12 myDrivers\Src\glassLCD.o
                0x08007ecc                glassLCD_Begin
 *fill*         0x08007ede        0x2 
 .text.RTC_GetTime
                0x08007ee0       0x54 myDrivers\Src\rtc.o
                0x08007ee0                RTC_GetTime
 .text.RTC_EpochToHuman
                0x08007f34       0x2e myDrivers\Src\rtc.o
                0x08007f34                RTC_EpochToHuman
 *fill*         0x08007f62        0x2 
 .text.RTC_SetTime
                0x08007f64       0x78 myDrivers\Src\rtc.o
                0x08007f64                RTC_SetTime
 .text.RTC_SetAlarmEpoch
                0x08007fdc       0x70 myDrivers\Src\rtc.o
                0x08007fdc                RTC_SetAlarmEpoch
 .text.Sleep_LightSleep
                0x0800804c       0x68 myDrivers\Src\sleep.o
                0x0800804c                Sleep_LightSleep
 .text.Reset_Handler
                0x080080b4       0x50 startup\startup_stm32l073xx.o
                0x080080b4                Reset_Handler
 .text.Default_Handler
                0x08008104        0x2 startup\startup_stm32l073xx.o
                0x08008104                TSC_IRQHandler
                0x08008104                ADC1_COMP_IRQHandler
                0x08008104                PVD_IRQHandler
                0x08008104                I2C1_IRQHandler
                0x08008104                RCC_CRS_IRQHandler
                0x08008104                SPI1_IRQHandler
                0x08008104                TIM6_DAC_IRQHandler
                0x08008104                EXTI2_3_IRQHandler
                0x08008104                I2C2_IRQHandler
                0x08008104                LCD_IRQHandler
                0x08008104                DMA1_Channel4_5_6_7_IRQHandler
                0x08008104                TIM3_IRQHandler
                0x08008104                DMA1_Channel1_IRQHandler
                0x08008104                USART4_5_IRQHandler
                0x08008104                Default_Handler
                0x08008104                TIM22_IRQHandler
                0x08008104                TIM7_IRQHandler
                0x08008104                USB_IRQHandler
                0x08008104                I2C3_IRQHandler
                0x08008104                SPI2_IRQHandler
                0x08008104                TIM21_IRQHandler
                0x08008104                WWDG_IRQHandler
                0x08008104                TIM2_IRQHandler
                0x08008104                DMA1_Channel2_3_IRQHandler
                0x08008104                USART2_IRQHandler
                0x08008104                FLASH_IRQHandler
                0x08008104                USART1_IRQHandler
                0x08008104                RNG_LPUART1_IRQHandler
                0x08008104                LPTIM1_IRQHandler
 *fill*         0x08008106        0x2 
 .text.__errno  0x08008108        0xc c:/program files (x86)/atollic/truestudio for stm32 9.3.0/armtools/bin/../lib/gcc/arm-atollic-eabi/6.3.1/../../../../arm-atollic-eabi/lib/armv6-m\libc_nano.a(lib_a-errno.o)
                0x08008108                __errno
 .text.__libc_init_array
                0x08008114       0x48 c:/program files (x86)/atollic/truestudio for stm32 9.3.0/armtools/bin/../lib/gcc/arm-atollic-eabi/6.3.1/../../../../arm-atollic-eabi/lib/armv6-m\libc_nano.a(lib_a-init.o)
                0x08008114                __libc_init_array
 .text.localtime
                0x0800815c       0x24 c:/program files (x86)/atollic/truestudio for stm32 9.3.0/armtools/bin/../lib/gcc/arm-atollic-eabi/6.3.1/../../../../arm-atollic-eabi/lib/armv6-m\libc_nano.a(lib_a-lcltime.o)
                0x0800815c                localtime
 .text.localtime_r
                0x08008180      0x1e0 c:/program files (x86)/atollic/truestudio for stm32 9.3.0/armtools/bin/../lib/gcc/arm-atollic-eabi/6.3.1/../../../../arm-atollic-eabi/lib/armv6-m\libc_nano.a(lib_a-lcltime_r.o)
                0x08008180                localtime_r
 .text.malloc   0x08008360       0x14 c:/program files (x86)/atollic/truestudio for stm32 9.3.0/armtools/bin/../lib/gcc/arm-atollic-eabi/6.3.1/../../../../arm-atollic-eabi/lib/armv6-m\libc_nano.a(lib_a-malloc.o)
                0x08008360                malloc
 .text.free     0x08008374       0x14 c:/program files (x86)/atollic/truestudio for stm32 9.3.0/armtools/bin/../lib/gcc/arm-atollic-eabi/6.3.1/../../../../arm-atollic-eabi/lib/armv6-m\libc_nano.a(lib_a-malloc.o)
                0x08008374                free
 .text.memcpy   0x08008388       0x12 c:/program files (x86)/atollic/truestudio for stm32 9.3.0/armtools/bin/../lib/gcc/arm-atollic-eabi/6.3.1/../../../../arm-atollic-eabi/lib/armv6-m\libc_nano.a(lib_a-memcpy-stub.o)
                0x08008388                memcpy
 .text.memset   0x0800839a       0x10 c:/program files (x86)/atollic/truestudio for stm32 9.3.0/armtools/bin/../lib/gcc/arm-atollic-eabi/6.3.1/../../../../arm-atollic-eabi/lib/armv6-m\libc_nano.a(lib_a-memset.o)
                0x0800839a                memset
 *fill*         0x080083aa        0x2 
 .text.validate_structure
                0x080083ac      0x198 c:/program files (x86)/atollic/truestudio for stm32 9.3.0/armtools/bin/../lib/gcc/arm-atollic-eabi/6.3.1/../../../../arm-atollic-eabi/lib/armv6-m\libc_nano.a(lib_a-mktime.o)
 .text.mktime   0x08008544      0x314 c:/program files (x86)/atollic/truestudio for stm32 9.3.0/armtools/bin/../lib/gcc/arm-atollic-eabi/6.3.1/../../../../arm-atollic-eabi/lib/armv6-m\libc_nano.a(lib_a-mktime.o)
                0x08008544                mktime
 .text._free_r  0x08008858       0x94 c:/program files (x86)/atollic/truestudio for stm32 9.3.0/armtools/bin/../lib/gcc/arm-atollic-eabi/6.3.1/../../../../arm-atollic-eabi/lib/armv6-m\libc_nano.a(lib_a-nano-freer.o)
                0x08008858                _free_r
 .text._malloc_r
                0x080088ec       0xbc c:/program files (x86)/atollic/truestudio for stm32 9.3.0/armtools/bin/../lib/gcc/arm-atollic-eabi/6.3.1/../../../../arm-atollic-eabi/lib/armv6-m\libc_nano.a(lib_a-nano-mallocr.o)
                0x080088ec                _malloc_r
 .text._sbrk_r  0x080089a8       0x24 c:/program files (x86)/atollic/truestudio for stm32 9.3.0/armtools/bin/../lib/gcc/arm-atollic-eabi/6.3.1/../../../../arm-atollic-eabi/lib/armv6-m\libc_nano.a(lib_a-sbrkr.o)
                0x080089a8                _sbrk_r
 .text.sprintf  0x080089cc       0x44 c:/program files (x86)/atollic/truestudio for stm32 9.3.0/armtools/bin/../lib/gcc/arm-atollic-eabi/6.3.1/../../../../arm-atollic-eabi/lib/armv6-m\libc_nano.a(lib_a-sprintf.o)
                0x080089cc                siprintf
                0x080089cc                sprintf
 .text.__tzcalc_limits
                0x08008a10      0x15c c:/program files (x86)/atollic/truestudio for stm32 9.3.0/armtools/bin/../lib/gcc/arm-atollic-eabi/6.3.1/../../../../arm-atollic-eabi/lib/armv6-m\libc_nano.a(lib_a-tzcalc_limits.o)
                0x08008a10                __tzcalc_limits
 .text.__tz_lock
                0x08008b6c        0x2 c:/program files (x86)/atollic/truestudio for stm32 9.3.0/armtools/bin/../lib/gcc/arm-atollic-eabi/6.3.1/../../../../arm-atollic-eabi/lib/armv6-m\libc_nano.a(lib_a-tzlock.o)
                0x08008b6c                __tz_lock
 .text.__tz_unlock
                0x08008b6e        0x2 c:/program files (x86)/atollic/truestudio for stm32 9.3.0/armtools/bin/../lib/gcc/arm-atollic-eabi/6.3.1/../../../../arm-atollic-eabi/lib/armv6-m\libc_nano.a(lib_a-tzlock.o)
                0x08008b6e                __tz_unlock
 .text._tzset_unlocked
                0x08008b70       0x10 c:/program files (x86)/atollic/truestudio for stm32 9.3.0/armtools/bin/../lib/gcc/arm-atollic-eabi/6.3.1/../../../../arm-atollic-eabi/lib/armv6-m\libc_nano.a(lib_a-tzset.o)
                0x08008b70                _tzset_unlocked
 .text._tzset_unlocked_r
                0x08008b80      0x2fc c:/program files (x86)/atollic/truestudio for stm32 9.3.0/armtools/bin/../lib/gcc/arm-atollic-eabi/6.3.1/../../../../arm-atollic-eabi/lib/armv6-m\libc_nano.a(lib_a-tzset_r.o)
                0x08008b80                _tzset_unlocked_r
 .text.div      0x08008e7c       0x38 c:/program files (x86)/atollic/truestudio for stm32 9.3.0/armtools/bin/../lib/gcc/arm-atollic-eabi/6.3.1/../../../../arm-atollic-eabi/lib/armv6-m\libc_nano.a(lib_a-div.o)
                0x08008e7c                div
 .text._findenv_r
                0x08008eb4       0x78 c:/program files (x86)/atollic/truestudio for stm32 9.3.0/armtools/bin/../lib/gcc/arm-atollic-eabi/6.3.1/../../../../arm-atollic-eabi/lib/armv6-m\libc_nano.a(lib_a-getenv_r.o)
                0x08008eb4                _findenv_r
 .text._getenv_r
                0x08008f2c        0xa c:/program files (x86)/atollic/truestudio for stm32 9.3.0/armtools/bin/../lib/gcc/arm-atollic-eabi/6.3.1/../../../../arm-atollic-eabi/lib/armv6-m\libc_nano.a(lib_a-getenv_r.o)
                0x08008f2c                _getenv_r
 *fill*         0x08008f36        0x2 
 .text.__gettzinfo
                0x08008f38        0x8 c:/program files (x86)/atollic/truestudio for stm32 9.3.0/armtools/bin/../lib/gcc/arm-atollic-eabi/6.3.1/../../../../arm-atollic-eabi/lib/armv6-m\libc_nano.a(lib_a-gettzinfo.o)
                0x08008f38                __gettzinfo
 .text.gmtime_r
                0x08008f40      0x17c c:/program files (x86)/atollic/truestudio for stm32 9.3.0/armtools/bin/../lib/gcc/arm-atollic-eabi/6.3.1/../../../../arm-atollic-eabi/lib/armv6-m\libc_nano.a(lib_a-gmtime_r.o)
                0x08008f40                gmtime_r
 .text.__malloc_lock
                0x080090bc        0x2 c:/program files (x86)/atollic/truestudio for stm32 9.3.0/armtools/bin/../lib/gcc/arm-atollic-eabi/6.3.1/../../../../arm-atollic-eabi/lib/armv6-m\libc_nano.a(lib_a-mlock.o)
                0x080090bc                __malloc_lock
 .text.__malloc_unlock
                0x080090be        0x2 c:/program files (x86)/atollic/truestudio for stm32 9.3.0/armtools/bin/../lib/gcc/arm-atollic-eabi/6.3.1/../../../../arm-atollic-eabi/lib/armv6-m\libc_nano.a(lib_a-mlock.o)
                0x080090be                __malloc_unlock
 .text.__ssputs_r
                0x080090c0       0xc4 c:/program files (x86)/atollic/truestudio for stm32 9.3.0/armtools/bin/../lib/gcc/arm-atollic-eabi/6.3.1/../../../../arm-atollic-eabi/lib/armv6-m\libc_nano.a(lib_a-nano-svfprintf.o)
                0x080090c0                __ssputs_r
 .text._svfprintf_r
                0x08009184      0x208 c:/program files (x86)/atollic/truestudio for stm32 9.3.0/armtools/bin/../lib/gcc/arm-atollic-eabi/6.3.1/../../../../arm-atollic-eabi/lib/armv6-m\libc_nano.a(lib_a-nano-svfprintf.o)
                0x08009184                _svfiprintf_r
                0x08009184                _svfprintf_r
 .text._printf_common
                0x0800938c       0xda c:/program files (x86)/atollic/truestudio for stm32 9.3.0/armtools/bin/../lib/gcc/arm-atollic-eabi/6.3.1/../../../../arm-atollic-eabi/lib/armv6-m\libc_nano.a(lib_a-nano-vfprintf_i.o)
                0x0800938c                _printf_common
 *fill*         0x08009466        0x2 
 .text._printf_i
                0x08009468      0x234 c:/program files (x86)/atollic/truestudio for stm32 9.3.0/armtools/bin/../lib/gcc/arm-atollic-eabi/6.3.1/../../../../arm-atollic-eabi/lib/armv6-m\libc_nano.a(lib_a-nano-vfprintf_i.o)
                0x08009468                _printf_i
 .text.sscanf   0x0800969c       0x50 c:/program files (x86)/atollic/truestudio for stm32 9.3.0/armtools/bin/../lib/gcc/arm-atollic-eabi/6.3.1/../../../../arm-atollic-eabi/lib/armv6-m\libc_nano.a(lib_a-sscanf.o)
                0x0800969c                siscanf
                0x0800969c                sscanf
 .text.__seofread
                0x080096ec        0x4 c:/program files (x86)/atollic/truestudio for stm32 9.3.0/armtools/bin/../lib/gcc/arm-atollic-eabi/6.3.1/../../../../arm-atollic-eabi/lib/armv6-m\libc_nano.a(lib_a-stdio.o)
                0x080096ec                __seofread
 .text.strcpy   0x080096f0       0x10 c:/program files (x86)/atollic/truestudio for stm32 9.3.0/armtools/bin/../lib/gcc/arm-atollic-eabi/6.3.1/../../../../arm-atollic-eabi/lib/armv6-m\libc_nano.a(lib_a-strcpy.o)
                0x080096f0                strcpy
 .text.strncmp  0x08009700       0x22 c:/program files (x86)/atollic/truestudio for stm32 9.3.0/armtools/bin/../lib/gcc/arm-atollic-eabi/6.3.1/../../../../arm-atollic-eabi/lib/armv6-m\libc_nano.a(lib_a-strncmp.o)
                0x08009700                strncmp
 .text._strtoul_l.isra.0
                0x08009722      0x10e c:/program files (x86)/atollic/truestudio for stm32 9.3.0/armtools/bin/../lib/gcc/arm-atollic-eabi/6.3.1/../../../../arm-atollic-eabi/lib/armv6-m\libc_nano.a(lib_a-strtoul.o)
 .text._strtoul_r
                0x08009830       0x20 c:/program files (x86)/atollic/truestudio for stm32 9.3.0/armtools/bin/../lib/gcc/arm-atollic-eabi/6.3.1/../../../../arm-atollic-eabi/lib/armv6-m\libc_nano.a(lib_a-strtoul.o)
                0x08009830                _strtoul_r
 .text.strtoul  0x08009850       0x28 c:/program files (x86)/atollic/truestudio for stm32 9.3.0/armtools/bin/../lib/gcc/arm-atollic-eabi/6.3.1/../../../../arm-atollic-eabi/lib/armv6-m\libc_nano.a(lib_a-strtoul.o)
                0x08009850                strtoul
 .text.__env_lock
                0x08009878        0x2 c:/program files (x86)/atollic/truestudio for stm32 9.3.0/armtools/bin/../lib/gcc/arm-atollic-eabi/6.3.1/../../../../arm-atollic-eabi/lib/armv6-m\libc_nano.a(lib_a-envlock.o)
                0x08009878                __env_lock
 .text.__env_unlock
                0x0800987a        0x2 c:/program files (x86)/atollic/truestudio for stm32 9.3.0/armtools/bin/../lib/gcc/arm-atollic-eabi/6.3.1/../../../../arm-atollic-eabi/lib/armv6-m\libc_nano.a(lib_a-envlock.o)
                0x0800987a                __env_unlock
 .text.__locale_ctype_ptr_l
                0x0800987c        0x6 c:/program files (x86)/atollic/truestudio for stm32 9.3.0/armtools/bin/../lib/gcc/arm-atollic-eabi/6.3.1/../../../../arm-atollic-eabi/lib/armv6-m\libc_nano.a(lib_a-locale.o)
                0x0800987c                __locale_ctype_ptr_l
 *fill*         0x08009882        0x2 
 .text.__locale_ctype_ptr
                0x08009884       0x1c c:/program files (x86)/atollic/truestudio for stm32 9.3.0/armtools/bin/../lib/gcc/arm-atollic-eabi/6.3.1/../../../../arm-atollic-eabi/lib/armv6-m\libc_nano.a(lib_a-locale.o)
                0x08009884                __locale_ctype_ptr
 .text.__ascii_mbtowc
                0x080098a0       0x24 c:/program files (x86)/atollic/truestudio for stm32 9.3.0/armtools/bin/../lib/gcc/arm-atollic-eabi/6.3.1/../../../../arm-atollic-eabi/lib/armv6-m\libc_nano.a(lib_a-mbtowc_r.o)
                0x080098a0                __ascii_mbtowc
 .text.memchr   0x080098c4       0x16 c:/program files (x86)/atollic/truestudio for stm32 9.3.0/armtools/bin/../lib/gcc/arm-atollic-eabi/6.3.1/../../../../arm-atollic-eabi/lib/armv6-m\libc_nano.a(lib_a-memchr-stub.o)
                0x080098c4                memchr
 .text.memmove  0x080098da       0x24 c:/program files (x86)/atollic/truestudio for stm32 9.3.0/armtools/bin/../lib/gcc/arm-atollic-eabi/6.3.1/../../../../arm-atollic-eabi/lib/armv6-m\libc_nano.a(lib_a-memmove.o)
                0x080098da                memmove
 .text._realloc_r
                0x080098fe       0x4c c:/program files (x86)/atollic/truestudio for stm32 9.3.0/armtools/bin/../lib/gcc/arm-atollic-eabi/6.3.1/../../../../arm-atollic-eabi/lib/armv6-m\libc_nano.a(lib_a-nano-reallocr.o)
                0x080098fe                _realloc_r
 .text._sungetc_r
                0x0800994a       0x78 c:/program files (x86)/atollic/truestudio for stm32 9.3.0/armtools/bin/../lib/gcc/arm-atollic-eabi/6.3.1/../../../../arm-atollic-eabi/lib/armv6-m\libc_nano.a(lib_a-nano-svfscanf.o)
                0x0800994a                _sungetc_r
 .text.__ssrefill_r
                0x080099c2       0x3e c:/program files (x86)/atollic/truestudio for stm32 9.3.0/armtools/bin/../lib/gcc/arm-atollic-eabi/6.3.1/../../../../arm-atollic-eabi/lib/armv6-m\libc_nano.a(lib_a-nano-svfscanf.o)
                0x080099c2                __ssrefill_r
 .text.__ssvfscanf_r
                0x08009a00      0x30c c:/program files (x86)/atollic/truestudio for stm32 9.3.0/armtools/bin/../lib/gcc/arm-atollic-eabi/6.3.1/../../../../arm-atollic-eabi/lib/armv6-m\libc_nano.a(lib_a-nano-svfscanf.o)
                0x08009a00                __ssvfiscanf_r
                0x08009a00                __ssvfscanf_r
 .text._scanf_chars
                0x08009d0c       0xc8 c:/program files (x86)/atollic/truestudio for stm32 9.3.0/armtools/bin/../lib/gcc/arm-atollic-eabi/6.3.1/../../../../arm-atollic-eabi/lib/armv6-m\libc_nano.a(lib_a-nano-vfscanf_i.o)
                0x08009d0c                _scanf_chars
 .text._scanf_i
                0x08009dd4      0x200 c:/program files (x86)/atollic/truestudio for stm32 9.3.0/armtools/bin/../lib/gcc/arm-atollic-eabi/6.3.1/../../../../arm-atollic-eabi/lib/armv6-m\libc_nano.a(lib_a-nano-vfscanf_i.o)
                0x08009dd4                _scanf_i
 .text.__sccl   0x08009fd4       0x62 c:/program files (x86)/atollic/truestudio for stm32 9.3.0/armtools/bin/../lib/gcc/arm-atollic-eabi/6.3.1/../../../../arm-atollic-eabi/lib/armv6-m\libc_nano.a(lib_a-sccl.o)
                0x08009fd4                __sccl
 *fill*         0x0800a036        0x2 
 .text._strtol_l.isra.0
                0x0800a038      0x10c c:/program files (x86)/atollic/truestudio for stm32 9.3.0/armtools/bin/../lib/gcc/arm-atollic-eabi/6.3.1/../../../../arm-atollic-eabi/lib/armv6-m\libc_nano.a(lib_a-strtol.o)
 .text._strtol_r
                0x0800a144       0x20 c:/program files (x86)/atollic/truestudio for stm32 9.3.0/armtools/bin/../lib/gcc/arm-atollic-eabi/6.3.1/../../../../arm-atollic-eabi/lib/armv6-m\libc_nano.a(lib_a-strtol.o)
                0x0800a144                _strtol_r
 .text.__submore
                0x0800a164       0x7c c:/program files (x86)/atollic/truestudio for stm32 9.3.0/armtools/bin/../lib/gcc/arm-atollic-eabi/6.3.1/../../../../arm-atollic-eabi/lib/armv6-m\libc_nano.a(lib_a-ungetc.o)
                0x0800a164                __submore
 .text.__ascii_wctomb
                0x0800a1e0       0x18 c:/program files (x86)/atollic/truestudio for stm32 9.3.0/armtools/bin/../lib/gcc/arm-atollic-eabi/6.3.1/../../../../arm-atollic-eabi/lib/armv6-m\libc_nano.a(lib_a-wctomb_r.o)
                0x0800a1e0                __ascii_wctomb
 .text._malloc_usable_size_r
                0x0800a1f8       0x10 c:/program files (x86)/atollic/truestudio for stm32 9.3.0/armtools/bin/../lib/gcc/arm-atollic-eabi/6.3.1/../../../../arm-atollic-eabi/lib/armv6-m\libc_nano.a(lib_a-nano-msizer.o)
                0x0800a1f8                _malloc_usable_size_r
 .text.round    0x0800a208       0x8c c:/program files (x86)/atollic/truestudio for stm32 9.3.0/armtools/bin/../lib/gcc/arm-atollic-eabi/6.3.1/../../../../arm-atollic-eabi/lib/armv6-m\libm.a(lib_a-s_round.o)
                0x0800a208                round
 *(.glue_7)
 .glue_7        0x0800a294        0x0 linker stubs
 *(.glue_7t)
 .glue_7t       0x0800a294        0x0 linker stubs
 *(.eh_frame)
 .eh_frame      0x0800a294        0x0 c:/program files (x86)/atollic/truestudio for stm32 9.3.0/armtools/bin/../lib/gcc/arm-atollic-eabi/6.3.1/armv6-m/crtbegin.o
 *(.init)
 .init          0x0800a294        0x4 c:/program files (x86)/atollic/truestudio for stm32 9.3.0/armtools/bin/../lib/gcc/arm-atollic-eabi/6.3.1/armv6-m/crti.o
                0x0800a294                _init
 .init          0x0800a298        0x8 c:/program files (x86)/atollic/truestudio for stm32 9.3.0/armtools/bin/../lib/gcc/arm-atollic-eabi/6.3.1/armv6-m/crtn.o
 *(.fini)
 .fini          0x0800a2a0        0x4 c:/program files (x86)/atollic/truestudio for stm32 9.3.0/armtools/bin/../lib/gcc/arm-atollic-eabi/6.3.1/armv6-m/crti.o
                0x0800a2a0                _fini
 .fini          0x0800a2a4        0x8 c:/program files (x86)/atollic/truestudio for stm32 9.3.0/armtools/bin/../lib/gcc/arm-atollic-eabi/6.3.1/armv6-m/crtn.o
                0x0800a2ac                . = ALIGN (0x4)
                0x0800a2ac                _etext = .

.vfp11_veneer   0x0800a2ac        0x0
 .vfp11_veneer  0x0800a2ac        0x0 linker stubs

.v4_bx          0x0800a2ac        0x0
 .v4_bx         0x0800a2ac        0x0 linker stubs

.iplt           0x0800a2ac        0x0
 .iplt          0x0800a2ac        0x0 c:/program files (x86)/atollic/truestudio for stm32 9.3.0/armtools/bin/../lib/gcc/arm-atollic-eabi/6.3.1/armv6-m/crtbegin.o

.rodata         0x0800a2ac      0x4b8
                0x0800a2ac                . = ALIGN (0x4)
 *(.rodata)
 .rodata        0x0800a2ac        0xc c:/program files (x86)/atollic/truestudio for stm32 9.3.0/armtools/bin/../lib/gcc/arm-atollic-eabi/6.3.1/../../../../arm-atollic-eabi/lib/armv6-m\libc_nano.a(lib_a-nano-vfscanf_i.o)
 .rodata        0x0800a2b8       0x40 c:/program files (x86)/atollic/truestudio for stm32 9.3.0/armtools/bin/../lib/gcc/arm-atollic-eabi/6.3.1/armv6-m\libgcc.a(mulsf3.o)
 .rodata        0x0800a2f8       0x40 c:/program files (x86)/atollic/truestudio for stm32 9.3.0/armtools/bin/../lib/gcc/arm-atollic-eabi/6.3.1/armv6-m\libgcc.a(divdf3.o)
 .rodata        0x0800a338       0x40 c:/program files (x86)/atollic/truestudio for stm32 9.3.0/armtools/bin/../lib/gcc/arm-atollic-eabi/6.3.1/armv6-m\libgcc.a(muldf3.o)
 *(.rodata*)
 .rodata.CSWTCH.55
                0x0800a378        0x4 Drivers\STM32L0xx_HAL_Driver\Src\stm32l0xx_hal_uart.o
 .rodata.CSWTCH.56
                0x0800a37c        0xd Drivers\STM32L0xx_HAL_Driver\Src\stm32l0xx_hal_uart.o
 .rodata.errStr
                0x0800a389        0x9 Src\main.o
                0x0800a389                errStr
 .rodata.lcdTest
                0x0800a392        0x9 Src\main.o
                0x0800a392                lcdTest
 .rodata.main.str1.1
                0x0800a39b       0x78 Src\main.o
 *fill*         0x0800a413        0x1 
 .rodata.measurementTable
                0x0800a414        0xe Src\main.o
                0x0800a414                measurementTable
 .rodata.str1.1
                0x0800a422       0x24 Src\main.o
                                 0x34 (size before relaxing)
 .rodata.AHBPrescTable
                0x0800a446       0x10 Src\system_stm32l0xx.o
                0x0800a446                AHBPrescTable
 .rodata.APBPrescTable
                0x0800a456        0x8 Src\system_stm32l0xx.o
                0x0800a456                APBPrescTable
 .rodata.PLLMulTable
                0x0800a45e        0x9 Src\system_stm32l0xx.o
                0x0800a45e                PLLMulTable
 .rodata.child_pipe
                0x0800a467        0x6 myDrivers\Src\RF24.o
                0x0800a467                child_pipe
 .rodata.child_pipe_enable
                0x0800a46d        0x6 myDrivers\Src\RF24.o
 .rodata.asciiToSeg
                0x0800a473       0x3b myDrivers\Src\glassLCD.o
 *fill*         0x0800a4ae        0x2 
 .rodata.DAYS_IN_MONTH
                0x0800a4b0       0x30 c:/program files (x86)/atollic/truestudio for stm32 9.3.0/armtools/bin/../lib/gcc/arm-atollic-eabi/6.3.1/../../../../arm-atollic-eabi/lib/armv6-m\libc_nano.a(lib_a-mktime.o)
 .rodata._DAYS_BEFORE_MONTH
                0x0800a4e0       0x30 c:/program files (x86)/atollic/truestudio for stm32 9.3.0/armtools/bin/../lib/gcc/arm-atollic-eabi/6.3.1/../../../../arm-atollic-eabi/lib/armv6-m\libc_nano.a(lib_a-mktime.o)
 .rodata.__month_lengths
                0x0800a510       0x60 c:/program files (x86)/atollic/truestudio for stm32 9.3.0/armtools/bin/../lib/gcc/arm-atollic-eabi/6.3.1/../../../../arm-atollic-eabi/lib/armv6-m\libc_nano.a(lib_a-month_lengths.o)
                0x0800a510                __month_lengths
 .rodata._tzset_unlocked_r.str1.1
                0x0800a570       0x3c c:/program files (x86)/atollic/truestudio for stm32 9.3.0/armtools/bin/../lib/gcc/arm-atollic-eabi/6.3.1/../../../../arm-atollic-eabi/lib/armv6-m\libc_nano.a(lib_a-tzset_r.o)
                                 0x4e (size before relaxing)
 .rodata.str1.1
                0x0800a5ac        0x4 c:/program files (x86)/atollic/truestudio for stm32 9.3.0/armtools/bin/../lib/gcc/arm-atollic-eabi/6.3.1/../../../../arm-atollic-eabi/lib/armv6-m\libc_nano.a(lib_a-tzvars.o)
 .rodata._svfprintf_r.str1.1
                0x0800a5ac       0x11 c:/program files (x86)/atollic/truestudio for stm32 9.3.0/armtools/bin/../lib/gcc/arm-atollic-eabi/6.3.1/../../../../arm-atollic-eabi/lib/armv6-m\libc_nano.a(lib_a-nano-svfprintf.o)
 .rodata._printf_i.str1.1
                0x0800a5bd       0x22 c:/program files (x86)/atollic/truestudio for stm32 9.3.0/armtools/bin/../lib/gcc/arm-atollic-eabi/6.3.1/../../../../arm-atollic-eabi/lib/armv6-m\libc_nano.a(lib_a-nano-vfprintf_i.o)
 .rodata._setlocale_r.str1.1
                0x0800a5df        0x6 c:/program files (x86)/atollic/truestudio for stm32 9.3.0/armtools/bin/../lib/gcc/arm-atollic-eabi/6.3.1/../../../../arm-atollic-eabi/lib/armv6-m\libc_nano.a(lib_a-locale.o)
                                  0x9 (size before relaxing)
 .rodata.str1.1
                0x0800a5e5        0x2 c:/program files (x86)/atollic/truestudio for stm32 9.3.0/armtools/bin/../lib/gcc/arm-atollic-eabi/6.3.1/../../../../arm-atollic-eabi/lib/armv6-m\libc_nano.a(lib_a-locale.o)
 .rodata.__ssvfscanf_r.str1.1
                0x0800a5e7        0x4 c:/program files (x86)/atollic/truestudio for stm32 9.3.0/armtools/bin/../lib/gcc/arm-atollic-eabi/6.3.1/../../../../arm-atollic-eabi/lib/armv6-m\libc_nano.a(lib_a-nano-svfscanf.o)
 .rodata._scanf_i.str1.1
                0x0800a5e7       0x12 c:/program files (x86)/atollic/truestudio for stm32 9.3.0/armtools/bin/../lib/gcc/arm-atollic-eabi/6.3.1/../../../../arm-atollic-eabi/lib/armv6-m\libc_nano.a(lib_a-nano-vfscanf_i.o)
 .rodata.str1.1
                0x0800a5f9        0x9 c:/program files (x86)/atollic/truestudio for stm32 9.3.0/armtools/bin/../lib/gcc/arm-atollic-eabi/6.3.1/../../../../arm-atollic-eabi/lib/armv6-m\libc_nano.a(lib_a-nano-vfscanf_i.o)
 .rodata._ctype_
                0x0800a602      0x101 c:/program files (x86)/atollic/truestudio for stm32 9.3.0/armtools/bin/../lib/gcc/arm-atollic-eabi/6.3.1/../../../../arm-atollic-eabi/lib/armv6-m\libc_nano.a(lib_a-ctype_.o)
                0x0800a602                _ctype_
 *fill*         0x0800a703        0x1 
 .rodata.__sf_fake_stderr
                0x0800a704       0x20 c:/program files (x86)/atollic/truestudio for stm32 9.3.0/armtools/bin/../lib/gcc/arm-atollic-eabi/6.3.1/../../../../arm-atollic-eabi/lib/armv6-m\libc_nano.a(lib_a-findfp.o)
                0x0800a704                __sf_fake_stderr
 .rodata.__sf_fake_stdin
                0x0800a724       0x20 c:/program files (x86)/atollic/truestudio for stm32 9.3.0/armtools/bin/../lib/gcc/arm-atollic-eabi/6.3.1/../../../../arm-atollic-eabi/lib/armv6-m\libc_nano.a(lib_a-findfp.o)
                0x0800a724                __sf_fake_stdin
 .rodata.__sf_fake_stdout
                0x0800a744       0x20 c:/program files (x86)/atollic/truestudio for stm32 9.3.0/armtools/bin/../lib/gcc/arm-atollic-eabi/6.3.1/../../../../arm-atollic-eabi/lib/armv6-m\libc_nano.a(lib_a-findfp.o)
                0x0800a744                __sf_fake_stdout
                0x0800a764                . = ALIGN (0x4)

.ARM.extab
 *(.ARM.extab* .gnu.linkonce.armextab.*)

.ARM            0x0800a764        0x8
                0x0800a764                __exidx_start = .
 *(.ARM.exidx*)
 .ARM.exidx     0x0800a764        0x8 c:/program files (x86)/atollic/truestudio for stm32 9.3.0/armtools/bin/../lib/gcc/arm-atollic-eabi/6.3.1/armv6-m\libgcc.a(_udivmoddi4.o)
                0x0800a76c                __exidx_end = .

.rel.dyn        0x0800a76c        0x0
 .rel.iplt      0x0800a76c        0x0 c:/program files (x86)/atollic/truestudio for stm32 9.3.0/armtools/bin/../lib/gcc/arm-atollic-eabi/6.3.1/armv6-m/crtbegin.o

.preinit_array  0x0800a76c        0x0
                0x0800a76c                PROVIDE (__preinit_array_start, .)
 *(.preinit_array*)
                0x0800a76c                PROVIDE (__preinit_array_end, .)

.init_array     0x0800a76c        0x4
                0x0800a76c                PROVIDE (__init_array_start, .)
 *(SORT(.init_array.*))
 *(.init_array*)
 .init_array    0x0800a76c        0x4 c:/program files (x86)/atollic/truestudio for stm32 9.3.0/armtools/bin/../lib/gcc/arm-atollic-eabi/6.3.1/armv6-m/crtbegin.o
                0x0800a770                PROVIDE (__init_array_end, .)

.fini_array     0x0800a770        0x4
                [!provide]                PROVIDE (__fini_array_start, .)
 *(SORT(.fini_array.*))
 *(.fini_array*)
 .fini_array    0x0800a770        0x4 c:/program files (x86)/atollic/truestudio for stm32 9.3.0/armtools/bin/../lib/gcc/arm-atollic-eabi/6.3.1/armv6-m/crtbegin.o
                [!provide]                PROVIDE (__fini_array_end, .)
                0x0800a774                _sidata = LOADADDR (.data)

.data           0x20000000      0x288 load address 0x0800a774
                0x20000000                . = ALIGN (0x4)
                0x20000000                _sdata = .
 *(.data)
 *(.data*)
 .data.uwTickFreq
                0x20000000        0x1 Drivers\STM32L0xx_HAL_Driver\Src\stm32l0xx_hal.o
                0x20000000                uwTickFreq
 *fill*         0x20000001        0x3 
 .data.uwTickPrio
                0x20000004        0x4 Drivers\STM32L0xx_HAL_Driver\Src\stm32l0xx_hal.o
                0x20000004                uwTickPrio
 .data.syncStruct
                0x20000008       0x10 Src\main.o
                0x20000008                syncStruct
 .data.windStr  0x20000018       0x40 Src\main.o
                0x20000018                windStr
 .data.environ  0x20000058        0x4 Src\syscalls.o
                0x20000058                environ
 .data.SystemCoreClock
                0x2000005c        0x4 Src\system_stm32l0xx.o
                0x2000005c                SystemCoreClock
 .data.addr     0x20000060       0x10 myDrivers\Src\communication.o
                0x20000060                addr
 .data._impure_ptr
                0x20000070        0x4 c:/program files (x86)/atollic/truestudio for stm32 9.3.0/armtools/bin/../lib/gcc/arm-atollic-eabi/6.3.1/../../../../arm-atollic-eabi/lib/armv6-m\libc_nano.a(lib_a-impure.o)
                0x20000070                _impure_ptr
 .data.impure_data
                0x20000074       0x60 c:/program files (x86)/atollic/truestudio for stm32 9.3.0/armtools/bin/../lib/gcc/arm-atollic-eabi/6.3.1/../../../../arm-atollic-eabi/lib/armv6-m\libc_nano.a(lib_a-impure.o)
 .data._tzname  0x200000d4        0x8 c:/program files (x86)/atollic/truestudio for stm32 9.3.0/armtools/bin/../lib/gcc/arm-atollic-eabi/6.3.1/../../../../arm-atollic-eabi/lib/armv6-m\libc_nano.a(lib_a-tzvars.o)
                0x200000d4                _tzname
 .data.tzinfo   0x200000dc       0x40 c:/program files (x86)/atollic/truestudio for stm32 9.3.0/armtools/bin/../lib/gcc/arm-atollic-eabi/6.3.1/../../../../arm-atollic-eabi/lib/armv6-m\libc_nano.a(lib_a-gettzinfo.o)
 .data.__global_locale
                0x2000011c      0x16c c:/program files (x86)/atollic/truestudio for stm32 9.3.0/armtools/bin/../lib/gcc/arm-atollic-eabi/6.3.1/../../../../arm-atollic-eabi/lib/armv6-m\libc_nano.a(lib_a-locale.o)
                0x2000011c                __global_locale
                0x20000288                . = ALIGN (0x4)
                0x20000288                _edata = .

.igot.plt       0x20000288        0x0 load address 0x0800a9fc
 .igot.plt      0x20000288        0x0 c:/program files (x86)/atollic/truestudio for stm32 9.3.0/armtools/bin/../lib/gcc/arm-atollic-eabi/6.3.1/armv6-m/crtbegin.o
                0x20000288                . = ALIGN (0x4)

.bss            0x20000288      0x390 load address 0x0800a9fc
                0x20000288                _sbss = .
                0x20000288                __bss_start__ = _sbss
 *(.bss)
 .bss           0x20000288       0x1c c:/program files (x86)/atollic/truestudio for stm32 9.3.0/armtools/bin/../lib/gcc/arm-atollic-eabi/6.3.1/armv6-m/crtbegin.o
 *(.bss*)
 .bss.alarmInterruptFlag
                0x200002a4        0x1 Src\main.o
                0x200002a4                alarmInterruptFlag
 .bss.firstTimeSync
                0x200002a5        0x1 Src\main.o
                0x200002a5                firstTimeSync
 *fill*         0x200002a6        0x2 
 .bss.interruptButton
                0x200002a8        0x4 Src\main.o
                0x200002a8                interruptButton
 .bss.windDirCalibration
                0x200002ac        0x2 Src\main.o
                0x200002ac                windDirCalibration
 *fill*         0x200002ae        0x2 
 .bss.__env     0x200002b0        0x4 Src\syscalls.o
                0x200002b0                __env
 .bss.heap_end.5887
                0x200002b4        0x4 Src\syscalls.o
 .bss.c5        0x200002b8        0x8 myDrivers\Src\BMP180.o
 .bss.c6        0x200002c0        0x8 myDrivers\Src\BMP180.o
 .bss.mc        0x200002c8        0x8 myDrivers\Src\BMP180.o
 .bss.md        0x200002d0        0x8 myDrivers\Src\BMP180.o
 .bss.p0        0x200002d8        0x8 myDrivers\Src\BMP180.o
 .bss.p1        0x200002e0        0x8 myDrivers\Src\BMP180.o
 .bss.p2        0x200002e8        0x8 myDrivers\Src\BMP180.o
 .bss.xx0       0x200002f0        0x8 myDrivers\Src\BMP180.o
 .bss.xx1       0x200002f8        0x8 myDrivers\Src\BMP180.o
 .bss.xx2       0x20000300        0x8 myDrivers\Src\BMP180.o
 .bss.yy0       0x20000308        0x8 myDrivers\Src\BMP180.o
 .bss.yy1       0x20000310        0x8 myDrivers\Src\BMP180.o
 .bss.yy2       0x20000318        0x8 myDrivers\Src\BMP180.o
 .bss._dots     0x20000320        0x1 myDrivers\Src\glassLCD.o
 .bss._lcdTemp  0x20000321        0x9 myDrivers\Src\glassLCD.o
 *fill*         0x2000032a        0x2 
 .bss.__malloc_free_list
                0x2000032c        0x4 c:/program files (x86)/atollic/truestudio for stm32 9.3.0/armtools/bin/../lib/gcc/arm-atollic-eabi/6.3.1/../../../../arm-atollic-eabi/lib/armv6-m\libc_nano.a(lib_a-nano-mallocr.o)
                0x2000032c                __malloc_free_list
 .bss.__malloc_sbrk_start
                0x20000330        0x4 c:/program files (x86)/atollic/truestudio for stm32 9.3.0/armtools/bin/../lib/gcc/arm-atollic-eabi/6.3.1/../../../../arm-atollic-eabi/lib/armv6-m\libc_nano.a(lib_a-nano-mallocr.o)
                0x20000330                __malloc_sbrk_start
 .bss.__tzname_dst
                0x20000334        0xb c:/program files (x86)/atollic/truestudio for stm32 9.3.0/armtools/bin/../lib/gcc/arm-atollic-eabi/6.3.1/../../../../arm-atollic-eabi/lib/armv6-m\libc_nano.a(lib_a-tzset_r.o)
 .bss.__tzname_std
                0x2000033f        0xb c:/program files (x86)/atollic/truestudio for stm32 9.3.0/armtools/bin/../lib/gcc/arm-atollic-eabi/6.3.1/../../../../arm-atollic-eabi/lib/armv6-m\libc_nano.a(lib_a-tzset_r.o)
 *fill*         0x2000034a        0x2 
 .bss.prev_tzenv
                0x2000034c        0x4 c:/program files (x86)/atollic/truestudio for stm32 9.3.0/armtools/bin/../lib/gcc/arm-atollic-eabi/6.3.1/../../../../arm-atollic-eabi/lib/armv6-m\libc_nano.a(lib_a-tzset_r.o)
 .bss._daylight
                0x20000350        0x4 c:/program files (x86)/atollic/truestudio for stm32 9.3.0/armtools/bin/../lib/gcc/arm-atollic-eabi/6.3.1/../../../../arm-atollic-eabi/lib/armv6-m\libc_nano.a(lib_a-tzvars.o)
                0x20000350                _daylight
 .bss._timezone
                0x20000354        0x4 c:/program files (x86)/atollic/truestudio for stm32 9.3.0/armtools/bin/../lib/gcc/arm-atollic-eabi/6.3.1/../../../../arm-atollic-eabi/lib/armv6-m\libc_nano.a(lib_a-tzvars.o)
                0x20000354                _timezone
 *(COMMON)
 COMMON         0x20000358        0x4 Drivers\STM32L0xx_HAL_Driver\Src\stm32l0xx_hal.o
                0x20000358                uwTick
 *fill*         0x2000035c        0x4 
 COMMON         0x20000360      0x2b1 Src\main.o
                0x20000360                addr_width
                0x20000361                lcdTemp
                0x20000375                dynamic_payloads_enabled
                0x20000378                hi2c1
                0x200003c4                RF24_failureDetected
                0x200003c8                ce_port
                0x200003cc                ack_payloads_enabled
                0x200003d0                currentWeatherData
                0x20000410                csn_pin
                0x20000418                weatherData
                0x20000458                hrtc
                0x2000047c                htim6
                0x200004b8                sendInterval
                0x200004bc                pipe0_reading_address
                0x200004c2                ce_pin
                0x200004c4                config_reg
                0x200004c8                txDelay
                0x200004cc                hspi1
                0x20000524                csDelay
                0x20000528                csn_port
                0x2000052c                _is_p_variant
                0x20000530                huart2
                0x200005b0                payload_size
                0x200005b4                hadc
                0x20000610                status
 *fill*         0x20000611        0x3 
 COMMON         0x20000614        0x4 c:/program files (x86)/atollic/truestudio for stm32 9.3.0/armtools/bin/../lib/gcc/arm-atollic-eabi/6.3.1/../../../../arm-atollic-eabi/lib/armv6-m\libc_nano.a(lib_a-reent.o)
                0x20000614                errno
                0x20000618                . = ALIGN (0x4)
                0x20000618                _ebss = .
                0x20000618                __bss_end__ = _ebss

._user_heap_stack
                0x20000618      0x600 load address 0x0800a9fc
                0x20000618                . = ALIGN (0x4)
                0x20000618                PROVIDE (end, .)
                [!provide]                PROVIDE (_end, .)
                0x20000818                . = (. + _Min_Heap_Size)
 *fill*         0x20000618      0x200 
                0x20000c18                . = (. + _Min_Stack_Size)
 *fill*         0x20000818      0x400 
                0x20000c18                . = ALIGN (0x4)

/DISCARD/
 libc.a(*)
 libm.a(*)
 libgcc.a(*)

.ARM.attributes
                0x00000000       0x28
 *(.ARM.attributes)
 .ARM.attributes
                0x00000000       0x1e c:/program files (x86)/atollic/truestudio for stm32 9.3.0/armtools/bin/../lib/gcc/arm-atollic-eabi/6.3.1/armv6-m/crti.o
 .ARM.attributes
                0x0000001e       0x2c c:/program files (x86)/atollic/truestudio for stm32 9.3.0/armtools/bin/../lib/gcc/arm-atollic-eabi/6.3.1/armv6-m/crtbegin.o
 .ARM.attributes
                0x0000004a       0x32 Drivers\STM32L0xx_HAL_Driver\Src\stm32l0xx_hal.o
 .ARM.attributes
                0x0000007c       0x32 Drivers\STM32L0xx_HAL_Driver\Src\stm32l0xx_hal_adc.o
 .ARM.attributes
                0x000000ae       0x32 Drivers\STM32L0xx_HAL_Driver\Src\stm32l0xx_hal_adc_ex.o
 .ARM.attributes
                0x000000e0       0x32 Drivers\STM32L0xx_HAL_Driver\Src\stm32l0xx_hal_cortex.o
 .ARM.attributes
                0x00000112       0x32 Drivers\STM32L0xx_HAL_Driver\Src\stm32l0xx_hal_gpio.o
 .ARM.attributes
                0x00000144       0x32 Drivers\STM32L0xx_HAL_Driver\Src\stm32l0xx_hal_i2c.o
 .ARM.attributes
                0x00000176       0x32 Drivers\STM32L0xx_HAL_Driver\Src\stm32l0xx_hal_i2c_ex.o
 .ARM.attributes
                0x000001a8       0x32 Drivers\STM32L0xx_HAL_Driver\Src\stm32l0xx_hal_pwr.o
 .ARM.attributes
                0x000001da       0x32 Drivers\STM32L0xx_HAL_Driver\Src\stm32l0xx_hal_pwr_ex.o
 .ARM.attributes
                0x0000020c       0x32 Drivers\STM32L0xx_HAL_Driver\Src\stm32l0xx_hal_rcc.o
 .ARM.attributes
                0x0000023e       0x32 Drivers\STM32L0xx_HAL_Driver\Src\stm32l0xx_hal_rcc_ex.o
 .ARM.attributes
                0x00000270       0x32 Drivers\STM32L0xx_HAL_Driver\Src\stm32l0xx_hal_rtc.o
 .ARM.attributes
                0x000002a2       0x32 Drivers\STM32L0xx_HAL_Driver\Src\stm32l0xx_hal_rtc_ex.o
 .ARM.attributes
                0x000002d4       0x32 Drivers\STM32L0xx_HAL_Driver\Src\stm32l0xx_hal_spi.o
 .ARM.attributes
                0x00000306       0x32 Drivers\STM32L0xx_HAL_Driver\Src\stm32l0xx_hal_tim.o
 .ARM.attributes
                0x00000338       0x32 Drivers\STM32L0xx_HAL_Driver\Src\stm32l0xx_hal_tim_ex.o
 .ARM.attributes
                0x0000036a       0x32 Drivers\STM32L0xx_HAL_Driver\Src\stm32l0xx_hal_uart.o
 .ARM.attributes
                0x0000039c       0x32 Src\main.o
 .ARM.attributes
                0x000003ce       0x32 Src\stm32l0xx_hal_msp.o
 .ARM.attributes
                0x00000400       0x32 Src\stm32l0xx_it.o
 .ARM.attributes
                0x00000432       0x32 Src\syscalls.o
 .ARM.attributes
                0x00000464       0x32 Src\system_stm32l0xx.o
 .ARM.attributes
                0x00000496       0x32 myDrivers\Src\BMP180.o
 .ARM.attributes
                0x000004c8       0x32 myDrivers\Src\RF24.o
 .ARM.attributes
                0x000004fa       0x32 myDrivers\Src\SHT21.o
 .ARM.attributes
                0x0000052c       0x32 myDrivers\Src\Si1147.o
 .ARM.attributes
                0x0000055e       0x32 myDrivers\Src\communication.o
 .ARM.attributes
                0x00000590       0x32 myDrivers\Src\glassLCD.o
 .ARM.attributes
                0x000005c2       0x32 myDrivers\Src\rtc.o
 .ARM.attributes
                0x000005f4       0x32 myDrivers\Src\sleep.o
 .ARM.attributes
                0x00000626       0x22 startup\startup_stm32l073xx.o
 .ARM.attributes
                0x00000648       0x2c c:/program files (x86)/atollic/truestudio for stm32 9.3.0/armtools/bin/../lib/gcc/arm-atollic-eabi/6.3.1/../../../../arm-atollic-eabi/lib/armv6-m\libc_nano.a(lib_a-errno.o)
 .ARM.attributes
                0x00000674       0x2c c:/program files (x86)/atollic/truestudio for stm32 9.3.0/armtools/bin/../lib/gcc/arm-atollic-eabi/6.3.1/../../../../arm-atollic-eabi/lib/armv6-m\libc_nano.a(lib_a-impure.o)
 .ARM.attributes
                0x000006a0       0x2c c:/program files (x86)/atollic/truestudio for stm32 9.3.0/armtools/bin/../lib/gcc/arm-atollic-eabi/6.3.1/../../../../arm-atollic-eabi/lib/armv6-m\libc_nano.a(lib_a-init.o)
 .ARM.attributes
                0x000006cc       0x2c c:/program files (x86)/atollic/truestudio for stm32 9.3.0/armtools/bin/../lib/gcc/arm-atollic-eabi/6.3.1/../../../../arm-atollic-eabi/lib/armv6-m\libc_nano.a(lib_a-lcltime.o)
 .ARM.attributes
                0x000006f8       0x2c c:/program files (x86)/atollic/truestudio for stm32 9.3.0/armtools/bin/../lib/gcc/arm-atollic-eabi/6.3.1/../../../../arm-atollic-eabi/lib/armv6-m\libc_nano.a(lib_a-lcltime_r.o)
 .ARM.attributes
                0x00000724       0x2c c:/program files (x86)/atollic/truestudio for stm32 9.3.0/armtools/bin/../lib/gcc/arm-atollic-eabi/6.3.1/../../../../arm-atollic-eabi/lib/armv6-m\libc_nano.a(lib_a-malloc.o)
 .ARM.attributes
                0x00000750       0x2c c:/program files (x86)/atollic/truestudio for stm32 9.3.0/armtools/bin/../lib/gcc/arm-atollic-eabi/6.3.1/../../../../arm-atollic-eabi/lib/armv6-m\libc_nano.a(lib_a-memcpy-stub.o)
 .ARM.attributes
                0x0000077c       0x2c c:/program files (x86)/atollic/truestudio for stm32 9.3.0/armtools/bin/../lib/gcc/arm-atollic-eabi/6.3.1/../../../../arm-atollic-eabi/lib/armv6-m\libc_nano.a(lib_a-memset.o)
 .ARM.attributes
                0x000007a8       0x2c c:/program files (x86)/atollic/truestudio for stm32 9.3.0/armtools/bin/../lib/gcc/arm-atollic-eabi/6.3.1/../../../../arm-atollic-eabi/lib/armv6-m\libc_nano.a(lib_a-mktime.o)
 .ARM.attributes
                0x000007d4       0x2c c:/program files (x86)/atollic/truestudio for stm32 9.3.0/armtools/bin/../lib/gcc/arm-atollic-eabi/6.3.1/../../../../arm-atollic-eabi/lib/armv6-m\libc_nano.a(lib_a-month_lengths.o)
 .ARM.attributes
                0x00000800       0x2c c:/program files (x86)/atollic/truestudio for stm32 9.3.0/armtools/bin/../lib/gcc/arm-atollic-eabi/6.3.1/../../../../arm-atollic-eabi/lib/armv6-m\libc_nano.a(lib_a-nano-freer.o)
 .ARM.attributes
                0x0000082c       0x2c c:/program files (x86)/atollic/truestudio for stm32 9.3.0/armtools/bin/../lib/gcc/arm-atollic-eabi/6.3.1/../../../../arm-atollic-eabi/lib/armv6-m\libc_nano.a(lib_a-nano-mallocr.o)
 .ARM.attributes
                0x00000858       0x2c c:/program files (x86)/atollic/truestudio for stm32 9.3.0/armtools/bin/../lib/gcc/arm-atollic-eabi/6.3.1/../../../../arm-atollic-eabi/lib/armv6-m\libc_nano.a(lib_a-sbrkr.o)
 .ARM.attributes
                0x00000884       0x2c c:/program files (x86)/atollic/truestudio for stm32 9.3.0/armtools/bin/../lib/gcc/arm-atollic-eabi/6.3.1/../../../../arm-atollic-eabi/lib/armv6-m\libc_nano.a(lib_a-sprintf.o)
 .ARM.attributes
                0x000008b0       0x1c c:/program files (x86)/atollic/truestudio for stm32 9.3.0/armtools/bin/../lib/gcc/arm-atollic-eabi/6.3.1/../../../../arm-atollic-eabi/lib/armv6-m\libc_nano.a(lib_a-strlen.o)
 .ARM.attributes
                0x000008cc       0x2c c:/program files (x86)/atollic/truestudio for stm32 9.3.0/armtools/bin/../lib/gcc/arm-atollic-eabi/6.3.1/../../../../arm-atollic-eabi/lib/armv6-m\libc_nano.a(lib_a-tzcalc_limits.o)
 .ARM.attributes
                0x000008f8       0x2c c:/program files (x86)/atollic/truestudio for stm32 9.3.0/armtools/bin/../lib/gcc/arm-atollic-eabi/6.3.1/../../../../arm-atollic-eabi/lib/armv6-m\libc_nano.a(lib_a-tzlock.o)
 .ARM.attributes
                0x00000924       0x2c c:/program files (x86)/atollic/truestudio for stm32 9.3.0/armtools/bin/../lib/gcc/arm-atollic-eabi/6.3.1/../../../../arm-atollic-eabi/lib/armv6-m\libc_nano.a(lib_a-tzset.o)
 .ARM.attributes
                0x00000950       0x2c c:/program files (x86)/atollic/truestudio for stm32 9.3.0/armtools/bin/../lib/gcc/arm-atollic-eabi/6.3.1/../../../../arm-atollic-eabi/lib/armv6-m\libc_nano.a(lib_a-tzset_r.o)
 .ARM.attributes
                0x0000097c       0x2c c:/program files (x86)/atollic/truestudio for stm32 9.3.0/armtools/bin/../lib/gcc/arm-atollic-eabi/6.3.1/../../../../arm-atollic-eabi/lib/armv6-m\libc_nano.a(lib_a-tzvars.o)
 .ARM.attributes
                0x000009a8       0x2c c:/program files (x86)/atollic/truestudio for stm32 9.3.0/armtools/bin/../lib/gcc/arm-atollic-eabi/6.3.1/../../../../arm-atollic-eabi/lib/armv6-m\libc_nano.a(lib_a-div.o)
 .ARM.attributes
                0x000009d4       0x2c c:/program files (x86)/atollic/truestudio for stm32 9.3.0/armtools/bin/../lib/gcc/arm-atollic-eabi/6.3.1/../../../../arm-atollic-eabi/lib/armv6-m\libc_nano.a(lib_a-getenv_r.o)
 .ARM.attributes
                0x00000a00       0x2c c:/program files (x86)/atollic/truestudio for stm32 9.3.0/armtools/bin/../lib/gcc/arm-atollic-eabi/6.3.1/../../../../arm-atollic-eabi/lib/armv6-m\libc_nano.a(lib_a-gettzinfo.o)
 .ARM.attributes
                0x00000a2c       0x2c c:/program files (x86)/atollic/truestudio for stm32 9.3.0/armtools/bin/../lib/gcc/arm-atollic-eabi/6.3.1/../../../../arm-atollic-eabi/lib/armv6-m\libc_nano.a(lib_a-gmtime_r.o)
 .ARM.attributes
                0x00000a58       0x2c c:/program files (x86)/atollic/truestudio for stm32 9.3.0/armtools/bin/../lib/gcc/arm-atollic-eabi/6.3.1/../../../../arm-atollic-eabi/lib/armv6-m\libc_nano.a(lib_a-mlock.o)
 .ARM.attributes
                0x00000a84       0x2c c:/program files (x86)/atollic/truestudio for stm32 9.3.0/armtools/bin/../lib/gcc/arm-atollic-eabi/6.3.1/../../../../arm-atollic-eabi/lib/armv6-m\libc_nano.a(lib_a-nano-svfprintf.o)
 .ARM.attributes
                0x00000ab0       0x2c c:/program files (x86)/atollic/truestudio for stm32 9.3.0/armtools/bin/../lib/gcc/arm-atollic-eabi/6.3.1/../../../../arm-atollic-eabi/lib/armv6-m\libc_nano.a(lib_a-nano-vfprintf_i.o)
 .ARM.attributes
                0x00000adc       0x2c c:/program files (x86)/atollic/truestudio for stm32 9.3.0/armtools/bin/../lib/gcc/arm-atollic-eabi/6.3.1/../../../../arm-atollic-eabi/lib/armv6-m\libc_nano.a(lib_a-reent.o)
 .ARM.attributes
                0x00000b08       0x2c c:/program files (x86)/atollic/truestudio for stm32 9.3.0/armtools/bin/../lib/gcc/arm-atollic-eabi/6.3.1/../../../../arm-atollic-eabi/lib/armv6-m\libc_nano.a(lib_a-sscanf.o)
 .ARM.attributes
                0x00000b34       0x2c c:/program files (x86)/atollic/truestudio for stm32 9.3.0/armtools/bin/../lib/gcc/arm-atollic-eabi/6.3.1/../../../../arm-atollic-eabi/lib/armv6-m\libc_nano.a(lib_a-stdio.o)
 .ARM.attributes
                0x00000b60       0x1c c:/program files (x86)/atollic/truestudio for stm32 9.3.0/armtools/bin/../lib/gcc/arm-atollic-eabi/6.3.1/../../../../arm-atollic-eabi/lib/armv6-m\libc_nano.a(lib_a-strcmp.o)
 .ARM.attributes
                0x00000b7c       0x2c c:/program files (x86)/atollic/truestudio for stm32 9.3.0/armtools/bin/../lib/gcc/arm-atollic-eabi/6.3.1/../../../../arm-atollic-eabi/lib/armv6-m\libc_nano.a(lib_a-strcpy.o)
 .ARM.attributes
                0x00000ba8       0x2c c:/program files (x86)/atollic/truestudio for stm32 9.3.0/armtools/bin/../lib/gcc/arm-atollic-eabi/6.3.1/../../../../arm-atollic-eabi/lib/armv6-m\libc_nano.a(lib_a-strncmp.o)
 .ARM.attributes
                0x00000bd4       0x2c c:/program files (x86)/atollic/truestudio for stm32 9.3.0/armtools/bin/../lib/gcc/arm-atollic-eabi/6.3.1/../../../../arm-atollic-eabi/lib/armv6-m\libc_nano.a(lib_a-strtoul.o)
 .ARM.attributes
                0x00000c00       0x2c c:/program files (x86)/atollic/truestudio for stm32 9.3.0/armtools/bin/../lib/gcc/arm-atollic-eabi/6.3.1/../../../../arm-atollic-eabi/lib/armv6-m\libc_nano.a(lib_a-envlock.o)
 .ARM.attributes
                0x00000c2c       0x2c c:/program files (x86)/atollic/truestudio for stm32 9.3.0/armtools/bin/../lib/gcc/arm-atollic-eabi/6.3.1/../../../../arm-atollic-eabi/lib/armv6-m\libc_nano.a(lib_a-locale.o)
 .ARM.attributes
                0x00000c58       0x2c c:/program files (x86)/atollic/truestudio for stm32 9.3.0/armtools/bin/../lib/gcc/arm-atollic-eabi/6.3.1/../../../../arm-atollic-eabi/lib/armv6-m\libc_nano.a(lib_a-mbtowc_r.o)
 .ARM.attributes
                0x00000c84       0x2c c:/program files (x86)/atollic/truestudio for stm32 9.3.0/armtools/bin/../lib/gcc/arm-atollic-eabi/6.3.1/../../../../arm-atollic-eabi/lib/armv6-m\libc_nano.a(lib_a-memchr-stub.o)
 .ARM.attributes
                0x00000cb0       0x2c c:/program files (x86)/atollic/truestudio for stm32 9.3.0/armtools/bin/../lib/gcc/arm-atollic-eabi/6.3.1/../../../../arm-atollic-eabi/lib/armv6-m\libc_nano.a(lib_a-memmove.o)
 .ARM.attributes
                0x00000cdc       0x2c c:/program files (x86)/atollic/truestudio for stm32 9.3.0/armtools/bin/../lib/gcc/arm-atollic-eabi/6.3.1/../../../../arm-atollic-eabi/lib/armv6-m\libc_nano.a(lib_a-nano-reallocr.o)
 .ARM.attributes
                0x00000d08       0x2c c:/program files (x86)/atollic/truestudio for stm32 9.3.0/armtools/bin/../lib/gcc/arm-atollic-eabi/6.3.1/../../../../arm-atollic-eabi/lib/armv6-m\libc_nano.a(lib_a-nano-svfscanf.o)
 .ARM.attributes
                0x00000d34       0x2c c:/program files (x86)/atollic/truestudio for stm32 9.3.0/armtools/bin/../lib/gcc/arm-atollic-eabi/6.3.1/../../../../arm-atollic-eabi/lib/armv6-m\libc_nano.a(lib_a-nano-vfscanf_i.o)
 .ARM.attributes
                0x00000d60       0x2c c:/program files (x86)/atollic/truestudio for stm32 9.3.0/armtools/bin/../lib/gcc/arm-atollic-eabi/6.3.1/../../../../arm-atollic-eabi/lib/armv6-m\libc_nano.a(lib_a-sccl.o)
 .ARM.attributes
                0x00000d8c       0x2c c:/program files (x86)/atollic/truestudio for stm32 9.3.0/armtools/bin/../lib/gcc/arm-atollic-eabi/6.3.1/../../../../arm-atollic-eabi/lib/armv6-m\libc_nano.a(lib_a-strtol.o)
 .ARM.attributes
                0x00000db8       0x2c c:/program files (x86)/atollic/truestudio for stm32 9.3.0/armtools/bin/../lib/gcc/arm-atollic-eabi/6.3.1/../../../../arm-atollic-eabi/lib/armv6-m\libc_nano.a(lib_a-ungetc.o)
 .ARM.attributes
                0x00000de4       0x2c c:/program files (x86)/atollic/truestudio for stm32 9.3.0/armtools/bin/../lib/gcc/arm-atollic-eabi/6.3.1/../../../../arm-atollic-eabi/lib/armv6-m\libc_nano.a(lib_a-wctomb_r.o)
 .ARM.attributes
                0x00000e10       0x2c c:/program files (x86)/atollic/truestudio for stm32 9.3.0/armtools/bin/../lib/gcc/arm-atollic-eabi/6.3.1/../../../../arm-atollic-eabi/lib/armv6-m\libc_nano.a(lib_a-ctype_.o)
 .ARM.attributes
                0x00000e3c       0x2c c:/program files (x86)/atollic/truestudio for stm32 9.3.0/armtools/bin/../lib/gcc/arm-atollic-eabi/6.3.1/../../../../arm-atollic-eabi/lib/armv6-m\libc_nano.a(lib_a-findfp.o)
 .ARM.attributes