Archive member included to satisfy reference by file (symbol)

c:/program files (x86)/atollic/truestudio for stm32 9.3.0/armtools/bin/../lib/gcc/arm-atollic-eabi/6.3.1/../../../../arm-atollic-eabi/lib/armv6-m\libc_nano.a(lib_a-errno.o)
                              Src\syscalls.o (__errno)
c:/program files (x86)/atollic/truestudio for stm32 9.3.0/armtools/bin/../lib/gcc/arm-atollic-eabi/6.3.1/../../../../arm-atollic-eabi/lib/armv6-m\libc_nano.a(lib_a-impure.o)
                              c:/program files (x86)/atollic/truestudio for stm32 9.3.0/armtools/bin/../lib/gcc/arm-atollic-eabi/6.3.1/../../../../arm-atollic-eabi/lib/armv6-m\libc_nano.a(lib_a-errno.o) (_impure_ptr)
c:/program files (x86)/atollic/truestudio for stm32 9.3.0/armtools/bin/../lib/gcc/arm-atollic-eabi/6.3.1/../../../../arm-atollic-eabi/lib/armv6-m\libc_nano.a(lib_a-init.o)
                              startup\startup_stm32l053xx.o (__libc_init_array)
c:/program files (x86)/atollic/truestudio for stm32 9.3.0/armtools/bin/../lib/gcc/arm-atollic-eabi/6.3.1/../../../../arm-atollic-eabi/lib/armv6-m\libc_nano.a(lib_a-lcltime.o)
                              myDrivers\Src\rtc.o (localtime)
c:/program files (x86)/atollic/truestudio for stm32 9.3.0/armtools/bin/../lib/gcc/arm-atollic-eabi/6.3.1/../../../../arm-atollic-eabi/lib/armv6-m\libc_nano.a(lib_a-lcltime_r.o)
                              c:/program files (x86)/atollic/truestudio for stm32 9.3.0/armtools/bin/../lib/gcc/arm-atollic-eabi/6.3.1/../../../../arm-atollic-eabi/lib/armv6-m\libc_nano.a(lib_a-lcltime.o) (localtime_r)
c:/program files (x86)/atollic/truestudio for stm32 9.3.0/armtools/bin/../lib/gcc/arm-atollic-eabi/6.3.1/../../../../arm-atollic-eabi/lib/armv6-m\libc_nano.a(lib_a-malloc.o)
                              c:/program files (x86)/atollic/truestudio for stm32 9.3.0/armtools/bin/../lib/gcc/arm-atollic-eabi/6.3.1/../../../../arm-atollic-eabi/lib/armv6-m\libc_nano.a(lib_a-lcltime.o) (malloc)
c:/program files (x86)/atollic/truestudio for stm32 9.3.0/armtools/bin/../lib/gcc/arm-atollic-eabi/6.3.1/../../../../arm-atollic-eabi/lib/armv6-m\libc_nano.a(lib_a-memcpy-stub.o)
                              Src\communication.o (memcpy)
c:/program files (x86)/atollic/truestudio for stm32 9.3.0/armtools/bin/../lib/gcc/arm-atollic-eabi/6.3.1/../../../../arm-atollic-eabi/lib/armv6-m\libc_nano.a(lib_a-memset.o)
                              Drivers\STM32L0xx_HAL_Driver\Src\stm32l0xx_hal_rcc.o (memset)
c:/program files (x86)/atollic/truestudio for stm32 9.3.0/armtools/bin/../lib/gcc/arm-atollic-eabi/6.3.1/../../../../arm-atollic-eabi/lib/armv6-m\libc_nano.a(lib_a-mktime.o)
                              myDrivers\Src\rtc.o (mktime)
c:/program files (x86)/atollic/truestudio for stm32 9.3.0/armtools/bin/../lib/gcc/arm-atollic-eabi/6.3.1/../../../../arm-atollic-eabi/lib/armv6-m\libc_nano.a(lib_a-month_lengths.o)
                              c:/program files (x86)/atollic/truestudio for stm32 9.3.0/armtools/bin/../lib/gcc/arm-atollic-eabi/6.3.1/../../../../arm-atollic-eabi/lib/armv6-m\libc_nano.a(lib_a-lcltime_r.o) (__month_lengths)
c:/program files (x86)/atollic/truestudio for stm32 9.3.0/armtools/bin/../lib/gcc/arm-atollic-eabi/6.3.1/../../../../arm-atollic-eabi/lib/armv6-m\libc_nano.a(lib_a-nano-freer.o)
                              c:/program files (x86)/atollic/truestudio for stm32 9.3.0/armtools/bin/../lib/gcc/arm-atollic-eabi/6.3.1/../../../../arm-atollic-eabi/lib/armv6-m\libc_nano.a(lib_a-malloc.o) (_free_r)
c:/program files (x86)/atollic/truestudio for stm32 9.3.0/armtools/bin/../lib/gcc/arm-atollic-eabi/6.3.1/../../../../arm-atollic-eabi/lib/armv6-m\libc_nano.a(lib_a-nano-mallocr.o)
                              c:/program files (x86)/atollic/truestudio for stm32 9.3.0/armtools/bin/../lib/gcc/arm-atollic-eabi/6.3.1/../../../../arm-atollic-eabi/lib/armv6-m\libc_nano.a(lib_a-malloc.o) (_malloc_r)
c:/program files (x86)/atollic/truestudio for stm32 9.3.0/armtools/bin/../lib/gcc/arm-atollic-eabi/6.3.1/../../../../arm-atollic-eabi/lib/armv6-m\libc_nano.a(lib_a-sbrkr.o)
                              c:/program files (x86)/atollic/truestudio for stm32 9.3.0/armtools/bin/../lib/gcc/arm-atollic-eabi/6.3.1/../../../../arm-atollic-eabi/lib/armv6-m\libc_nano.a(lib_a-nano-mallocr.o) (_sbrk_r)
c:/program files (x86)/atollic/truestudio for stm32 9.3.0/armtools/bin/../lib/gcc/arm-atollic-eabi/6.3.1/../../../../arm-atollic-eabi/lib/armv6-m\libc_nano.a(lib_a-sprintf.o)
                              Src\communication.o (sprintf)
c:/program files (x86)/atollic/truestudio for stm32 9.3.0/armtools/bin/../lib/gcc/arm-atollic-eabi/6.3.1/../../../../arm-atollic-eabi/lib/armv6-m\libc_nano.a(lib_a-strlen.o)
                              Src\main.o (strlen)
c:/program files (x86)/atollic/truestudio for stm32 9.3.0/armtools/bin/../lib/gcc/arm-atollic-eabi/6.3.1/../../../../arm-atollic-eabi/lib/armv6-m\libc_nano.a(lib_a-tzcalc_limits.o)
[...]
Memory Configuration

Name             Origin             Length             Attributes
RAM              0x20000000         0x00002000         xrw
FLASH            0x08000000         0x00010000         xr
*default*        0x00000000         0xffffffff

Linker script and memory map

LOAD c:/program files (x86)/atollic/truestudio for stm32 9.3.0/armtools/bin/../lib/gcc/arm-atollic-eabi/6.3.1/armv6-m/crti.o
LOAD c:/program files (x86)/atollic/truestudio for stm32 9.3.0/armtools/bin/../lib/gcc/arm-atollic-eabi/6.3.1/armv6-m/crtbegin.o
LOAD Drivers\STM32L0xx_HAL_Driver\Src\stm32l0xx_hal.o
LOAD Drivers\STM32L0xx_HAL_Driver\Src\stm32l0xx_hal_adc.o
LOAD Drivers\STM32L0xx_HAL_Driver\Src\stm32l0xx_hal_adc_ex.o
LOAD Drivers\STM32L0xx_HAL_Driver\Src\stm32l0xx_hal_cortex.o
LOAD Drivers\STM32L0xx_HAL_Driver\Src\stm32l0xx_hal_dma.o
LOAD Drivers\STM32L0xx_HAL_Driver\Src\stm32l0xx_hal_flash.o
LOAD Drivers\STM32L0xx_HAL_Driver\Src\stm32l0xx_hal_flash_ex.o
LOAD Drivers\STM32L0xx_HAL_Driver\Src\stm32l0xx_hal_flash_ramfunc.o
LOAD Drivers\STM32L0xx_HAL_Driver\Src\stm32l0xx_hal_gpio.o
LOAD Drivers\STM32L0xx_HAL_Driver\Src\stm32l0xx_hal_i2c.o
LOAD Drivers\STM32L0xx_HAL_Driver\Src\stm32l0xx_hal_i2c_ex.o
LOAD Drivers\STM32L0xx_HAL_Driver\Src\stm32l0xx_hal_pwr.o
LOAD Drivers\STM32L0xx_HAL_Driver\Src\stm32l0xx_hal_pwr_ex.o
LOAD Drivers\STM32L0xx_HAL_Driver\Src\stm32l0xx_hal_rcc.o
LOAD Drivers\STM32L0xx_HAL_Driver\Src\stm32l0xx_hal_rcc_ex.o
LOAD Drivers\STM32L0xx_HAL_Driver\Src\stm32l0xx_hal_rtc.o
LOAD Drivers\STM32L0xx_HAL_Driver\Src\stm32l0xx_hal_rtc_ex.o
LOAD Drivers\STM32L0xx_HAL_Driver\Src\stm32l0xx_hal_spi.o
LOAD Drivers\STM32L0xx_HAL_Driver\Src\stm32l0xx_hal_tim.o
LOAD Drivers\STM32L0xx_HAL_Driver\Src\stm32l0xx_hal_tim_ex.o
LOAD Drivers\STM32L0xx_HAL_Driver\Src\stm32l0xx_hal_uart.o
LOAD Drivers\STM32L0xx_HAL_Driver\Src\stm32l0xx_hal_uart_ex.o
LOAD Src\communication.o
LOAD Src\main.o
LOAD Src\stm32l0xx_hal_msp.o
LOAD Src\stm32l0xx_it.o
LOAD Src\syscalls.o
LOAD Src\system_stm32l0xx.o
LOAD myDrivers\Src\BMP180.o
LOAD myDrivers\Src\RF24.o
LOAD myDrivers\Src\SHT21.o
LOAD myDrivers\Src\Si1147.o
LOAD myDrivers\Src\glassLCD.o
LOAD myDrivers\Src\rtc.o
LOAD myDrivers\Src\sleep.o
LOAD startup\startup_stm32l053xx.o
                0x00000080                malloc_getpagesize_P = 0x80
START GROUP
LOAD c:/program files (x86)/atollic/truestudio for stm32 9.3.0/armtools/bin/../lib/gcc/arm-atollic-eabi/6.3.1/../../../../arm-atollic-eabi/lib/armv6-m\libc_nano.a
LOAD c:/program files (x86)/atollic/truestudio for stm32 9.3.0/armtools/bin/../lib/gcc/arm-atollic-eabi/6.3.1/../../../../arm-atollic-eabi/lib/armv6-m\libm.a
END GROUP
START GROUP
LOAD c:/program files (x86)/atollic/truestudio for stm32 9.3.0/armtools/bin/../lib/gcc/arm-atollic-eabi/6.3.1/armv6-m\libgcc.a
LOAD c:/program files (x86)/atollic/truestudio for stm32 9.3.0/armtools/bin/../lib/gcc/arm-atollic-eabi/6.3.1/../../../../arm-atollic-eabi/lib/armv6-m\libc_nano.a
END GROUP
START GROUP
LOAD c:/program files (x86)/atollic/truestudio for stm32 9.3.0/armtools/bin/../lib/gcc/arm-atollic-eabi/6.3.1/armv6-m\libgcc.a
LOAD c:/program files (x86)/atollic/truestudio for stm32 9.3.0/armtools/bin/../lib/gcc/arm-atollic-eabi/6.3.1/../../../../arm-atollic-eabi/lib/armv6-m\libc_nano.a
LOAD c:/program files (x86)/atollic/truestudio for stm32 9.3.0/armtools/bin/../lib/gcc/arm-atollic-eabi/6.3.1/../../../../arm-atollic-eabi/lib/armv6-m\libnosys.a
END GROUP
START GROUP
LOAD c:/program files (x86)/atollic/truestudio for stm32 9.3.0/armtools/bin/../lib/gcc/arm-atollic-eabi/6.3.1/armv6-m\libgcc.a
LOAD c:/program files (x86)/atollic/truestudio for stm32 9.3.0/armtools/bin/../lib/gcc/arm-atollic-eabi/6.3.1/../../../../arm-atollic-eabi/lib/armv6-m\libc_nano.a
LOAD c:/program files (x86)/atollic/truestudio for stm32 9.3.0/armtools/bin/../lib/gcc/arm-atollic-eabi/6.3.1/../../../../arm-atollic-eabi/lib/armv6-m\libnosys.a
END GROUP
LOAD c:/program files (x86)/atollic/truestudio for stm32 9.3.0/armtools/bin/../lib/gcc/arm-atollic-eabi/6.3.1/armv6-m/crtend.o
LOAD c:/program files (x86)/atollic/truestudio for stm32 9.3.0/armtools/bin/../lib/gcc/arm-atollic-eabi/6.3.1/armv6-m/crtn.o
                0x20002000                _estack = 0x20002000
                0x00000200                _Min_Heap_Size = 0x200
                0x00000400                _Min_Stack_Size = 0x400

.isr_vector     0x08000000       0xc0
                0x08000000                . = ALIGN (0x4)
 *(.isr_vector)
 .isr_vector    0x08000000       0xc0 startup\startup_stm32l053xx.o
                0x08000000                g_pfnVectors
                0x080000c0                . = ALIGN (0x4)

.text           0x080000c0     0x8f98
                0x080000c0                . = ALIGN (0x4)
 *(.text)
 .text          0x080000c0       0x48 c:/program files (x86)/atollic/truestudio for stm32 9.3.0/armtools/bin/../lib/gcc/arm-atollic-eabi/6.3.1/armv6-m/crtbegin.o
 .text          0x08000108        0xe c:/program files (x86)/atollic/truestudio for stm32 9.3.0/armtools/bin/../lib/gcc/arm-atollic-eabi/6.3.1/../../../../arm-atollic-eabi/lib/armv6-m\libc_nano.a(lib_a-strlen.o)
                0x08000108                strlen
 .text          0x08000116       0x14 c:/program files (x86)/atollic/truestudio for stm32 9.3.0/armtools/bin/../lib/gcc/arm-atollic-eabi/6.3.1/../../../../arm-atollic-eabi/lib/armv6-m\libc_nano.a(lib_a-strcmp.o)
                0x08000116                strcmp
 *fill*         0x0800012a        0x2 
 .text          0x0800012c       0x14 c:/program files (x86)/atollic/truestudio for stm32 9.3.0/armtools/bin/../lib/gcc/arm-atollic-eabi/6.3.1/armv6-m\libgcc.a(_thumb1_case_uqi.o)
                0x0800012c                __gnu_thumb1_case_uqi
 .text          0x08000140      0x114 c:/program files (x86)/atollic/truestudio for stm32 9.3.0/armtools/bin/../lib/gcc/arm-atollic-eabi/6.3.1/armv6-m\libgcc.a(_udivsi3.o)
                0x08000140                __aeabi_uidiv
                0x08000140                __udivsi3
                0x0800024c                __aeabi_uidivmod
 .text          0x08000254      0x1d4 c:/program files (x86)/atollic/truestudio for stm32 9.3.0/armtools/bin/../lib/gcc/arm-atollic-eabi/6.3.1/armv6-m\libgcc.a(_divsi3.o)
                0x08000254                __divsi3
                0x08000254                __aeabi_idiv
                0x08000420                __aeabi_idivmod
 .text          0x08000428        0x4 c:/program files (x86)/atollic/truestudio for stm32 9.3.0/armtools/bin/../lib/gcc/arm-atollic-eabi/6.3.1/armv6-m\libgcc.a(_dvmd_tls.o)
                0x08000428                __aeabi_idiv0
                0x08000428                __aeabi_ldiv0
 .text          0x0800042c       0x40 c:/program files (x86)/atollic/truestudio for stm32 9.3.0/armtools/bin/../lib/gcc/arm-atollic-eabi/6.3.1/armv6-m\libgcc.a(_aeabi_uldivmod.o)
                0x0800042c                __aeabi_uldivmod
 .text          0x0800046c       0x3c c:/program files (x86)/atollic/truestudio for stm32 9.3.0/armtools/bin/../lib/gcc/arm-atollic-eabi/6.3.1/armv6-m\libgcc.a(_fixunsdfsi.o)
                0x0800046c                __aeabi_d2uiz
                0x0800046c                __fixunsdfsi
 .text          0x080004a8      0x180 c:/program files (x86)/atollic/truestudio for stm32 9.3.0/armtools/bin/../lib/gcc/arm-atollic-eabi/6.3.1/armv6-m\libgcc.a(_udivmoddi4.o)
                0x080004a8                __udivmoddi4
 .text          0x08000628       0x8c c:/program files (x86)/atollic/truestudio for stm32 9.3.0/armtools/bin/../lib/gcc/arm-atollic-eabi/6.3.1/armv6-m\libgcc.a(floatunsisf.o)
                0x08000628                __aeabi_ui2f
 .text          0x080006b4      0x620 c:/program files (x86)/atollic/truestudio for stm32 9.3.0/armtools/bin/../lib/gcc/arm-atollic-eabi/6.3.1/armv6-m\libgcc.a(adddf3.o)
                0x080006b4                __aeabi_dadd
 .text          0x08000cd4      0x668 c:/program files (x86)/atollic/truestudio for stm32 9.3.0/armtools/bin/../lib/gcc/arm-atollic-eabi/6.3.1/armv6-m\libgcc.a(divdf3.o)
                0x08000cd4                __aeabi_ddiv
 .text          0x0800133c      0x500 c:/program files (x86)/atollic/truestudio for stm32 9.3.0/armtools/bin/../lib/gcc/arm-atollic-eabi/6.3.1/armv6-m\libgcc.a(muldf3.o)
                0x0800133c                __aeabi_dmul
 .text          0x0800183c      0x62c c:/program files (x86)/atollic/truestudio for stm32 9.3.0/armtools/bin/../lib/gcc/arm-atollic-eabi/6.3.1/armv6-m\libgcc.a(subdf3.o)
                0x0800183c                __aeabi_dsub
 .text          0x08001e68       0x68 c:/program files (x86)/atollic/truestudio for stm32 9.3.0/armtools/bin/../lib/gcc/arm-atollic-eabi/6.3.1/armv6-m\libgcc.a(fixdfsi.o)
                0x08001e68                __aeabi_d2iz
 .text          0x08001ed0       0x84 c:/program files (x86)/atollic/truestudio for stm32 9.3.0/armtools/bin/../lib/gcc/arm-atollic-eabi/6.3.1/armv6-m\libgcc.a(floatsidf.o)
                0x08001ed0                __aeabi_i2d
 .text          0x08001f54       0x70 c:/program files (x86)/atollic/truestudio for stm32 9.3.0/armtools/bin/../lib/gcc/arm-atollic-eabi/6.3.1/armv6-m\libgcc.a(floatunsidf.o)
                0x08001f54                __aeabi_ui2d
 .text          0x08001fc4       0xa4 c:/program files (x86)/atollic/truestudio for stm32 9.3.0/armtools/bin/../lib/gcc/arm-atollic-eabi/6.3.1/armv6-m\libgcc.a(extendsfdf2.o)
                0x08001fc4                __aeabi_f2d
 .text          0x08002068      0x114 c:/program files (x86)/atollic/truestudio for stm32 9.3.0/armtools/bin/../lib/gcc/arm-atollic-eabi/6.3.1/armv6-m\libgcc.a(truncdfsf2.o)
                0x08002068                __aeabi_d2f
 .text          0x0800217c       0x7c c:/program files (x86)/atollic/truestudio for stm32 9.3.0/armtools/bin/../lib/gcc/arm-atollic-eabi/6.3.1/armv6-m\libgcc.a(_arm_cmpdf2.o)
                0x0800217c                __aeabi_cdrcmple
                0x0800218c                __aeabi_cdcmple
                0x0800218c                __aeabi_cdcmpeq
                0x0800219c                __aeabi_dcmpeq
                0x080021a8                __aeabi_dcmplt
                0x080021bc                __aeabi_dcmple
                0x080021d0                __aeabi_dcmpgt
                0x080021e4                __aeabi_dcmpge
 .text          0x080021f8       0x3c c:/program files (x86)/atollic/truestudio for stm32 9.3.0/armtools/bin/../lib/gcc/arm-atollic-eabi/6.3.1/armv6-m\libgcc.a(_clzsi2.o)
                0x080021f8                __clzsi2
 .text          0x08002234       0x18 c:/program files (x86)/atollic/truestudio for stm32 9.3.0/armtools/bin/../lib/gcc/arm-atollic-eabi/6.3.1/armv6-m\libgcc.a(_clzdi2.o)
                0x08002234                __clzdi2
 .text          0x0800224c       0x74 c:/program files (x86)/atollic/truestudio for stm32 9.3.0/armtools/bin/../lib/gcc/arm-atollic-eabi/6.3.1/armv6-m\libgcc.a(eqdf2.o)
                0x0800224c                __nedf2
                0x0800224c                __eqdf2
 .text          0x080022c0       0xc8 c:/program files (x86)/atollic/truestudio for stm32 9.3.0/armtools/bin/../lib/gcc/arm-atollic-eabi/6.3.1/armv6-m\libgcc.a(gedf2.o)
                0x080022c0                __gedf2
                0x080022c0                __gtdf2
 .text          0x08002388       0xc4 c:/program files (x86)/atollic/truestudio for stm32 9.3.0/armtools/bin/../lib/gcc/arm-atollic-eabi/6.3.1/armv6-m\libgcc.a(ledf2.o)
                0x08002388                __ledf2
                0x08002388                __ltdf2
 *(.text*)
 .text.HAL_InitTick
                0x0800244c       0x48 Drivers\STM32L0xx_HAL_Driver\Src\stm32l0xx_hal.o
                0x0800244c                HAL_InitTick
 .text.HAL_Init
                0x08002494       0x28 Drivers\STM32L0xx_HAL_Driver\Src\stm32l0xx_hal.o
                0x08002494                HAL_Init
 .text.HAL_IncTick
                0x080024bc       0x18 Drivers\STM32L0xx_HAL_Driver\Src\stm32l0xx_hal.o
                0x080024bc                HAL_IncTick
 .text.HAL_GetTick
                0x080024d4        0xc Drivers\STM32L0xx_HAL_Driver\Src\stm32l0xx_hal.o
                0x080024d4                HAL_GetTick
 .text.HAL_Delay
                0x080024e0       0x24 Drivers\STM32L0xx_HAL_Driver\Src\stm32l0xx_hal.o
                0x080024e0                HAL_Delay
 .text.HAL_SuspendTick
                0x08002504       0x10 Drivers\STM32L0xx_HAL_Driver\Src\stm32l0xx_hal.o
                0x08002504                HAL_SuspendTick
 .text.HAL_ResumeTick
                0x08002514       0x10 Drivers\STM32L0xx_HAL_Driver\Src\stm32l0xx_hal.o
                0x08002514                HAL_ResumeTick
 .text.ADC_DelayMicroSecond
                0x08002524       0x2c Drivers\STM32L0xx_HAL_Driver\Src\stm32l0xx_hal_adc.o
 .text.ADC_Disable
                0x08002550       0x68 Drivers\STM32L0xx_HAL_Driver\Src\stm32l0xx_hal_adc.o
 .text.ADC_Enable
                0x080025b8       0x70 Drivers\STM32L0xx_HAL_Driver\Src\stm32l0xx_hal_adc.o
 .text.ADC_ConversionStop
                0x08002628       0x52 Drivers\STM32L0xx_HAL_Driver\Src\stm32l0xx_hal_adc.o
 *fill*         0x0800267a        0x2 
 .text.HAL_ADC_Init
                0x0800267c      0x1b0 Drivers\STM32L0xx_HAL_Driver\Src\stm32l0xx_hal_adc.o
                0x0800267c                HAL_ADC_Init
 .text.HAL_ADC_DeInit
                0x0800282c       0xa8 Drivers\STM32L0xx_HAL_Driver\Src\stm32l0xx_hal_adc.o
                0x0800282c                HAL_ADC_DeInit
 .text.HAL_ADC_Start
                0x080028d4       0x58 Drivers\STM32L0xx_HAL_Driver\Src\stm32l0xx_hal_adc.o
                0x080028d4                HAL_ADC_Start
 .text.HAL_ADC_PollForConversion
                0x0800292c       0xbc Drivers\STM32L0xx_HAL_Driver\Src\stm32l0xx_hal_adc.o
                0x0800292c                HAL_ADC_PollForConversion
 .text.HAL_ADC_GetValue
                0x080029e8        0x6 Drivers\STM32L0xx_HAL_Driver\Src\stm32l0xx_hal_adc.o
                0x080029e8                HAL_ADC_GetValue
 *fill*         0x080029ee        0x2 
 .text.HAL_ADC_ConfigChannel
                0x080029f0       0xcc Drivers\STM32L0xx_HAL_Driver\Src\stm32l0xx_hal_adc.o
                0x080029f0                HAL_ADC_ConfigChannel
 .text.HAL_ADCEx_Calibration_Start
                0x08002abc       0xa0 Drivers\STM32L0xx_HAL_Driver\Src\stm32l0xx_hal_adc_ex.o
                0x08002abc                HAL_ADCEx_Calibration_Start
 .text.HAL_NVIC_SetPriority
                0x08002b5c       0x60 Drivers\STM32L0xx_HAL_Driver\Src\stm32l0xx_hal_cortex.o
                0x08002b5c                HAL_NVIC_SetPriority
 .text.HAL_NVIC_EnableIRQ
                0x08002bbc       0x14 Drivers\STM32L0xx_HAL_Driver\Src\stm32l0xx_hal_cortex.o
                0x08002bbc                HAL_NVIC_EnableIRQ
 .text.HAL_SYSTICK_Config
                0x08002bd0       0x34 Drivers\STM32L0xx_HAL_Driver\Src\stm32l0xx_hal_cortex.o
                0x08002bd0                HAL_SYSTICK_Config
 .text.HAL_GPIO_Init
                0x08002c04      0x17c Drivers\STM32L0xx_HAL_Driver\Src\stm32l0xx_hal_gpio.o
                0x08002c04                HAL_GPIO_Init
 .text.HAL_GPIO_DeInit
                0x08002d80       0xec Drivers\STM32L0xx_HAL_Driver\Src\stm32l0xx_hal_gpio.o
                0x08002d80                HAL_GPIO_DeInit
 .text.HAL_GPIO_ReadPin
                0x08002e6c        0xc Drivers\STM32L0xx_HAL_Driver\Src\stm32l0xx_hal_gpio.o
                0x08002e6c                HAL_GPIO_ReadPin
 .text.HAL_GPIO_WritePin
                0x08002e78        0xc Drivers\STM32L0xx_HAL_Driver\Src\stm32l0xx_hal_gpio.o
                0x08002e78                HAL_GPIO_WritePin
 .text.HAL_GPIO_EXTI_IRQHandler
                0x08002e84       0x18 Drivers\STM32L0xx_HAL_Driver\Src\stm32l0xx_hal_gpio.o
                0x08002e84                HAL_GPIO_EXTI_IRQHandler
 .text.I2C_Flush_TXDR
                0x08002e9c       0x1c Drivers\STM32L0xx_HAL_Driver\Src\stm32l0xx_hal_i2c.o
 .text.I2C_TransferConfig
                0x08002eb8       0x2c Drivers\STM32L0xx_HAL_Driver\Src\stm32l0xx_hal_i2c.o
 .text.I2C_WaitOnFlagUntilTimeout
                0x08002ee4       0x50 Drivers\STM32L0xx_HAL_Driver\Src\stm32l0xx_hal_i2c.o
 .text.I2C_IsAcknowledgeFailed
                0x08002f34       0x7c Drivers\STM32L0xx_HAL_Driver\Src\stm32l0xx_hal_i2c.o
 .text.I2C_WaitOnTXISFlagUntilTimeout
                0x08002fb0       0x54 Drivers\STM32L0xx_HAL_Driver\Src\stm32l0xx_hal_i2c.o
 .text.I2C_WaitOnSTOPFlagUntilTimeout
                0x08003004       0x50 Drivers\STM32L0xx_HAL_Driver\Src\stm32l0xx_hal_i2c.o
 .text.I2C_WaitOnRXNEFlagUntilTimeout
                0x08003054       0x80 Drivers\STM32L0xx_HAL_Driver\Src\stm32l0xx_hal_i2c.o
 .text.HAL_I2C_Init
                0x080030d4       0xac Drivers\STM32L0xx_HAL_Driver\Src\stm32l0xx_hal_i2c.o
                0x080030d4                HAL_I2C_Init
 .text.HAL_I2C_DeInit
                0x08003180       0x34 Drivers\STM32L0xx_HAL_Driver\Src\stm32l0xx_hal_i2c.o
                0x08003180                HAL_I2C_DeInit
 .text.HAL_I2C_Master_Transmit
                0x080031b4      0x12c Drivers\STM32L0xx_HAL_Driver\Src\stm32l0xx_hal_i2c.o
                0x080031b4                HAL_I2C_Master_Transmit
 .text.HAL_I2C_Master_Receive
                0x080032e0      0x130 Drivers\STM32L0xx_HAL_Driver\Src\stm32l0xx_hal_i2c.o
                0x080032e0                HAL_I2C_Master_Receive
 .text.HAL_I2CEx_ConfigAnalogFilter
                0x08003410       0x4c Drivers\STM32L0xx_HAL_Driver\Src\stm32l0xx_hal_i2c_ex.o
                0x08003410                HAL_I2CEx_ConfigAnalogFilter
 .text.HAL_I2CEx_ConfigDigitalFilter
                0x0800345c       0x48 Drivers\STM32L0xx_HAL_Driver\Src\stm32l0xx_hal_i2c_ex.o
                0x0800345c                HAL_I2CEx_ConfigDigitalFilter
 .text.HAL_PWR_EnableBkUpAccess
                0x080034a4       0x14 Drivers\STM32L0xx_HAL_Driver\Src\stm32l0xx_hal_pwr.o
                0x080034a4                HAL_PWR_EnableBkUpAccess
 .text.HAL_PWR_DisablePVD
                0x080034b8       0x10 Drivers\STM32L0xx_HAL_Driver\Src\stm32l0xx_hal_pwr.o
                0x080034b8                HAL_PWR_DisablePVD
 .text.HAL_PWR_EnterSTOPMode
                0x080034c8       0x38 Drivers\STM32L0xx_HAL_Driver\Src\stm32l0xx_hal_pwr.o
                0x080034c8                HAL_PWR_EnterSTOPMode
 .text.HAL_PWR_EnterSTANDBYMode
                0x08003500       0x20 Drivers\STM32L0xx_HAL_Driver\Src\stm32l0xx_hal_pwr.o
                0x08003500                HAL_PWR_EnterSTANDBYMode
 .text.HAL_PWREx_EnableUltraLowPower
                0x08003520       0x14 Drivers\STM32L0xx_HAL_Driver\Src\stm32l0xx_hal_pwr_ex.o
                0x08003520                HAL_PWREx_EnableUltraLowPower
 .text.HAL_RCC_GetSysClockFreq
                0x08003534       0x78 Drivers\STM32L0xx_HAL_Driver\Src\stm32l0xx_hal_rcc.o
                0x08003534                HAL_RCC_GetSysClockFreq
 .text.HAL_RCC_OscConfig
                0x080035ac      0x508 Drivers\STM32L0xx_HAL_Driver\Src\stm32l0xx_hal_rcc.o
                0x080035ac                HAL_RCC_OscConfig
 .text.HAL_RCC_ClockConfig
                0x08003ab4      0x170 Drivers\STM32L0xx_HAL_Driver\Src\stm32l0xx_hal_rcc.o
                0x08003ab4                HAL_RCC_ClockConfig
 .text.HAL_RCC_GetPCLK1Freq
                0x08003c24       0x20 Drivers\STM32L0xx_HAL_Driver\Src\stm32l0xx_hal_rcc.o
                0x08003c24                HAL_RCC_GetPCLK1Freq
 .text.HAL_RCC_GetPCLK2Freq
                0x08003c44       0x20 Drivers\STM32L0xx_HAL_Driver\Src\stm32l0xx_hal_rcc.o
                0x08003c44                HAL_RCC_GetPCLK2Freq
 .text.HAL_RCCEx_PeriphCLKConfig
                0x08003c64      0x1bc Drivers\STM32L0xx_HAL_Driver\Src\stm32l0xx_hal_rcc_ex.o
                0x08003c64                HAL_RCCEx_PeriphCLKConfig
 .text.HAL_RTC_DeactivateAlarm
                0x08003e20       0xc0 Drivers\STM32L0xx_HAL_Driver\Src\stm32l0xx_hal_rtc.o
                0x08003e20                HAL_RTC_DeactivateAlarm
 .text.HAL_RTC_AlarmAEventCallback
                0x08003ee0        0x2 Drivers\STM32L0xx_HAL_Driver\Src\stm32l0xx_hal_rtc.o
                0x08003ee0                HAL_RTC_AlarmAEventCallback
 *fill*         0x08003ee2        0x2 
 .text.HAL_RTC_AlarmIRQHandler
                0x08003ee4       0x60 Drivers\STM32L0xx_HAL_Driver\Src\stm32l0xx_hal_rtc.o
                0x08003ee4                HAL_RTC_AlarmIRQHandler
 .text.HAL_RTC_WaitForSynchro
                0x08003f44       0x34 Drivers\STM32L0xx_HAL_Driver\Src\stm32l0xx_hal_rtc.o
                0x08003f44                HAL_RTC_WaitForSynchro
 .text.RTC_EnterInitMode
                0x08003f78       0x38 Drivers\STM32L0xx_HAL_Driver\Src\stm32l0xx_hal_rtc.o
                0x08003f78                RTC_EnterInitMode
 .text.HAL_RTC_Init
                0x08003fb0       0xb8 Drivers\STM32L0xx_HAL_Driver\Src\stm32l0xx_hal_rtc.o
                0x08003fb0                HAL_RTC_Init
 .text.RTC_ByteToBcd2
                0x08004068       0x16 Drivers\STM32L0xx_HAL_Driver\Src\stm32l0xx_hal_rtc.o
                0x08004068                RTC_ByteToBcd2
 *fill*         0x0800407e        0x2 
 .text.HAL_RTC_SetTime
                0x08004080       0xfc Drivers\STM32L0xx_HAL_Driver\Src\stm32l0xx_hal_rtc.o
                0x08004080                HAL_RTC_SetTime
 .text.HAL_RTC_SetDate
                0x0800417c       0xd8 Drivers\STM32L0xx_HAL_Driver\Src\stm32l0xx_hal_rtc.o
                0x0800417c                HAL_RTC_SetDate
 .text.HAL_RTC_SetAlarm_IT
                0x08004254      0x194 Drivers\STM32L0xx_HAL_Driver\Src\stm32l0xx_hal_rtc.o
                0x08004254                HAL_RTC_SetAlarm_IT
 .text.RTC_Bcd2ToByte
                0x080043e8       0x10 Drivers\STM32L0xx_HAL_Driver\Src\stm32l0xx_hal_rtc.o
                0x080043e8                RTC_Bcd2ToByte
 .text.HAL_RTC_GetTime
                0x080043f8       0x54 Drivers\STM32L0xx_HAL_Driver\Src\stm32l0xx_hal_rtc.o
                0x080043f8                HAL_RTC_GetTime
 .text.HAL_RTC_GetDate
                0x0800444c       0x44 Drivers\STM32L0xx_HAL_Driver\Src\stm32l0xx_hal_rtc.o
                0x0800444c                HAL_RTC_GetDate
 .text.HAL_RTCEx_AlarmBEventCallback
                0x08004490        0x2 Drivers\STM32L0xx_HAL_Driver\Src\stm32l0xx_hal_rtc_ex.o
                0x08004490                HAL_RTCEx_AlarmBEventCallback
 *fill*         0x08004492        0x2 
 .text.SPI_WaitFlagStateUntilTimeout.constprop.8
                0x08004494       0x84 Drivers\STM32L0xx_HAL_Driver\Src\stm32l0xx_hal_spi.o
 .text.SPI_EndRxTransaction
                0x08004518       0x54 Drivers\STM32L0xx_HAL_Driver\Src\stm32l0xx_hal_spi.o
 .text.SPI_EndRxTxTransaction
                0x0800456c       0x3e Drivers\STM32L0xx_HAL_Driver\Src\stm32l0xx_hal_spi.o
 *fill*         0x080045aa        0x2 
 .text.HAL_SPI_Init
                0x080045ac       0x80 Drivers\STM32L0xx_HAL_Driver\Src\stm32l0xx_hal_spi.o
                0x080045ac                HAL_SPI_Init
 .text.HAL_SPI_DeInit
                0x0800462c       0x2e Drivers\STM32L0xx_HAL_Driver\Src\stm32l0xx_hal_spi.o
                0x0800462c                HAL_SPI_DeInit
 .text.HAL_SPI_Transmit
                0x0800465a      0x16e Drivers\STM32L0xx_HAL_Driver\Src\stm32l0xx_hal_spi.o
                0x0800465a                HAL_SPI_Transmit
 .text.HAL_SPI_TransmitReceive
                0x080047c8      0x1ec Drivers\STM32L0xx_HAL_Driver\Src\stm32l0xx_hal_spi.o
                0x080047c8                HAL_SPI_TransmitReceive
 .text.HAL_SPI_Receive
                0x080049b4      0x14c Drivers\STM32L0xx_HAL_Driver\Src\stm32l0xx_hal_spi.o
                0x080049b4                HAL_SPI_Receive
 .text.HAL_UART_DeInit
                0x08004b00       0x32 Drivers\STM32L0xx_HAL_Driver\Src\stm32l0xx_hal_uart.o
                0x08004b00                HAL_UART_DeInit
 *fill*         0x08004b32        0x2 
 .text.UART_SetConfig
                0x08004b34      0x23c Drivers\STM32L0xx_HAL_Driver\Src\stm32l0xx_hal_uart.o
                0x08004b34                UART_SetConfig
 .text.UART_AdvFeatureConfig
                0x08004d70       0xd0 Drivers\STM32L0xx_HAL_Driver\Src\stm32l0xx_hal_uart.o
                0x08004d70                UART_AdvFeatureConfig
 .text.UART_WaitOnFlagUntilTimeout
                0x08004e40       0x5c Drivers\STM32L0xx_HAL_Driver\Src\stm32l0xx_hal_uart.o
                0x08004e40                UART_WaitOnFlagUntilTimeout
 .text.HAL_UART_Transmit
                0x08004e9c       0xd2 Drivers\STM32L0xx_HAL_Driver\Src\stm32l0xx_hal_uart.o
                0x08004e9c                HAL_UART_Transmit
 *fill*         0x08004f6e        0x2 
 .text.UART_CheckIdleState
                0x08004f70       0x60 Drivers\STM32L0xx_HAL_Driver\Src\stm32l0xx_hal_uart.o
                0x08004f70                UART_CheckIdleState
 .text.HAL_UART_Init
                0x08004fd0       0x64 Drivers\STM32L0xx_HAL_Driver\Src\stm32l0xx_hal_uart.o
                0x08004fd0                HAL_UART_Init
 .text.communication_Setup
                0x08005034       0x40 Src\communication.o
                0x08005034                communication_Setup
 .text.communication_Sync
                0x08005074       0xbc Src\communication.o
                0x08005074                communication_Sync
 .text.SystemClock_Config
                0x08005130       0x90 Src\main.o
                0x08005130                SystemClock_Config
 .text.writeError
                0x080051c0       0x30 Src\main.o
                0x080051c0                writeError
 .text.readWeatherData
                0x080051f0       0x50 Src\main.o
                0x080051f0                readWeatherData
 .text.startup.main
                0x08005240      0x6d0 Src\main.o
                0x08005240                main
 .text.HAL_GPIO_EXTI_Callback
                0x08005910        0xc Src\main.o
                0x08005910                HAL_GPIO_EXTI_Callback
 .text.HAL_MspInit
                0x0800591c       0x1c Src\stm32l0xx_hal_msp.o
                0x0800591c                HAL_MspInit
 .text.HAL_ADC_MspInit
                0x08005938       0x50 Src\stm32l0xx_hal_msp.o
                0x08005938                HAL_ADC_MspInit
 .text.HAL_ADC_MspDeInit
                0x08005988       0x2c Src\stm32l0xx_hal_msp.o
                0x08005988                HAL_ADC_MspDeInit
 .text.HAL_I2C_MspInit
                0x080059b4       0x60 Src\stm32l0xx_hal_msp.o
                0x080059b4                HAL_I2C_MspInit
 .text.HAL_I2C_MspDeInit
                0x08005a14       0x30 Src\stm32l0xx_hal_msp.o
                0x08005a14                HAL_I2C_MspDeInit
 .text.HAL_RTC_MspInit
                0x08005a44       0x30 Src\stm32l0xx_hal_msp.o
                0x08005a44                HAL_RTC_MspInit
 .text.HAL_SPI_MspInit
                0x08005a74       0x58 Src\stm32l0xx_hal_msp.o
                0x08005a74                HAL_SPI_MspInit
 .text.HAL_SPI_MspDeInit
                0x08005acc       0x2c Src\stm32l0xx_hal_msp.o
                0x08005acc                HAL_SPI_MspDeInit
 .text.HAL_UART_MspInit
                0x08005af8       0x5c Src\stm32l0xx_hal_msp.o
                0x08005af8                HAL_UART_MspInit
 .text.HAL_UART_MspDeInit
                0x08005b54       0x2c Src\stm32l0xx_hal_msp.o
                0x08005b54                HAL_UART_MspDeInit
 .text.NMI_Handler
                0x08005b80        0x2 Src\stm32l0xx_it.o
                0x08005b80                NMI_Handler
 .text.HardFault_Handler
                0x08005b82        0x2 Src\stm32l0xx_it.o
                0x08005b82                HardFault_Handler
 .text.SVC_Handler
                0x08005b84        0x2 Src\stm32l0xx_it.o
                0x08005b84                SVC_Handler
 .text.PendSV_Handler
                0x08005b86        0x2 Src\stm32l0xx_it.o
                0x08005b86                PendSV_Handler
 .text.SysTick_Handler
                0x08005b88        0x8 Src\stm32l0xx_it.o
                0x08005b88                SysTick_Handler
 .text.RTC_IRQHandler
                0x08005b90       0x10 Src\stm32l0xx_it.o
                0x08005b90                RTC_IRQHandler
 .text.EXTI0_1_IRQHandler
                0x08005ba0        0xa Src\stm32l0xx_it.o
                0x08005ba0                EXTI0_1_IRQHandler
 .text.EXTI4_15_IRQHandler
                0x08005baa        0xc Src\stm32l0xx_it.o
                0x08005baa                EXTI4_15_IRQHandler
 *fill*         0x08005bb6        0x2 
 .text._sbrk    0x08005bb8       0x34 Src\syscalls.o
                0x08005bb8                _sbrk
 .text.SystemInit
                0x08005bec       0x5c Src\system_stm32l0xx.o
                0x08005bec                SystemInit
 .text.BMP180_Init
                0x08005c48      0x220 myDrivers\Src\BMP180.o
                0x08005c48                BMP180_Init
 .text.BMP180_ReadTemperatue
                0x08005e68       0xd4 myDrivers\Src\BMP180.o
                0x08005e68                BMP180_ReadTemperatue
 .text.BMP180_ReadPressure
                0x08005f3c      0x1cc myDrivers\Src\BMP180.o
                0x08005f3c                BMP180_ReadPressure
 .text.RF24_csn
                0x08006108       0x20 myDrivers\Src\RF24.o
                0x08006108                RF24_csn
 .text.RF24_ce  0x08006128       0x20 myDrivers\Src\RF24.o
                0x08006128                RF24_ce
 .text.RF24_beginTransaction
                0x08006148        0xa myDrivers\Src\RF24.o
                0x08006148                RF24_beginTransaction
 .text.RF24_endTransaction
                0x08006152        0xa myDrivers\Src\RF24.o
                0x08006152                RF24_endTransaction
 .text.RF24_read_register
                0x0800615c       0x50 myDrivers\Src\RF24.o
                0x0800615c                RF24_read_register
 .text.RF24_write_registers
                0x080061ac       0x4c myDrivers\Src\RF24.o
                0x080061ac                RF24_write_registers
 .text.RF24_write_register
                0x080061f8       0x60 myDrivers\Src\RF24.o
                0x080061f8                RF24_write_register
 .text.RF24_write_payload
                0x08006258       0x94 myDrivers\Src\RF24.o
                0x08006258                RF24_write_payload
 .text.RF24_read_payload
                0x080062ec       0x80 myDrivers\Src\RF24.o
                0x080062ec                RF24_read_payload
 .text.RF24_flush_rx
                0x0800636c       0x18 myDrivers\Src\RF24.o
                0x0800636c                RF24_flush_rx
 .text.RF24_flush_tx
                0x08006384       0x18 myDrivers\Src\RF24.o
                0x08006384                RF24_flush_tx
 .text.RF24_get_status
                0x0800639c       0x18 myDrivers\Src\RF24.o
                0x0800639c                RF24_get_status
 .text.RF24_init
                0x080063b4       0x5c myDrivers\Src\RF24.o
                0x080063b4                RF24_init
 .text.RF24_setChannel
                0x08006410       0x16 myDrivers\Src\RF24.o
                0x08006410                RF24_setChannel
 *fill*         0x08006426        0x2 
 .text.RF24_setPayloadSize
                0x08006428       0x30 myDrivers\Src\RF24.o
                0x08006428                RF24_setPayloadSize
 .text.RF24_stopListening
                0x08006458       0x48 myDrivers\Src\RF24.o
                0x08006458                RF24_stopListening
 .text.RF24_powerDown
                0x080064a0       0x20 myDrivers\Src\RF24.o
                0x080064a0                RF24_powerDown
 .text.RF24_powerUp
                0x080064c0       0x24 myDrivers\Src\RF24.o
                0x080064c0                RF24_powerUp
 .text.RF24_startFastWrite
                0x080064e4       0x1e myDrivers\Src\RF24.o
                0x080064e4                RF24_startFastWrite
 *fill*         0x08006502        0x2 
 .text.RF24_write
                0x08006504       0x50 myDrivers\Src\RF24.o
                0x08006504                RF24_write
 .text.RF24_available
                0x08006554       0x1c myDrivers\Src\RF24.o
                0x08006554                RF24_available
 .text.RF24_read
                0x08006570       0x12 myDrivers\Src\RF24.o
                0x08006570                RF24_read
 *fill*         0x08006582        0x2 
 .text.RF24_openWritingPipe
                0x08006584       0x24 myDrivers\Src\RF24.o
                0x08006584                RF24_openWritingPipe
 .text.RF24_openReadingPipe
                0x080065a8       0x64 myDrivers\Src\RF24.o
                0x080065a8                RF24_openReadingPipe
 .text.RF24_setAddressWidth
                0x0800660c       0x30 myDrivers\Src\RF24.o
                0x0800660c                RF24_setAddressWidth
 .text.RF24_toggle_features
                0x0800663c       0x40 myDrivers\Src\RF24.o
                0x0800663c                RF24_toggle_features
 .text.RF24_enableAckPayload
                0x0800667c       0x44 myDrivers\Src\RF24.o
                0x0800667c                RF24_enableAckPayload
 .text.RF24_disableAckPayload
                0x080066c0       0x2c myDrivers\Src\RF24.o
                0x080066c0                RF24_disableAckPayload
 .text.RF24_isAckPayloadAvailable
                0x080066ec        0xa myDrivers\Src\RF24.o
                0x080066ec                RF24_isAckPayloadAvailable
 *fill*         0x080066f6        0x2 
 .text.RF24_setAutoAck
                0x080066f8       0x2c myDrivers\Src\RF24.o
                0x080066f8                RF24_setAutoAck
 .text.RF24_setPALevel
                0x08006724       0x2c myDrivers\Src\RF24.o
                0x08006724                RF24_setPALevel
 .text.RF24_setDataRate
                0x08006750       0x50 myDrivers\Src\RF24.o
                0x08006750                RF24_setDataRate
 .text.RF24_setRetries
                0x080067a0       0x16 myDrivers\Src\RF24.o
                0x080067a0                RF24_setRetries
 *fill*         0x080067b6        0x2 
 .text.RF24_begin
                0x080067b8       0xd4 myDrivers\Src\RF24.o
                0x080067b8                RF24_begin
 .text.SHT21_Init
                0x0800688c       0x28 myDrivers\Src\SHT21.o
                0x0800688c                SHT21_Init
 .text.SHT21_ReadRegister
                0x080068b4       0x40 myDrivers\Src\SHT21.o
                0x080068b4                SHT21_ReadRegister
 .text.SHT21_ReadHumidity
                0x080068f4       0x44 myDrivers\Src\SHT21.o
                0x080068f4                SHT21_ReadHumidity
 .text.SHT21_ReadTemperature
                0x08006938       0x4c myDrivers\Src\SHT21.o
                0x08006938                SHT21_ReadTemperature
 .text.Si1147_ReadReg
                0x08006984       0x38 myDrivers\Src\Si1147.o
                0x08006984                Si1147_ReadReg
 .text.Si1147_WriteReg
                0x080069bc       0x20 myDrivers\Src\Si1147.o
                0x080069bc                Si1147_WriteReg
 .text.Si1147_WriteRegs
                0x080069dc       0x1c myDrivers\Src\Si1147.o
                0x080069dc                Si1147_WriteRegs
 .text.Si1147_ReadRegs
                0x080069f8       0x38 myDrivers\Src\Si1147.o
                0x080069f8                Si1147_ReadRegs
 .text.Si1147_GetResponse
                0x08006a30       0x38 myDrivers\Src\Si1147.o
                0x08006a30                Si1147_GetResponse
 .text.Si1147_Init
                0x08006a68       0x84 myDrivers\Src\Si1147.o
                0x08006a68                Si1147_Init
 .text.Si1147_SetUV
                0x08006aec       0x72 myDrivers\Src\Si1147.o
                0x08006aec                Si1147_SetUV
 *fill*         0x08006b5e        0x2 
 .text.Si1147_ForceUV
                0x08006b60       0x38 myDrivers\Src\Si1147.o
                0x08006b60                Si1147_ForceUV
 .text.Si1147_GetUV
                0x08006b98       0x18 myDrivers\Src\Si1147.o
                0x08006b98                Si1147_GetUV
 .text.Si1147_GetVis
                0x08006bb0       0x1e myDrivers\Src\Si1147.o
                0x08006bb0                Si1147_GetVis
 *fill*         0x08006bce        0x2 
 .text.glassLCD_WriteData
                0x08006bd0       0x30 myDrivers\Src\glassLCD.o
                0x08006bd0                glassLCD_WriteData
 .text.glassLCD_Update
                0x08006c00       0x84 myDrivers\Src\glassLCD.o
                0x08006c00                glassLCD_Update
 .text.glassLCD_Clear
                0x08006c84       0x1c myDrivers\Src\glassLCD.o
                0x08006c84                glassLCD_Clear
 .text.glassLCD_SetDot
                0x08006ca0        0xc myDrivers\Src\glassLCD.o
                0x08006ca0                glassLCD_SetDot
 .text.glassLCD_WriteArrow
                0x08006cac       0x30 myDrivers\Src\glassLCD.o
                0x08006cac                glassLCD_WriteArrow
 .text.glassLCD_WriteCmd
                0x08006cdc       0x28 myDrivers\Src\glassLCD.o
                0x08006cdc                glassLCD_WriteCmd
 .text.glassLCD_Begin
                0x08006d04       0x12 myDrivers\Src\glassLCD.o
                0x08006d04                glassLCD_Begin
 *fill*         0x08006d16        0x2 
 .text.RTC_GetTime
                0x08006d18       0x54 myDrivers\Src\rtc.o
                0x08006d18                RTC_GetTime
 .text.RTC_EpochToHuman
                0x08006d6c       0x2e myDrivers\Src\rtc.o
                0x08006d6c                RTC_EpochToHuman
 *fill*         0x08006d9a        0x2 
 .text.RTC_SetTime
                0x08006d9c       0x78 myDrivers\Src\rtc.o
                0x08006d9c                RTC_SetTime
 .text.RTC_SetAlarmEpoch
                0x08006e14       0x70 myDrivers\Src\rtc.o
                0x08006e14                RTC_SetAlarmEpoch
 .text.Sleep_LightSleep
                0x08006e84       0x68 myDrivers\Src\sleep.o
                0x08006e84                Sleep_LightSleep
 .text.Reset_Handler
                0x08006eec       0x50 startup\startup_stm32l053xx.o
                0x08006eec                Reset_Handler
 .text.Default_Handler
                0x08006f3c        0x2 startup\startup_stm32l053xx.o
                0x08006f3c                TSC_IRQHandler
                0x08006f3c                ADC1_COMP_IRQHandler
                0x08006f3c                PVD_IRQHandler
                0x08006f3c                I2C1_IRQHandler
                0x08006f3c                RCC_CRS_IRQHandler
                0x08006f3c                SPI1_IRQHandler
                0x08006f3c                TIM6_DAC_IRQHandler
                0x08006f3c                EXTI2_3_IRQHandler
                0x08006f3c                I2C2_IRQHandler
                0x08006f3c                LCD_IRQHandler
                0x08006f3c                DMA1_Channel4_5_6_7_IRQHandler
                0x08006f3c                DMA1_Channel1_IRQHandler
                0x08006f3c                Default_Handler
                0x08006f3c                TIM22_IRQHandler
                0x08006f3c                USB_IRQHandler
                0x08006f3c                SPI2_IRQHandler
                0x08006f3c                TIM21_IRQHandler
                0x08006f3c                WWDG_IRQHandler
                0x08006f3c                TIM2_IRQHandler
                0x08006f3c                DMA1_Channel2_3_IRQHandler
                0x08006f3c                USART2_IRQHandler
                0x08006f3c                FLASH_IRQHandler
                0x08006f3c                USART1_IRQHandler
                0x08006f3c                RNG_LPUART1_IRQHandler
                0x08006f3c                LPTIM1_IRQHandler
 *fill*         0x08006f3e        0x2 
 .text.__errno  0x08006f40        0xc c:/program files (x86)/atollic/truestudio for stm32 9.3.0/armtools/bin/../lib/gcc/arm-atollic-eabi/6.3.1/../../../../arm-atollic-eabi/lib/armv6-m\libc_nano.a(lib_a-errno.o)
                0x08006f40                __errno
 .text.__libc_init_array
                0x08006f4c       0x48 c:/program files (x86)/atollic/truestudio for stm32 9.3.0/armtools/bin/../lib/gcc/arm-atollic-eabi/6.3.1/../../../../arm-atollic-eabi/lib/armv6-m\libc_nano.a(lib_a-init.o)
                0x08006f4c                __libc_init_array
 .text.localtime
                0x08006f94       0x24 c:/program files (x86)/atollic/truestudio for stm32 9.3.0/armtools/bin/../lib/gcc/arm-atollic-eabi/6.3.1/../../../../arm-atollic-eabi/lib/armv6-m\libc_nano.a(lib_a-lcltime.o)
                0x08006f94                localtime
 .text.localtime_r
                0x08006fb8      0x1e0 c:/program files (x86)/atollic/truestudio for stm32 9.3.0/armtools/bin/../lib/gcc/arm-atollic-eabi/6.3.1/../../../../arm-atollic-eabi/lib/armv6-m\libc_nano.a(lib_a-lcltime_r.o)
                0x08006fb8                localtime_r
 .text.malloc   0x08007198       0x14 c:/program files (x86)/atollic/truestudio for stm32 9.3.0/armtools/bin/../lib/gcc/arm-atollic-eabi/6.3.1/../../../../arm-atollic-eabi/lib/armv6-m\libc_nano.a(lib_a-malloc.o)
                0x08007198                malloc
 .text.free     0x080071ac       0x14 c:/program files (x86)/atollic/truestudio for stm32 9.3.0/armtools/bin/../lib/gcc/arm-atollic-eabi/6.3.1/../../../../arm-atollic-eabi/lib/armv6-m\libc_nano.a(lib_a-malloc.o)
                0x080071ac                free
 .text.memcpy   0x080071c0       0x12 c:/program files (x86)/atollic/truestudio for stm32 9.3.0/armtools/bin/../lib/gcc/arm-atollic-eabi/6.3.1/../../../../arm-atollic-eabi/lib/armv6-m\libc_nano.a(lib_a-memcpy-stub.o)
                0x080071c0                memcpy
 .text.memset   0x080071d2       0x10 c:/program files (x86)/atollic/truestudio for stm32 9.3.0/armtools/bin/../lib/gcc/arm-atollic-eabi/6.3.1/../../../../arm-atollic-eabi/lib/armv6-m\libc_nano.a(lib_a-memset.o)
                0x080071d2                memset
 *fill*         0x080071e2        0x2 
 .text.validate_structure
                0x080071e4      0x198 c:/program files (x86)/atollic/truestudio for stm32 9.3.0/armtools/bin/../lib/gcc/arm-atollic-eabi/6.3.1/../../../../arm-atollic-eabi/lib/armv6-m\libc_nano.a(lib_a-mktime.o)
 .text.mktime   0x0800737c      0x314 c:/program files (x86)/atollic/truestudio for stm32 9.3.0/armtools/bin/../lib/gcc/arm-atollic-eabi/6.3.1/../../../../arm-atollic-eabi/lib/armv6-m\libc_nano.a(lib_a-mktime.o)
                0x0800737c                mktime
 .text._free_r  0x08007690       0x94 c:/program files (x86)/atollic/truestudio for stm32 9.3.0/armtools/bin/../lib/gcc/arm-atollic-eabi/6.3.1/../../../../arm-atollic-eabi/lib/armv6-m\libc_nano.a(lib_a-nano-freer.o)
                0x08007690                _free_r
 .text._malloc_r
                0x08007724       0xbc c:/program files (x86)/atollic/truestudio for stm32 9.3.0/armtools/bin/../lib/gcc/arm-atollic-eabi/6.3.1/../../../../arm-atollic-eabi/lib/armv6-m\libc_nano.a(lib_a-nano-mallocr.o)
                0x08007724                _malloc_r
 .text._sbrk_r  0x080077e0       0x24 c:/program files (x86)/atollic/truestudio for stm32 9.3.0/armtools/bin/../lib/gcc/arm-atollic-eabi/6.3.1/../../../../arm-atollic-eabi/lib/armv6-m\libc_nano.a(lib_a-sbrkr.o)
                0x080077e0                _sbrk_r
 .text.sprintf  0x08007804       0x44 c:/program files (x86)/atollic/truestudio for stm32 9.3.0/armtools/bin/../lib/gcc/arm-atollic-eabi/6.3.1/../../../../arm-atollic-eabi/lib/armv6-m\libc_nano.a(lib_a-sprintf.o)
                0x08007804                siprintf
                0x08007804                sprintf
 .text.__tzcalc_limits
                0x08007848      0x15c c:/program files (x86)/atollic/truestudio for stm32 9.3.0/armtools/bin/../lib/gcc/arm-atollic-eabi/6.3.1/../../../../arm-atollic-eabi/lib/armv6-m\libc_nano.a(lib_a-tzcalc_limits.o)
                0x08007848                __tzcalc_limits
 .text.__tz_lock
                0x080079a4        0x2 c:/program files (x86)/atollic/truestudio for stm32 9.3.0/armtools/bin/../lib/gcc/arm-atollic-eabi/6.3.1/../../../../arm-atollic-eabi/lib/armv6-m\libc_nano.a(lib_a-tzlock.o)
                0x080079a4                __tz_lock
 .text.__tz_unlock
                0x080079a6        0x2 c:/program files (x86)/atollic/truestudio for stm32 9.3.0/armtools/bin/../lib/gcc/arm-atollic-eabi/6.3.1/../../../../arm-atollic-eabi/lib/armv6-m\libc_nano.a(lib_a-tzlock.o)
                0x080079a6                __tz_unlock
 .text._tzset_unlocked
                0x080079a8       0x10 c:/program files (x86)/atollic/truestudio for stm32 9.3.0/armtools/bin/../lib/gcc/arm-atollic-eabi/6.3.1/../../../../arm-atollic-eabi/lib/armv6-m\libc_nano.a(lib_a-tzset.o)
                0x080079a8                _tzset_unlocked
 .text._tzset_unlocked_r
                0x080079b8      0x2fc c:/program files (x86)/atollic/truestudio for stm32 9.3.0/armtools/bin/../lib/gcc/arm-atollic-eabi/6.3.1/../../../../arm-atollic-eabi/lib/armv6-m\libc_nano.a(lib_a-tzset_r.o)
                0x080079b8                _tzset_unlocked_r
 .text.div      0x08007cb4       0x38 c:/program files (x86)/atollic/truestudio for stm32 9.3.0/armtools/bin/../lib/gcc/arm-atollic-eabi/6.3.1/../../../../arm-atollic-eabi/lib/armv6-m\libc_nano.a(lib_a-div.o)
                0x08007cb4                div
 .text._findenv_r
                0x08007cec       0x78 c:/program files (x86)/atollic/truestudio for stm32 9.3.0/armtools/bin/../lib/gcc/arm-atollic-eabi/6.3.1/../../../../arm-atollic-eabi/lib/armv6-m\libc_nano.a(lib_a-getenv_r.o)
                0x08007cec                _findenv_r
 .text._getenv_r
                0x08007d64        0xa c:/program files (x86)/atollic/truestudio for stm32 9.3.0/armtools/bin/../lib/gcc/arm-atollic-eabi/6.3.1/../../../../arm-atollic-eabi/lib/armv6-m\libc_nano.a(lib_a-getenv_r.o)
                0x08007d64                _getenv_r
 *fill*         0x08007d6e        0x2 
 .text.__gettzinfo
                0x08007d70        0x8 c:/program files (x86)/atollic/truestudio for stm32 9.3.0/armtools/bin/../lib/gcc/arm-atollic-eabi/6.3.1/../../../../arm-atollic-eabi/lib/armv6-m\libc_nano.a(lib_a-gettzinfo.o)
                0x08007d70                __gettzinfo
 .text.gmtime_r
                0x08007d78      0x17c c:/program files (x86)/atollic/truestudio for stm32 9.3.0/armtools/bin/../lib/gcc/arm-atollic-eabi/6.3.1/../../../../arm-atollic-eabi/lib/armv6-m\libc_nano.a(lib_a-gmtime_r.o)
                0x08007d78                gmtime_r
 .text.__malloc_lock
                0x08007ef4        0x2 c:/program files (x86)/atollic/truestudio for stm32 9.3.0/armtools/bin/../lib/gcc/arm-atollic-eabi/6.3.1/../../../../arm-atollic-eabi/lib/armv6-m\libc_nano.a(lib_a-mlock.o)
                0x08007ef4                __malloc_lock
 .text.__malloc_unlock
                0x08007ef6        0x2 c:/program files (x86)/atollic/truestudio for stm32 9.3.0/armtools/bin/../lib/gcc/arm-atollic-eabi/6.3.1/../../../../arm-atollic-eabi/lib/armv6-m\libc_nano.a(lib_a-mlock.o)
                0x08007ef6                __malloc_unlock
 .text.__ssputs_r
                0x08007ef8       0xc4 c:/program files (x86)/atollic/truestudio for stm32 9.3.0/armtools/bin/../lib/gcc/arm-atollic-eabi/6.3.1/../../../../arm-atollic-eabi/lib/armv6-m\libc_nano.a(lib_a-nano-svfprintf.o)
                0x08007ef8                __ssputs_r
 .text._svfprintf_r
                0x08007fbc      0x208 c:/program files (x86)/atollic/truestudio for stm32 9.3.0/armtools/bin/../lib/gcc/arm-atollic-eabi/6.3.1/../../../../arm-atollic-eabi/lib/armv6-m\libc_nano.a(lib_a-nano-svfprintf.o)
                0x08007fbc                _svfiprintf_r
                0x08007fbc                _svfprintf_r
 .text._printf_common
                0x080081c4       0xda c:/program files (x86)/atollic/truestudio for stm32 9.3.0/armtools/bin/../lib/gcc/arm-atollic-eabi/6.3.1/../../../../arm-atollic-eabi/lib/armv6-m\libc_nano.a(lib_a-nano-vfprintf_i.o)
                0x080081c4                _printf_common
 *fill*         0x0800829e        0x2 
 .text._printf_i
                0x080082a0      0x234 c:/program files (x86)/atollic/truestudio for stm32 9.3.0/armtools/bin/../lib/gcc/arm-atollic-eabi/6.3.1/../../../../arm-atollic-eabi/lib/armv6-m\libc_nano.a(lib_a-nano-vfprintf_i.o)
                0x080082a0                _printf_i
 .text.sscanf   0x080084d4       0x50 c:/program files (x86)/atollic/truestudio for stm32 9.3.0/armtools/bin/../lib/gcc/arm-atollic-eabi/6.3.1/../../../../arm-atollic-eabi/lib/armv6-m\libc_nano.a(lib_a-sscanf.o)
                0x080084d4                siscanf
                0x080084d4                sscanf
 .text.__seofread
                0x08008524        0x4 c:/program files (x86)/atollic/truestudio for stm32 9.3.0/armtools/bin/../lib/gcc/arm-atollic-eabi/6.3.1/../../../../arm-atollic-eabi/lib/armv6-m\libc_nano.a(lib_a-stdio.o)
                0x08008524                __seofread
 .text.strcpy   0x08008528       0x10 c:/program files (x86)/atollic/truestudio for stm32 9.3.0/armtools/bin/../lib/gcc/arm-atollic-eabi/6.3.1/../../../../arm-atollic-eabi/lib/armv6-m\libc_nano.a(lib_a-strcpy.o)
                0x08008528                strcpy
 .text.strncmp  0x08008538       0x22 c:/program files (x86)/atollic/truestudio for stm32 9.3.0/armtools/bin/../lib/gcc/arm-atollic-eabi/6.3.1/../../../../arm-atollic-eabi/lib/armv6-m\libc_nano.a(lib_a-strncmp.o)
                0x08008538                strncmp
 .text._strtoul_l.isra.0
                0x0800855a      0x10e c:/program files (x86)/atollic/truestudio for stm32 9.3.0/armtools/bin/../lib/gcc/arm-atollic-eabi/6.3.1/../../../../arm-atollic-eabi/lib/armv6-m\libc_nano.a(lib_a-strtoul.o)
 .text._strtoul_r
                0x08008668       0x20 c:/program files (x86)/atollic/truestudio for stm32 9.3.0/armtools/bin/../lib/gcc/arm-atollic-eabi/6.3.1/../../../../arm-atollic-eabi/lib/armv6-m\libc_nano.a(lib_a-strtoul.o)
                0x08008668                _strtoul_r
 .text.strtoul  0x08008688       0x28 c:/program files (x86)/atollic/truestudio for stm32 9.3.0/armtools/bin/../lib/gcc/arm-atollic-eabi/6.3.1/../../../../arm-atollic-eabi/lib/armv6-m\libc_nano.a(lib_a-strtoul.o)
                0x08008688                strtoul
 .text.__env_lock
                0x080086b0        0x2 c:/program files (x86)/atollic/truestudio for stm32 9.3.0/armtools/bin/../lib/gcc/arm-atollic-eabi/6.3.1/../../../../arm-atollic-eabi/lib/armv6-m\libc_nano.a(lib_a-envlock.o)
                0x080086b0                __env_lock
 .text.__env_unlock
                0x080086b2        0x2 c:/program files (x86)/atollic/truestudio for stm32 9.3.0/armtools/bin/../lib/gcc/arm-atollic-eabi/6.3.1/../../../../arm-atollic-eabi/lib/armv6-m\libc_nano.a(lib_a-envlock.o)
                0x080086b2                __env_unlock
 .text.__locale_ctype_ptr_l
                0x080086b4        0x6 c:/program files (x86)/atollic/truestudio for stm32 9.3.0/armtools/bin/../lib/gcc/arm-atollic-eabi/6.3.1/../../../../arm-atollic-eabi/lib/armv6-m\libc_nano.a(lib_a-locale.o)
                0x080086b4                __locale_ctype_ptr_l
 *fill*         0x080086ba        0x2 
 .text.__locale_ctype_ptr
                0x080086bc       0x1c c:/program files (x86)/atollic/truestudio for stm32 9.3.0/armtools/bin/../lib/gcc/arm-atollic-eabi/6.3.1/../../../../arm-atollic-eabi/lib/armv6-m\libc_nano.a(lib_a-locale.o)
                0x080086bc                __locale_ctype_ptr
 .text.__ascii_mbtowc
                0x080086d8       0x24 c:/program files (x86)/atollic/truestudio for stm32 9.3.0/armtools/bin/../lib/gcc/arm-atollic-eabi/6.3.1/../../../../arm-atollic-eabi/lib/armv6-m\libc_nano.a(lib_a-mbtowc_r.o)
                0x080086d8                __ascii_mbtowc
 .text.memchr   0x080086fc       0x16 c:/program files (x86)/atollic/truestudio for stm32 9.3.0/armtools/bin/../lib/gcc/arm-atollic-eabi/6.3.1/../../../../arm-atollic-eabi/lib/armv6-m\libc_nano.a(lib_a-memchr-stub.o)
                0x080086fc                memchr
 .text.memmove  0x08008712       0x24 c:/program files (x86)/atollic/truestudio for stm32 9.3.0/armtools/bin/../lib/gcc/arm-atollic-eabi/6.3.1/../../../../arm-atollic-eabi/lib/armv6-m\libc_nano.a(lib_a-memmove.o)
                0x08008712                memmove
 .text._realloc_r
                0x08008736       0x4c c:/program files (x86)/atollic/truestudio for stm32 9.3.0/armtools/bin/../lib/gcc/arm-atollic-eabi/6.3.1/../../../../arm-atollic-eabi/lib/armv6-m\libc_nano.a(lib_a-nano-reallocr.o)
                0x08008736                _realloc_r
 .text._sungetc_r
                0x08008782       0x78 c:/program files (x86)/atollic/truestudio for stm32 9.3.0/armtools/bin/../lib/gcc/arm-atollic-eabi/6.3.1/../../../../arm-atollic-eabi/lib/armv6-m\libc_nano.a(lib_a-nano-svfscanf.o)
                0x08008782                _sungetc_r
 .text.__ssrefill_r
                0x080087fa       0x3e c:/program files (x86)/atollic/truestudio for stm32 9.3.0/armtools/bin/../lib/gcc/arm-atollic-eabi/6.3.1/../../../../arm-atollic-eabi/lib/armv6-m\libc_nano.a(lib_a-nano-svfscanf.o)
                0x080087fa                __ssrefill_r
 .text.__ssvfscanf_r
                0x08008838      0x30c c:/program files (x86)/atollic/truestudio for stm32 9.3.0/armtools/bin/../lib/gcc/arm-atollic-eabi/6.3.1/../../../../arm-atollic-eabi/lib/armv6-m\libc_nano.a(lib_a-nano-svfscanf.o)
                0x08008838                __ssvfiscanf_r
                0x08008838                __ssvfscanf_r
 .text._scanf_chars
                0x08008b44       0xc8 c:/program files (x86)/atollic/truestudio for stm32 9.3.0/armtools/bin/../lib/gcc/arm-atollic-eabi/6.3.1/../../../../arm-atollic-eabi/lib/armv6-m\libc_nano.a(lib_a-nano-vfscanf_i.o)
                0x08008b44                _scanf_chars
 .text._scanf_i
                0x08008c0c      0x200 c:/program files (x86)/atollic/truestudio for stm32 9.3.0/armtools/bin/../lib/gcc/arm-atollic-eabi/6.3.1/../../../../arm-atollic-eabi/lib/armv6-m\libc_nano.a(lib_a-nano-vfscanf_i.o)
                0x08008c0c                _scanf_i
 .text.__sccl   0x08008e0c       0x62 c:/program files (x86)/atollic/truestudio for stm32 9.3.0/armtools/bin/../lib/gcc/arm-atollic-eabi/6.3.1/../../../../arm-atollic-eabi/lib/armv6-m\libc_nano.a(lib_a-sccl.o)
                0x08008e0c                __sccl
 *fill*         0x08008e6e        0x2 
 .text._strtol_l.isra.0
                0x08008e70      0x10c c:/program files (x86)/atollic/truestudio for stm32 9.3.0/armtools/bin/../lib/gcc/arm-atollic-eabi/6.3.1/../../../../arm-atollic-eabi/lib/armv6-m\libc_nano.a(lib_a-strtol.o)
 .text._strtol_r
                0x08008f7c       0x20 c:/program files (x86)/atollic/truestudio for stm32 9.3.0/armtools/bin/../lib/gcc/arm-atollic-eabi/6.3.1/../../../../arm-atollic-eabi/lib/armv6-m\libc_nano.a(lib_a-strtol.o)
                0x08008f7c                _strtol_r
 .text.__submore
                0x08008f9c       0x7c c:/program files (x86)/atollic/truestudio for stm32 9.3.0/armtools/bin/../lib/gcc/arm-atollic-eabi/6.3.1/../../../../arm-atollic-eabi/lib/armv6-m\libc_nano.a(lib_a-ungetc.o)
                0x08008f9c                __submore
 .text.__ascii_wctomb
                0x08009018       0x18 c:/program files (x86)/atollic/truestudio for stm32 9.3.0/armtools/bin/../lib/gcc/arm-atollic-eabi/6.3.1/../../../../arm-atollic-eabi/lib/armv6-m\libc_nano.a(lib_a-wctomb_r.o)
                0x08009018                __ascii_wctomb
 .text._malloc_usable_size_r
                0x08009030       0x10 c:/program files (x86)/atollic/truestudio for stm32 9.3.0/armtools/bin/../lib/gcc/arm-atollic-eabi/6.3.1/../../../../arm-atollic-eabi/lib/armv6-m\libc_nano.a(lib_a-nano-msizer.o)
                0x08009030                _malloc_usable_size_r
 *(.glue_7)
 .glue_7        0x08009040        0x0 linker stubs
 *(.glue_7t)
 .glue_7t       0x08009040        0x0 linker stubs
 *(.eh_frame)
 .eh_frame      0x08009040        0x0 c:/program files (x86)/atollic/truestudio for stm32 9.3.0/armtools/bin/../lib/gcc/arm-atollic-eabi/6.3.1/armv6-m/crtbegin.o
 *(.init)
 .init          0x08009040        0x4 c:/program files (x86)/atollic/truestudio for stm32 9.3.0/armtools/bin/../lib/gcc/arm-atollic-eabi/6.3.1/armv6-m/crti.o
                0x08009040                _init
 .init          0x08009044        0x8 c:/program files (x86)/atollic/truestudio for stm32 9.3.0/armtools/bin/../lib/gcc/arm-atollic-eabi/6.3.1/armv6-m/crtn.o
 *(.fini)
 .fini          0x0800904c        0x4 c:/program files (x86)/atollic/truestudio for stm32 9.3.0/armtools/bin/../lib/gcc/arm-atollic-eabi/6.3.1/armv6-m/crti.o
                0x0800904c                _fini
 .fini          0x08009050        0x8 c:/program files (x86)/atollic/truestudio for stm32 9.3.0/armtools/bin/../lib/gcc/arm-atollic-eabi/6.3.1/armv6-m/crtn.o
                0x08009058                . = ALIGN (0x4)
                0x08009058                _etext = .

.vfp11_veneer   0x08009058        0x0
 .vfp11_veneer  0x08009058        0x0 linker stubs

.v4_bx          0x08009058        0x0
 .v4_bx         0x08009058        0x0 linker stubs

.iplt           0x08009058        0x0
 .iplt          0x08009058        0x0 c:/program files (x86)/atollic/truestudio for stm32 9.3.0/armtools/bin/../lib/gcc/arm-atollic-eabi/6.3.1/armv6-m/crtbegin.o

.rodata         0x08009058      0x42c
                0x08009058                . = ALIGN (0x4)
 *(.rodata)
 .rodata        0x08009058        0xc c:/program files (x86)/atollic/truestudio for stm32 9.3.0/armtools/bin/../lib/gcc/arm-atollic-eabi/6.3.1/../../../../arm-atollic-eabi/lib/armv6-m\libc_nano.a(lib_a-nano-vfscanf_i.o)
 .rodata        0x08009064       0x40 c:/program files (x86)/atollic/truestudio for stm32 9.3.0/armtools/bin/../lib/gcc/arm-atollic-eabi/6.3.1/armv6-m\libgcc.a(divdf3.o)
 .rodata        0x080090a4       0x40 c:/program files (x86)/atollic/truestudio for stm32 9.3.0/armtools/bin/../lib/gcc/arm-atollic-eabi/6.3.1/armv6-m\libgcc.a(muldf3.o)
 *(.rodata*)
 .rodata.CSWTCH.55
                0x080090e4        0x4 Drivers\STM32L0xx_HAL_Driver\Src\stm32l0xx_hal_uart.o
 .rodata.CSWTCH.56
                0x080090e8        0xd Drivers\STM32L0xx_HAL_Driver\Src\stm32l0xx_hal_uart.o
 .rodata.communication_Sync.str1.1
                0x080090f5        0x0 Src\communication.o
                                  0x3 (size before relaxing)
 .rodata.syncStr
                0x080090f5        0x9 Src\communication.o
                0x080090f5                syncStr
 .rodata.errStr
                0x080090fe        0x9 Src\main.o
                0x080090fe                errStr
 .rodata.lcdTest
                0x08009107        0x9 Src\main.o
                0x08009107                lcdTest
 .rodata.main.str1.1
                0x08009110       0x54 Src\main.o
 .rodata.AHBPrescTable
                0x08009164       0x10 Src\system_stm32l0xx.o
                0x08009164                AHBPrescTable
 .rodata.APBPrescTable
                0x08009174        0x8 Src\system_stm32l0xx.o
                0x08009174                APBPrescTable
 .rodata.PLLMulTable
                0x0800917c        0x9 Src\system_stm32l0xx.o
                0x0800917c                PLLMulTable
 .rodata.child_pipe
                0x08009185        0x6 myDrivers\Src\RF24.o
                0x08009185                child_pipe
 .rodata.child_pipe_enable
                0x0800918b        0x6 myDrivers\Src\RF24.o
 .rodata.asciiToSeg
                0x08009191       0x3b myDrivers\Src\glassLCD.o
 .rodata.DAYS_IN_MONTH
                0x080091cc       0x30 c:/program files (x86)/atollic/truestudio for stm32 9.3.0/armtools/bin/../lib/gcc/arm-atollic-eabi/6.3.1/../../../../arm-atollic-eabi/lib/armv6-m\libc_nano.a(lib_a-mktime.o)
 .rodata._DAYS_BEFORE_MONTH
                0x080091fc       0x30 c:/program files (x86)/atollic/truestudio for stm32 9.3.0/armtools/bin/../lib/gcc/arm-atollic-eabi/6.3.1/../../../../arm-atollic-eabi/lib/armv6-m\libc_nano.a(lib_a-mktime.o)
 .rodata.__month_lengths
                0x0800922c       0x60 c:/program files (x86)/atollic/truestudio for stm32 9.3.0/armtools/bin/../lib/gcc/arm-atollic-eabi/6.3.1/../../../../arm-atollic-eabi/lib/armv6-m\libc_nano.a(lib_a-month_lengths.o)
                0x0800922c                __month_lengths
 .rodata._tzset_unlocked_r.str1.1
                0x0800928c       0x3c c:/program files (x86)/atollic/truestudio for stm32 9.3.0/armtools/bin/../lib/gcc/arm-atollic-eabi/6.3.1/../../../../arm-atollic-eabi/lib/armv6-m\libc_nano.a(lib_a-tzset_r.o)
                                 0x4e (size before relaxing)
 .rodata.str1.1
                0x080092c8        0x4 c:/program files (x86)/atollic/truestudio for stm32 9.3.0/armtools/bin/../lib/gcc/arm-atollic-eabi/6.3.1/../../../../arm-atollic-eabi/lib/armv6-m\libc_nano.a(lib_a-tzvars.o)
 .rodata._svfprintf_r.str1.1
                0x080092c8       0x11 c:/program files (x86)/atollic/truestudio for stm32 9.3.0/armtools/bin/../lib/gcc/arm-atollic-eabi/6.3.1/../../../../arm-atollic-eabi/lib/armv6-m\libc_nano.a(lib_a-nano-svfprintf.o)
 .rodata._printf_i.str1.1
                0x080092d9       0x22 c:/program files (x86)/atollic/truestudio for stm32 9.3.0/armtools/bin/../lib/gcc/arm-atollic-eabi/6.3.1/../../../../arm-atollic-eabi/lib/armv6-m\libc_nano.a(lib_a-nano-vfprintf_i.o)
 .rodata._setlocale_r.str1.1
                0x080092fb        0x8 c:/program files (x86)/atollic/truestudio for stm32 9.3.0/armtools/bin/../lib/gcc/arm-atollic-eabi/6.3.1/../../../../arm-atollic-eabi/lib/armv6-m\libc_nano.a(lib_a-locale.o)
                                  0x9 (size before relaxing)
 .rodata.str1.1
                0x08009303        0x2 c:/program files (x86)/atollic/truestudio for stm32 9.3.0/armtools/bin/../lib/gcc/arm-atollic-eabi/6.3.1/../../../../arm-atollic-eabi/lib/armv6-m\libc_nano.a(lib_a-locale.o)
 .rodata.__ssvfscanf_r.str1.1
                0x08009305        0x4 c:/program files (x86)/atollic/truestudio for stm32 9.3.0/armtools/bin/../lib/gcc/arm-atollic-eabi/6.3.1/../../../../arm-atollic-eabi/lib/armv6-m\libc_nano.a(lib_a-nano-svfscanf.o)
 .rodata._scanf_i.str1.1
                0x08009305       0x12 c:/program files (x86)/atollic/truestudio for stm32 9.3.0/armtools/bin/../lib/gcc/arm-atollic-eabi/6.3.1/../../../../arm-atollic-eabi/lib/armv6-m\libc_nano.a(lib_a-nano-vfscanf_i.o)
 .rodata.str1.1
                0x08009317        0x9 c:/program files (x86)/atollic/truestudio for stm32 9.3.0/armtools/bin/../lib/gcc/arm-atollic-eabi/6.3.1/../../../../arm-atollic-eabi/lib/armv6-m\libc_nano.a(lib_a-nano-vfscanf_i.o)
 .rodata._ctype_
                0x08009320      0x101 c:/program files (x86)/atollic/truestudio for stm32 9.3.0/armtools/bin/../lib/gcc/arm-atollic-eabi/6.3.1/../../../../arm-atollic-eabi/lib/armv6-m\libc_nano.a(lib_a-ctype_.o)
                0x08009320                _ctype_
 *fill*         0x08009421        0x3 
 .rodata.__sf_fake_stderr
                0x08009424       0x20 c:/program files (x86)/atollic/truestudio for stm32 9.3.0/armtools/bin/../lib/gcc/arm-atollic-eabi/6.3.1/../../../../arm-atollic-eabi/lib/armv6-m\libc_nano.a(lib_a-findfp.o)
                0x08009424                __sf_fake_stderr
 .rodata.__sf_fake_stdin
                0x08009444       0x20 c:/program files (x86)/atollic/truestudio for stm32 9.3.0/armtools/bin/../lib/gcc/arm-atollic-eabi/6.3.1/../../../../arm-atollic-eabi/lib/armv6-m\libc_nano.a(lib_a-findfp.o)
                0x08009444                __sf_fake_stdin
 .rodata.__sf_fake_stdout
                0x08009464       0x20 c:/program files (x86)/atollic/truestudio for stm32 9.3.0/armtools/bin/../lib/gcc/arm-atollic-eabi/6.3.1/../../../../arm-atollic-eabi/lib/armv6-m\libc_nano.a(lib_a-findfp.o)
                0x08009464                __sf_fake_stdout
                0x08009484                . = ALIGN (0x4)

.ARM.extab
 *(.ARM.extab* .gnu.linkonce.armextab.*)

.ARM            0x08009484        0x8
                0x08009484                __exidx_start = .
 *(.ARM.exidx*)
 .ARM.exidx     0x08009484        0x8 c:/program files (x86)/atollic/truestudio for stm32 9.3.0/armtools/bin/../lib/gcc/arm-atollic-eabi/6.3.1/armv6-m\libgcc.a(_udivmoddi4.o)
                0x0800948c                __exidx_end = .

.rel.dyn        0x0800948c        0x0
 .rel.iplt      0x0800948c        0x0 c:/program files (x86)/atollic/truestudio for stm32 9.3.0/armtools/bin/../lib/gcc/arm-atollic-eabi/6.3.1/armv6-m/crtbegin.o

.preinit_array  0x0800948c        0x0
                0x0800948c                PROVIDE (__preinit_array_start, .)
 *(.preinit_array*)
                0x0800948c                PROVIDE (__preinit_array_end, .)

.init_array     0x0800948c        0x4
                0x0800948c                PROVIDE (__init_array_start, .)
 *(SORT(.init_array.*))
 *(.init_array*)
 .init_array    0x0800948c        0x4 c:/program files (x86)/atollic/truestudio for stm32 9.3.0/armtools/bin/../lib/gcc/arm-atollic-eabi/6.3.1/armv6-m/crtbegin.o
                0x08009490                PROVIDE (__init_array_end, .)

.fini_array     0x08009490        0x4
                [!provide]                PROVIDE (__fini_array_start, .)
 *(SORT(.fini_array.*))
 *(.fini_array*)
 .fini_array    0x08009490        0x4 c:/program files (x86)/atollic/truestudio for stm32 9.3.0/armtools/bin/../lib/gcc/arm-atollic-eabi/6.3.1/armv6-m/crtbegin.o
                [!provide]                PROVIDE (__fini_array_end, .)
                0x08009494                _sidata = LOADADDR (.data)

.data           0x20000000      0x248 load address 0x08009494
                0x20000000                . = ALIGN (0x4)
                0x20000000                _sdata = .
 *(.data)
 *(.data*)
 .data.uwTickFreq
                0x20000000        0x1 Drivers\STM32L0xx_HAL_Driver\Src\stm32l0xx_hal.o
                0x20000000                uwTickFreq
 *fill*         0x20000001        0x3 
 .data.uwTickPrio
                0x20000004        0x4 Drivers\STM32L0xx_HAL_Driver\Src\stm32l0xx_hal.o
                0x20000004                uwTickPrio
 .data.addr     0x20000008       0x10 Src\communication.o
                0x20000008                addr
 .data.syncStruct
                0x20000018       0x10 Src\main.o
                0x20000018                syncStruct
 .data.environ  0x20000028        0x4 Src\syscalls.o
                0x20000028                environ
 .data.SystemCoreClock
                0x2000002c        0x4 Src\system_stm32l0xx.o
                0x2000002c                SystemCoreClock
 .data._impure_ptr
                0x20000030        0x4 c:/program files (x86)/atollic/truestudio for stm32 9.3.0/armtools/bin/../lib/gcc/arm-atollic-eabi/6.3.1/../../../../arm-atollic-eabi/lib/armv6-m\libc_nano.a(lib_a-impure.o)
                0x20000030                _impure_ptr
 .data.impure_data
                0x20000034       0x60 c:/program files (x86)/atollic/truestudio for stm32 9.3.0/armtools/bin/../lib/gcc/arm-atollic-eabi/6.3.1/../../../../arm-atollic-eabi/lib/armv6-m\libc_nano.a(lib_a-impure.o)
 .data._tzname  0x20000094        0x8 c:/program files (x86)/atollic/truestudio for stm32 9.3.0/armtools/bin/../lib/gcc/arm-atollic-eabi/6.3.1/../../../../arm-atollic-eabi/lib/armv6-m\libc_nano.a(lib_a-tzvars.o)
                0x20000094                _tzname
 .data.tzinfo   0x2000009c       0x40 c:/program files (x86)/atollic/truestudio for stm32 9.3.0/armtools/bin/../lib/gcc/arm-atollic-eabi/6.3.1/../../../../arm-atollic-eabi/lib/armv6-m\libc_nano.a(lib_a-gettzinfo.o)
 .data.__global_locale
                0x200000dc      0x16c c:/program files (x86)/atollic/truestudio for stm32 9.3.0/armtools/bin/../lib/gcc/arm-atollic-eabi/6.3.1/../../../../arm-atollic-eabi/lib/armv6-m\libc_nano.a(lib_a-locale.o)
                0x200000dc                __global_locale
                0x20000248                . = ALIGN (0x4)
                0x20000248                _edata = .

.igot.plt       0x20000248        0x0 load address 0x080096dc
 .igot.plt      0x20000248        0x0 c:/program files (x86)/atollic/truestudio for stm32 9.3.0/armtools/bin/../lib/gcc/arm-atollic-eabi/6.3.1/armv6-m/crtbegin.o
                0x20000248                . = ALIGN (0x4)

.bss            0x20000248      0x2dc load address 0x080096dc
                0x20000248                _sbss = .
                0x20000248                __bss_start__ = _sbss
 *(.bss)
 .bss           0x20000248       0x1c c:/program files (x86)/atollic/truestudio for stm32 9.3.0/armtools/bin/../lib/gcc/arm-atollic-eabi/6.3.1/armv6-m/crtbegin.o
 *(.bss*)
 .bss.interruptButton
                0x20000264        0x4 Src\main.o
                0x20000264                interruptButton
 .bss.__env     0x20000268        0x4 Src\syscalls.o
                0x20000268                __env
 .bss.heap_end.5887
                0x2000026c        0x4 Src\syscalls.o
 .bss.c5        0x20000270        0x8 myDrivers\Src\BMP180.o
 .bss.c6        0x20000278        0x8 myDrivers\Src\BMP180.o
 .bss.mc        0x20000280        0x8 myDrivers\Src\BMP180.o
 .bss.md        0x20000288        0x8 myDrivers\Src\BMP180.o
 .bss.p0        0x20000290        0x8 myDrivers\Src\BMP180.o
 .bss.p1        0x20000298        0x8 myDrivers\Src\BMP180.o
 .bss.p2        0x200002a0        0x8 myDrivers\Src\BMP180.o
 .bss.xx0       0x200002a8        0x8 myDrivers\Src\BMP180.o
 .bss.xx1       0x200002b0        0x8 myDrivers\Src\BMP180.o
 .bss.xx2       0x200002b8        0x8 myDrivers\Src\BMP180.o
 .bss.yy0       0x200002c0        0x8 myDrivers\Src\BMP180.o
 .bss.yy1       0x200002c8        0x8 myDrivers\Src\BMP180.o
 .bss.yy2       0x200002d0        0x8 myDrivers\Src\BMP180.o
 .bss._dots     0x200002d8        0x1 myDrivers\Src\glassLCD.o
 .bss._lcdTemp  0x200002d9        0x9 myDrivers\Src\glassLCD.o
 *fill*         0x200002e2        0x2 
 .bss.__malloc_free_list
                0x200002e4        0x4 c:/program files (x86)/atollic/truestudio for stm32 9.3.0/armtools/bin/../lib/gcc/arm-atollic-eabi/6.3.1/../../../../arm-atollic-eabi/lib/armv6-m\libc_nano.a(lib_a-nano-mallocr.o)
                0x200002e4                __malloc_free_list
 .bss.__malloc_sbrk_start
                0x200002e8        0x4 c:/program files (x86)/atollic/truestudio for stm32 9.3.0/armtools/bin/../lib/gcc/arm-atollic-eabi/6.3.1/../../../../arm-atollic-eabi/lib/armv6-m\libc_nano.a(lib_a-nano-mallocr.o)
                0x200002e8                __malloc_sbrk_start
 .bss.__tzname_dst
                0x200002ec        0xb c:/program files (x86)/atollic/truestudio for stm32 9.3.0/armtools/bin/../lib/gcc/arm-atollic-eabi/6.3.1/../../../../arm-atollic-eabi/lib/armv6-m\libc_nano.a(lib_a-tzset_r.o)
 .bss.__tzname_std
                0x200002f7        0xb c:/program files (x86)/atollic/truestudio for stm32 9.3.0/armtools/bin/../lib/gcc/arm-atollic-eabi/6.3.1/../../../../arm-atollic-eabi/lib/armv6-m\libc_nano.a(lib_a-tzset_r.o)
 *fill*         0x20000302        0x2 
 .bss.prev_tzenv
                0x20000304        0x4 c:/program files (x86)/atollic/truestudio for stm32 9.3.0/armtools/bin/../lib/gcc/arm-atollic-eabi/6.3.1/../../../../arm-atollic-eabi/lib/armv6-m\libc_nano.a(lib_a-tzset_r.o)
 .bss._daylight
                0x20000308        0x4 c:/program files (x86)/atollic/truestudio for stm32 9.3.0/armtools/bin/../lib/gcc/arm-atollic-eabi/6.3.1/../../../../arm-atollic-eabi/lib/armv6-m\libc_nano.a(lib_a-tzvars.o)
                0x20000308                _daylight
 .bss._timezone
                0x2000030c        0x4 c:/program files (x86)/atollic/truestudio for stm32 9.3.0/armtools/bin/../lib/gcc/arm-atollic-eabi/6.3.1/../../../../arm-atollic-eabi/lib/armv6-m\libc_nano.a(lib_a-tzvars.o)
                0x2000030c                _timezone
 *(COMMON)
 COMMON         0x20000310        0x4 Drivers\STM32L0xx_HAL_Driver\Src\stm32l0xx_hal.o
                0x20000310                uwTick
 COMMON         0x20000314       0x47 Src\communication.o
                0x20000314                addr_width
                0x20000315                dynamic_payloads_enabled
                0x20000316                RF24_failureDetected
                0x20000318                ce_port
                0x2000031c                ack_payloads_enabled
                0x2000031e                csn_pin
                0x20000320                pipe0_reading_address
                0x20000326                ce_pin
                0x20000328                config_reg
                0x2000032c                txDelay
                0x20000330                csDelay
                0x20000334                csn_port
                0x20000338                _is_p_variant
                0x20000339                payload_size
                0x2000033a                rfBuffer
                0x2000035a                status
 *fill*         0x2000035b        0x1 
 COMMON         0x2000035c      0x1c4 Src\main.o
                0x2000035c                hi2c1
                0x200003a8                weatherData
                0x200003c4                hrtc
                0x200003e8                sendInterval
                0x200003ec                hspi1
                0x20000444                huart2
                0x200004c4                hadc
 COMMON         0x20000520        0x4 c:/program files (x86)/atollic/truestudio for stm32 9.3.0/armtools/bin/../lib/gcc/arm-atollic-eabi/6.3.1/../../../../arm-atollic-eabi/lib/armv6-m\libc_nano.a(lib_a-reent.o)
                0x20000520                errno
                0x20000524                . = ALIGN (0x4)
                0x20000524                _ebss = .
                0x20000524                __bss_end__ = _ebss

._user_heap_stack
                0x20000524      0x600 load address 0x080096dc
                0x20000524                . = ALIGN (0x4)
                0x20000524                PROVIDE (end, .)
                [!provide]                PROVIDE (_end, .)
                0x20000724                . = (. + _Min_Heap_Size)
 *fill*         0x20000524      0x200 
                0x20000b24                . = (. + _Min_Stack_Size)
 *fill*         0x20000724      0x400 
                0x20000b24                . = ALIGN (0x4)

/DISCARD/
 libc.a(*)
 libm.a(*)
 libgcc.a(*)

.ARM.attributes
                0x00000000       0x28
 *(.ARM.attributes)
 .ARM.attributes
                0x00000000       0x1e c:/program files (x86)/atollic/truestudio for stm32 9.3.0/armtools/bin/../lib/gcc/arm-atollic-eabi/6.3.1/armv6-m/crti.o
 .ARM.attributes
                0x0000001e       0x2c c:/program files (x86)/atollic/truestudio for stm32 9.3.0/armtools/bin/../lib/gcc/arm-atollic-eabi/6.3.1/armv6-m/crtbegin.o
 .ARM.attributes
                0x0000004a       0x32 Drivers\STM32L0xx_HAL_Driver\Src\stm32l0xx_hal.o
 .ARM.attributes
                0x0000007c       0x32 Drivers\STM32L0xx_HAL_Driver\Src\stm32l0xx_hal_adc.o
 .ARM.attributes
                0x000000ae       0x32 Drivers\STM32L0xx_HAL_Driver\Src\stm32l0xx_hal_adc_ex.o
 .ARM.attributes
                0x000000e0       0x32 Drivers\STM32L0xx_HAL_Driver\Src\stm32l0xx_hal_cortex.o
 .ARM.attributes
                0x00000112       0x32 Drivers\STM32L0xx_HAL_Driver\Src\stm32l0xx_hal_gpio.o
 .ARM.attributes
                0x00000144       0x32 Drivers\STM32L0xx_HAL_Driver\Src\stm32l0xx_hal_i2c.o
 .ARM.attributes
                0x00000176       0x32 Drivers\STM32L0xx_HAL_Driver\Src\stm32l0xx_hal_i2c_ex.o
 .ARM.attributes
                0x000001a8       0x32 Drivers\STM32L0xx_HAL_Driver\Src\stm32l0xx_hal_pwr.o
 .ARM.attributes
                0x000001da       0x32 Drivers\STM32L0xx_HAL_Driver\Src\stm32l0xx_hal_pwr_ex.o
 .ARM.attributes
                0x0000020c       0x32 Drivers\STM32L0xx_HAL_Driver\Src\stm32l0xx_hal_rcc.o
 .ARM.attributes
                0x0000023e       0x32 Drivers\STM32L0xx_HAL_Driver\Src\stm32l0xx_hal_rcc_ex.o
 .ARM.attributes
                0x00000270       0x32 Drivers\STM32L0xx_HAL_Driver\Src\stm32l0xx_hal_rtc.o
 .ARM.attributes
                0x000002a2       0x32 Drivers\STM32L0xx_HAL_Driver\Src\stm32l0xx_hal_rtc_ex.o
 .ARM.attributes
                0x000002d4       0x32 Drivers\STM32L0xx_HAL_Driver\Src\stm32l0xx_hal_spi.o
 .ARM.attributes
                0x00000306       0x32 Drivers\STM32L0xx_HAL_Driver\Src\stm32l0xx_hal_uart.o
 .ARM.attributes
                0x00000338       0x32 Src\communication.o
 .ARM.attributes
                0x0000036a       0x32 Src\main.o
 .ARM.attributes
                0x0000039c       0x32 Src\stm32l0xx_hal_msp.o
 .ARM.attributes
                0x000003ce       0x32 Src\stm32l0xx_it.o
 .ARM.attributes
                0x00000400       0x32 Src\syscalls.o
 .ARM.attributes
                0x00000432       0x32 Src\system_stm32l0xx.o
 .ARM.attributes
                0x00000464       0x32 myDrivers\Src\BMP180.o
 .ARM.attributes
                0x00000496       0x32 myDrivers\Src\RF24.o
 .ARM.attributes
                0x000004c8       0x32 myDrivers\Src\SHT21.o
 .ARM.attributes
                0x000004fa       0x32 myDrivers\Src\Si1147.o
 .ARM.attributes
                0x0000052c       0x32 myDrivers\Src\glassLCD.o
 .ARM.attributes
                0x0000055e       0x32 myDrivers\Src\rtc.o
 .ARM.attributes
                0x00000590       0x32 myDrivers\Src\sleep.o
 .ARM.attributes
                0x000005c2       0x22 startup\startup_stm32l053xx.o
 .ARM.attributes
                0x000005e4       0x2c c:/program files (x86)/atollic/truestudio for stm32 9.3.0/armtools/bin/../lib/gcc/arm-atollic-eabi/6.3.1/../../../../arm-atollic-eabi/lib/armv6-m\libc_nano.a(lib_a-errno.o)
 .ARM.attributes
                0x00000610       0x2c c:/program files (x86)/atollic/truestudio for stm32 9.3.0/armtools/bin/../lib/gcc/arm-atollic-eabi/6.3.1/../../../../arm-atollic-eabi/lib/armv6-m\libc_nano.a(lib_a-impure.o)
 .ARM.attributes
                0x0000063c       0x2c c:/program files (x86)/atollic/truestudio for stm32 9.3.0/armtools/bin/../lib/gcc/arm-atollic-eabi/6.3.1/../../../../arm-atollic-eabi/lib/armv6-m\libc_nano.a(lib_a-init.o)
 .ARM.attributes
                0x00000668       0x2c c:/program files (x86)/atollic/truestudio for stm32 9.3.0/armtools/bin/../lib/gcc/arm-atollic-eabi/6.3.1/../../../../arm-atollic-eabi/lib/armv6-m\libc_nano.a(lib_a-lcltime.o)
 .ARM.attributes
                0x00000694       0x2c c:/program files (x86)/atollic/truestudio for stm32 9.3.0/armtools/bin/../lib/gcc/arm-atollic-eabi/6.3.1/../../../../arm-atollic-eabi/lib/armv6-m\libc_nano.a(lib_a-lcltime_r.o)
 .ARM.attributes
                0x000006c0       0x2c c:/program files (x86)/atollic/truestudio for stm32 9.3.0/armtools/bin/../lib/gcc/arm-atollic-eabi/6.3.1/../../../../arm-atollic-eabi/lib/armv6-m\libc_nano.a(lib_a-malloc.o)
 .ARM.attributes
                0x000006ec       0x2c c:/program files (x86)/atollic/truestudio for stm32 9.3.0/armtools/bin/../lib/gcc/arm-atollic-eabi/6.3.1/../../../../arm-atollic-eabi/lib/armv6-m\libc_nano.a(lib_a-memcpy-stub.o)
 .ARM.attributes
                0x00000718       0x2c c:/program files (x86)/atollic/truestudio for stm32 9.3.0/armtools/bin/../lib/gcc/arm-atollic-eabi/6.3.1/../../../../arm-atollic-eabi/lib/armv6-m\libc_nano.a(lib_a-memset.o)
 .ARM.attributes
                0x00000744       0x2c c:/program files (x86)/atollic/truestudio for stm32 9.3.0/armtools/bin/../lib/gcc/arm-atollic-eabi/6.3.1/../../../../arm-atollic-eabi/lib/armv6-m\libc_nano.a(lib_a-mktime.o)
 .ARM.attributes
                0x00000770       0x2c c:/program files (x86)/atollic/truestudio for stm32 9.3.0/armtools/bin/../lib/gcc/arm-atollic-eabi/6.3.1/../../../../arm-atollic-eabi/lib/armv6-m\libc_nano.a(lib_a-month_lengths.o)
 .ARM.attributes
                0x0000079c       0x2c c:/program files (x86)/atollic/truestudio for stm32 9.3.0/armtools/bin/../lib/gcc/arm-atollic-eabi/6.3.1/../../../../arm-atollic-eabi/lib/armv6-m\libc_nano.a(lib_a-nano-freer.o)
 .ARM.attributes
                0x000007c8       0x2c c:/program files (x86)/atollic/truestudio for stm32 9.3.0/armtools/bin/../lib/gcc/arm-atollic-eabi/6.3.1/../../../../arm-atollic-eabi/lib/armv6-m\libc_nano.a(lib_a-nano-mallocr.o)
 .ARM.attributes
                0x000007f4       0x2c c:/program files (x86)/atollic/truestudio for stm32 9.3.0/armtools/bin/../lib/gcc/arm-atollic-eabi/6.3.1/../../../../arm-atollic-eabi/lib/armv6-m\libc_nano.a(lib_a-sbrkr.o)
 .ARM.attributes
                0x00000820       0x2c c:/program files (x86)/atollic/truestudio for stm32 9.3.0/armtools/bin/../lib/gcc/arm-atollic-eabi/6.3.1/../../../../arm-atollic-eabi/lib/armv6-m\libc_nano.a(lib_a-sprintf.o)
 .ARM.attributes
                0x0000084c       0x1c c:/program files (x86)/atollic/truestudio for stm32 9.3.0/armtools/bin/../lib/gcc/arm-atollic-eabi/6.3.1/../../../../arm-atollic-eabi/lib/armv6-m\libc_nano.a(lib_a-strlen.o)
 .ARM.attributes
                0x00000868       0x2c c:/program files (x86)/atollic/truestudio for stm32 9.3.0/armtools/bin/../lib/gcc/arm-atollic-eabi/6.3.1/../../../../arm-atollic-eabi/lib/armv6-m\libc_nano.a(lib_a-tzcalc_limits.o)
 .ARM.attributes
                0x00000894       0x2c c:/program files (x86)/atollic/truestudio for stm32 9.3.0/armtools/bin/../lib/gcc/arm-atollic-eabi/6.3.1/../../../../arm-atollic-eabi/lib/armv6-m\libc_nano.a(lib_a-tzlock.o)
 .ARM.attributes
                0x000008c0       0x2c c:/program files (x86)/atollic/truestudio for stm32 9.3.0/armtools/bin/../lib/gcc/arm-atollic-eabi/6.3.1/../../../../arm-atollic-eabi/lib/armv6-m\libc_nano.a(lib_a-tzset.o)
 .ARM.attributes
                0x000008ec       0x2c c:/program files (x86)/atollic/truestudio for stm32 9.3.0/armtools/bin/../lib/gcc/arm-atollic-eabi/6.3.1/../../../../arm-atollic-eabi/lib/armv6-m\libc_nano.a(lib_a-tzset_r.o)
 .ARM.attributes
                0x00000918       0x2c c:/program files (x86)/atollic/truestudio for stm32 9.3.0/armtools/bin/../lib/gcc/arm-atollic-eabi/6.3.1/../../../../arm-atollic-eabi/lib/armv6-m\libc_nano.a(lib_a-tzvars.o)
 .ARM.attributes
                0x00000944       0x2c c:/program files (x86)/atollic/truestudio for stm32 9.3.0/armtools/bin/../lib/gcc/arm-atollic-eabi/6.3.1/../../../../arm-atollic-eabi/lib/armv6-m\libc_nano.a(lib_a-div.o)
 .ARM.attributes
                0x00000970       0x2c c:/program files (x86)/atollic/truestudio for stm32 9.3.0/armtools/bin/../lib/gcc/arm-atollic-eabi/6.3.1/../../../../arm-atollic-eabi/lib/armv6-m\libc_nano.a(lib_a-getenv_r.o)
 .ARM.attributes
                0x0000099c       0x2c c:/program files (x86)/atollic/truestudio for stm32 9.3.0/armtools/bin/../lib/gcc/arm-atollic-eabi/6.3.1/../../../../arm-atollic-eabi/lib/armv6-m\libc_nano.a(lib_a-gettzinfo.o)
 .ARM.attributes
                0x000009c8       0x2c c:/program files (x86)/atollic/truestudio for stm32 9.3.0/armtools/bin/../lib/gcc/arm-atollic-eabi/6.3.1/../../../../arm-atollic-eabi/lib/armv6-m\libc_nano.a(lib_a-gmtime_r.o)
 .ARM.attributes
                0x000009f4       0x2c c:/program files (x86)/atollic/truestudio for stm32 9.3.0/armtools/bin/../lib/gcc/arm-atollic-eabi/6.3.1/../../../../arm-atollic-eabi/lib/armv6-m\libc_nano.a(lib_a-mlock.o)
 .ARM.attributes
                0x00000a20       0x2c c:/program files (x86)/atollic/truestudio for stm32 9.3.0/armtools/bin/../lib/gcc/arm-atollic-eabi/6.3.1/../../../../arm-atollic-eabi/lib/armv6-m\libc_nano.a(lib_a-nano-svfprintf.o)
 .ARM.attributes
                0x00000a4c       0x2c c:/program files (x86)/atollic/truestudio for stm32 9.3.0/armtools/bin/../lib/gcc/arm-atollic-eabi/6.3.1/../../../../arm-atollic-eabi/lib/armv6-m\libc_nano.a(lib_a-nano-vfprintf_i.o)
 .ARM.attributes
                0x00000a78       0x2c c:/program files (x86)/atollic/truestudio for stm32 9.3.0/armtools/bin/../lib/gcc/arm-atollic-eabi/6.3.1/../../../../arm-atollic-eabi/lib/armv6-m\libc_nano.a(lib_a-reent.o)
 .ARM.attributes
                0x00000aa4       0x2c c:/program files (x86)/atollic/truestudio for stm32 9.3.0/armtools/bin/../lib/gcc/arm-atollic-eabi/6.3.1/../../../../arm-atollic-eabi/lib/armv6-m\libc_nano.a(lib_a-sscanf.o)
 .ARM.attributes
                0x00000ad0       0x2c c:/program files (x86)/atollic/truestudio for stm32 9.3.0/armtools/bin/../lib/gcc/arm-atollic-eabi/6.3.1/../../../../arm-atollic-eabi/lib/armv6-m\libc_nano.a(lib_a-stdio.o)
 .ARM.attributes
                0x00000afc       0x1c c:/program files (x86)/atollic/truestudio for stm32 9.3.0/armtools/bin/../lib/gcc/arm-atollic-eabi/6.3.1/../../../../arm-atollic-eabi/lib/armv6-m\libc_nano.a(lib_a-strcmp.o)
 .ARM.attributes
                0x00000b18       0x2c c:/program files (x86)/atollic/truestudio for stm32 9.3.0/armtools/bin/../lib/gcc/arm-atollic-eabi/6.3.1/../../../../arm-atollic-eabi/lib/armv6-m\libc_nano.a(lib_a-strcpy.o)
 .ARM.attributes
                0x00000b44       0x2c c:/program files (x86)/atollic/truestudio for stm32 9.3.0/armtools/bin/../lib/gcc/arm-atollic-eabi/6.3.1/../../../../arm-atollic-eabi/lib/armv6-m\libc_nano.a(lib_a-strncmp.o)
 .ARM.attributes
                0x00000b70       0x2c c:/program files (x86)/atollic/truestudio for stm32 9.3.0/armtools/bin/../lib/gcc/arm-atollic-eabi/6.3.1/../../../../arm-atollic-eabi/lib/armv6-m\libc_nano.a(lib_a-strtoul.o)
 .ARM.attributes
                0x00000b9c       0x2c c:/program files (x86)/atollic/truestudio for stm32 9.3.0/armtools/bin/../lib/gcc/arm-atollic-eabi/6.3.1/../../../../arm-atollic-eabi/lib/armv6-m\libc_nano.a(lib_a-envlock.o)
 .ARM.attributes
                0x00000bc8       0x2c c:/program files (x86)/atollic/truestudio for stm32 9.3.0/armtools/bin/../lib/gcc/arm-atollic-eabi/6.3.1/../../../../arm-atollic-eabi/lib/armv6-m\libc_nano.a(lib_a-locale.o)
 .ARM.attributes
                0x00000bf4       0x2c c:/program files (x86)/atollic/truestudio for stm32 9.3.0/armtools/bin/../lib/gcc/arm-atollic-eabi/6.3.1/../../../../arm-atollic-eabi/lib/armv6-m\libc_nano.a(lib_a-mbtowc_r.o)
 .ARM.attributes
                0x00000c20       0x2c c:/program files (x86)/atollic/truestudio for stm32 9.3.0/armtools/bin/../lib/gcc/arm-atollic-eabi/6.3.1/../../../../arm-atollic-eabi/lib/armv6-m\libc_nano.a(lib_a-memchr-stub.o)
 .ARM.attributes
                0x00000c4c       0x2c c:/program files (x86)/atollic/truestudio for stm32 9.3.0/armtools/bin/../lib/gcc/arm-atollic-eabi/6.3.1/../../../../arm-atollic-eabi/lib/armv6-m\libc_nano.a(lib_a-memmove.o)
 .ARM.attributes
                0x00000c78       0x2c c:/program files (x86)/atollic/truestudio for stm32 9.3.0/armtools/bin/../lib/gcc/arm-atollic-eabi/6.3.1/../../../../arm-atollic-eabi/lib/armv6-m\libc_nano.a(lib_a-nano-reallocr.o)
 .ARM.attributes
                0x00000ca4       0x2c c:/program files (x86)/atollic/truestudio for stm32 9.3.0/armtools/bin/../lib/gcc/arm-atollic-eabi/6.3.1/../../../../arm-atollic-eabi/lib/armv6-m\libc_nano.a(lib_a-nano-svfscanf.o)
 .ARM.attributes
                0x00000cd0       0x2c c:/program files (x86)/atollic/truestudio for stm32 9.3.0/armtools/bin/../lib/gcc/arm-atollic-eabi/6.3.1/../../../../arm-atollic-eabi/lib/armv6-m\libc_nano.a(lib_a-nano-vfscanf_i.o)
 .ARM.attributes
                0x00000cfc       0x2c c:/program files (x86)/atollic/truestudio for stm32 9.3.0/armtools/bin/../lib/gcc/arm-atollic-eabi/6.3.1/../../../../arm-atollic-eabi/lib/armv6-m\libc_nano.a(lib_a-sccl.o)
 .ARM.attributes
                0x00000d28       0x2c c:/program files (x86)/atollic/truestudio for stm32 9.3.0/armtools/bin/../lib/gcc/arm-atollic-eabi/6.3.1/../../../../arm-atollic-eabi/lib/armv6-m\libc_nano.a(lib_a-strtol.o)
 .ARM.attributes
                0x00000d54       0x2c c:/program files (x86)/atollic/truestudio for stm32 9.3.0/armtools/bin/../lib/gcc/arm-atollic-eabi/6.3.1/../../../../arm-atollic-eabi/lib/armv6-m\libc_nano.a(lib_a-ungetc.o)
 .ARM.attributes
                0x00000d80       0x2c c:/program files (x86)/atollic/truestudio for stm32 9.3.0/armtools/bin/../lib/gcc/arm-atollic-eabi/6.3.1/../../../../arm-atollic-eabi/lib/armv6-m\libc_nano.a(lib_a-wctomb_r.o)
 .ARM.attributes
                0x00000dac       0x2c c:/program files (x86)/atollic/truestudio for stm32 9.3.0/armtools/bin/../lib/gcc/arm-atollic-eabi/6.3.1/../../../../arm-atollic-eabi/lib/armv6-m\libc_nano.a(lib_a-ctype_.o)
 .ARM.attributes
                0x00000dd8       0x2c c:/program files (x86)/atollic/truestudio for stm32 9.3.0/armtools/bin/../lib/gcc/arm-atollic-eabi/6.3.1/../../../../arm-atollic-eabi/lib/armv6-m\libc_nano.a(lib_a-findfp.o)
 .ARM.attributes
                0x00000e04       0x2c c:/program files (x86)/atollic/truestudio for stm32 9.3.0/armtools/bin/../lib/gcc/arm-atollic-eabi/6.3.1/../../../../arm-atollic-eabi/lib/armv6-m\libc_nano.a(lib_a-nano-msizer.o)
 .ARM.attributes
                0x00000e30       0x1e c:/program files (x86)/atollic/truestudio for stm32 9.3.0/armtools/bin/../lib/gcc/arm-atollic-eabi/6.3.1/armv6-m\libgcc.a(_thumb1_case_uqi.o)
 .ARM.attributes
                0x00000e4e       0x1e c:/program files (x86)/atollic/truestudio for stm32 9.3.0/armtools/bin/../lib/gcc/arm-atollic-eabi/6.3.1/armv6-m\libgcc.a(_udivsi3.o)
 .ARM.attributes
                0x00000e6c       0x1e c:/program files (x86)/atollic/truestudio for stm32 9.3.0/armtools/bin/../lib/gcc/arm-atollic-eabi/6.3.1/armv6-m\libgcc.a(_divsi3.o)
 .ARM.attributes
                0x00000e8a       0x1e c:/program files (x86)/atollic/truestudio for stm32 9.3.0/armtools/bin/../lib/gcc/arm-atollic-eabi/6.3.1/armv6-m\libgcc.a(_dvmd_tls.o)
 .ARM.attributes
                0x00000ea8       0x1e c:/program files (x86)/atollic/truestudio for stm32 9.3.0/armtools/bin/../lib/gcc/arm-atollic-eabi/6.3.1/armv6-m\libgcc.a(_aeabi_uldivmod.o)
 .ARM.attributes
                0x00000ec6       0x2c c:/program files (x86)/atollic/truestudio for stm32 9.3.0/armtools/bin/../lib/gcc/arm-atollic-eabi/6.3.1/armv6-m\libgcc.a(_fixunsdfsi.o)
 .ARM.attributes
                0x00000ef2       0x2c c:/program files (x86)/atollic/truestudio for stm32 9.3.0/armtools/bin/../lib/gcc/arm-atollic-eabi/6.3.1/armv6-m\libgcc.a(_udivmoddi4.o)
 .ARM.attributes
                0x00000f1e       0x2c c:/program files (x86)/atollic/truestudio for stm32 9.3.0/armtools/bin/../lib/gcc/arm-atollic-eabi/6.3.1/armv6-m\libgcc.a(floatunsisf.o)
 .ARM.attributes
                0x00000f4a       0x2c c:/program files (x86)/atollic/truestudio for stm32 9.3.0/armtools/bin/../lib/gcc/arm-atollic-eabi/6.3.1/armv6-m\libgcc.a(adddf3.o)
 .ARM.attributes
                0x00000f76       0x2c c:/program files (x86)/atollic/truestudio for stm32 9.3.0/armtools/bin/../lib/gcc/arm-atollic-eabi/6.3.1/armv6-m\libgcc.a(divdf3.o)
 .ARM.attributes
                0x00000fa2       0x2c c:/program files (x86)/atollic/truestudio for stm32 9.3.0/armtools/bin/../lib/gcc/arm-atollic-eabi/6.3.1/armv6-m\libgcc.a(muldf3.o)
 .ARM.attributes
                0x00000fce       0x2c c:/program files (x86)/atollic/truestudio for stm32 9.3.0/armtools/bin/../lib/gcc/arm-atollic-eabi/6.3.1/armv6-m\libgcc.a(subdf3.o)
 .ARM.attributes
                0x00000ffa       0x2c c:/program files (x86)/atollic/truestudio for stm32 9.3.0/armtools/bin/../lib/gcc/arm-atollic-eabi/6.3.1/armv6-m\libgcc.a(fixdfsi.o)
 .ARM.attributes
                0x00001026       0x2c c:/program files (x86)/atollic/truestudio for stm32 9.3.0/armtools/bin/../lib/gcc/arm-atollic-eabi/6.3.1/armv6-m\libgcc.a(floatsidf.o)
 .ARM.attributes
                0x00001052       0x2c c:/program files (x86)/atollic/truestudio for stm32 9.3.0/armtools/bin/../lib/gcc/arm-atollic-eabi/6.3.1/armv6-m\libgcc.a(floatunsidf.o)
 .ARM.attributes
                0x0000107e       0x2c c:/program files (x86)/atollic/truestudio for stm32 9.3.0/armtools/bin/../lib/gcc/arm-atollic-eabi/6.3.1/armv6-m\libgcc.a(extendsfdf2.o)
 .ARM.attributes
                0x000010aa       0x2c c:/program files (x86)/atollic/truestudio for stm32 9.3.0/armtools/bin/../lib/gcc/arm-atollic-eabi/6.3.1/armv6-m\libgcc.a(truncdfsf2.o)
 .ARM.attributes
                0x000010d6       0x1e c:/program files (x86)/atollic/truestudio for stm32 9.3.0/armtools/bin/../lib/gcc/arm-atollic-eabi/6.3.1/armv6-m\libgcc.a(_arm_cmpdf2.o)
 .ARM.attributes
                0x000010f4       0x1e c:/program files (x86)/atollic/truestudio for stm32 9.3.0/armtools/bin/../lib/gcc/arm-atollic-eabi/6.3.1/armv6-m\libgcc.a(_clzsi2.o)
 .ARM.attributes
                0x00001112       0x1e c:/program files (x86)/atollic/truestudio for stm32 9.3.0/armtools/bin/../lib/gcc/arm-atollic-eabi/6.3.1/armv6-m\libgcc.a(_clzdi2.o)
 .ARM.attributes
                0x00001130       0x2c c:/program files (x86)/atollic/truestudio for stm32 9.3.0/armtools/bin/../lib/gcc/arm-atollic-eabi/6.3.1/armv6-m\libgcc.a(eqdf2.o)
 .ARM.attributes
                0x0000115c       0x2c c:/program files (x86)/atollic/truestudio for stm32 9.3.0/armtools/bin/../lib/gcc/arm-atollic-eabi/6.3.1/armv6-m\libgcc.a(gedf2.o)
 .ARM.attributes
                0x00001188       0x2c c:/program files (x86)/atollic/truestudio for stm32 9.3.0/armtools/bin/../lib/gcc/arm-atollic-eabi/6.3.1/armv6-m\libgcc.a(ledf2.o)
 .ARM.attributes
                0x000011b4       0x1e c:/program files (x86)/atollic/truestudio for stm32 9.3.0/armtools/bin/../lib/gcc/arm-atollic-eabi/6.3.1/armv6-m/crtn.o
OUTPUT(diplomski_outdoor.elf elf32-littlearm)

.debug_info     0x00000000    0x1ee07
 .debug_info    0x00000000      0x924 Drivers\STM32L0xx_HAL_Driver\Src\stm32l0xx_hal.o
 .debug_info    0x00000924      0xf80 Drivers\STM32L0xx_HAL_Driver\Src\stm32l0xx_hal_adc.o
 .debug_info    0x000018a4      0x885 Drivers\STM32L0xx_HAL_Driver\Src\stm32l0xx_hal_adc_ex.o
 .debug_info    0x00002129      0x9fd Drivers\STM32L0xx_HAL_Driver\Src\stm32l0xx_hal_cortex.o
 .debug_info    0x00002b26      0x728 Drivers\STM32L0xx_HAL_Driver\Src\stm32l0xx_hal_gpio.o
 .debug_info    0x0000324e     0x397c Drivers\STM32L0xx_HAL_Driver\Src\stm32l0xx_hal_i2c.o
 .debug_info    0x00006bca      0x935 Drivers\STM32L0xx_HAL_Driver\Src\stm32l0xx_hal_i2c_ex.o
 .debug_info    0x000074ff      0x6be Drivers\STM32L0xx_HAL_Driver\Src\stm32l0xx_hal_pwr.o
 .debug_info    0x00007bbd      0x261 Drivers\STM32L0xx_HAL_Driver\Src\stm32l0xx_hal_pwr_ex.o
 .debug_info    0x00007e1e      0xc46 Drivers\STM32L0xx_HAL_Driver\Src\stm32l0xx_hal_rcc.o
 .debug_info    0x00008a64      0x908 Drivers\STM32L0xx_HAL_Driver\Src\stm32l0xx_hal_rcc_ex.o
 .debug_info    0x0000936c      0xe02 Drivers\STM32L0xx_HAL_Driver\Src\stm32l0xx_hal_rtc.o
 .debug_info    0x0000a16e      0xfa3 Drivers\STM32L0xx_HAL_Driver\Src\stm32l0xx_hal_rtc_ex.o
 .debug_info    0x0000b111     0x1d1b Drivers\STM32L0xx_HAL_Driver\Src\stm32l0xx_hal_spi.o
 .debug_info    0x0000ce2c     0x1ba2 Drivers\STM32L0xx_HAL_Driver\Src\stm32l0xx_hal_uart.o