stm32l0xx_hal_msp.c:64:6:HAL_MspInit	0	static
stm32l0xx_hal_msp.c:86:6:HAL_ADC_MspInit	32	static
stm32l0xx_hal_msp.c:119:6:HAL_ADC_MspDeInit	8	static
stm32l0xx_hal_msp.c:147:6:HAL_I2C_MspInit	32	static
stm32l0xx_hal_msp.c:183:6:HAL_I2C_MspDeInit	8	static
stm32l0xx_hal_msp.c:212:6:HAL_RTC_MspInit	8	static
stm32l0xx_hal_msp.c:237:6:HAL_RTC_MspDeInit	8	static
stm32l0xx_hal_msp.c:262:6:HAL_SPI_MspInit	32	static
stm32l0xx_hal_msp.c:299:6:HAL_SPI_MspDeInit	8	static
stm32l0xx_hal_msp.c:329:6:HAL_UART_MspInit	32	static
stm32l0xx_hal_msp.c:365:6:HAL_UART_MspDeInit	8	static
